Archive member included to satisfy reference by file (symbol)

/opt/esp-open-sdk/sdk/lib/libmain.a(debug-vector.o)
                              (_DebugExceptionVector)
/opt/esp-open-sdk/sdk/lib/libmain.a(double-vector.o)
                              (_DoubleExceptionVector)
/opt/esp-open-sdk/sdk/lib/libmain.a(kernel-vector.o)
                              (_KernelExceptionVector)
/opt/esp-open-sdk/sdk/lib/libmain.a(nmi-vector.o)
                              (_NMIExceptionVector)
/opt/esp-open-sdk/sdk/lib/libmain.a(user-vector.o)
                              (_UserExceptionVector)
/opt/esp-open-sdk/sdk/lib/libmain.a(vector.o)
                              (call_user_start)
/opt/esp-open-sdk/sdk/lib/libmain.a(app_main.o)
                              /opt/esp-open-sdk/sdk/lib/libmain.a(nmi-vector.o) (NMI_Handler)
/opt/esp-open-sdk/sdk/lib/libmain.a(ets_timer.o)
                              /opt/esp-open-sdk/sdk/lib/libmain.a(app_main.o) (ets_timer_setfn)
/opt/esp-open-sdk/sdk/lib/libmain.a(mem_manager.o)
                              /opt/esp-open-sdk/sdk/lib/libmain.a(app_main.o) (pvPortMalloc)
/opt/esp-open-sdk/sdk/lib/libmain.a(spi_flash.o)
                              /opt/esp-open-sdk/sdk/lib/libmain.a(app_main.o) (spi_flash_get_id)
/opt/esp-open-sdk/sdk/lib/libmain.a(user_interface.o)
                              /opt/esp-open-sdk/sdk/lib/libmain.a(app_main.o) (done_cb)
/opt/esp-open-sdk/sdk/lib/libmain.a(eagle_lib.o)
                              /opt/esp-open-sdk/sdk/lib/libmain.a(user_interface.o) (ets_sprintf)
/opt/esp-open-sdk/sdk/lib/libmain.a(eagle_lwip_if.o)
                              /opt/esp-open-sdk/sdk/lib/libmain.a(user_interface.o) (hostname)
/opt/sming/Sming/compiler/lib//libsming.a(crash_handler.o)
                              (custom_crash_callback)
/opt/sming/Sming/compiler/lib//libsming.a(user_main.o)
                              /opt/esp-open-sdk/sdk/lib/libmain.a(app_main.o) (user_init)
/opt/sming/Sming/compiler/lib//libsming.a(System.o)
                              /opt/sming/Sming/compiler/lib//libsming.a(user_main.o) (_ZN11SystemClass10initializeEv)
/opt/sming/Sming/compiler/lib//libsming.a(gdbstub.o)
                              /opt/sming/Sming/compiler/lib//libsming.a(user_main.o) (gdbstub_init)
/opt/sming/Sming/compiler/lib//libsming.a(esp_cplusplus.o)
                              /opt/sming/Sming/compiler/lib//libsming.a(user_main.o) (cpp_core_initialize)
/opt/sming/Sming/compiler/lib//libsming.a(m_printf.o)
                              /opt/sming/Sming/compiler/lib//libsming.a(esp_cplusplus.o) (m_printf)
/opt/sming/Sming/compiler/lib//libsming.a(IPAddress.o)
                              /opt/sming/Sming/compiler/lib//libsming.a(user_main.o) (_ZN9IPAddressC1Ehhhh)
/opt/sming/Sming/compiler/lib//libsming.a(WString.o)
                              /opt/sming/Sming/compiler/lib//libsming.a(IPAddress.o) (_ZN6StringD1Ev)
/opt/sming/Sming/compiler/lib//libsming.a(Print.o)
                              /opt/sming/Sming/compiler/lib//libsming.a(IPAddress.o) (_ZN5Print5printEc)
/opt/sming/Sming/compiler/lib//libsming.a(FakePgmSpace.o)
                              /opt/sming/Sming/compiler/lib//libsming.a(IPAddress.o) (strncpy_P)
/opt/sming/Sming/compiler/lib//libsming.a(gdbstub-entry.o)
                              /opt/sming/Sming/compiler/lib//libsming.a(gdbstub.o) (gdbstub_save_extra_sfrs_for_exception)
/opt/sming/Sming/compiler/lib//libsming.a(stringconversion.o)
                              /opt/sming/Sming/compiler/lib//libsming.a(m_printf.o) (ltoa_wp)
out/build/app_app.a(application.o)
                              /opt/sming/Sming/compiler/lib//libsming.a(user_main.o) (_Z4initv)
/opt/sming/Sming/compiler/lib//libmicroc.a(isspace.o)
                              /opt/sming/Sming/compiler/lib//libsming.a(WString.o) (isspace)
/opt/sming/Sming/compiler/lib//libmicroc.a(tolower.o)
                              /opt/sming/Sming/compiler/lib//libsming.a(WString.o) (tolower)
/opt/sming/Sming/compiler/lib//libmicroc.a(toupper.o)
                              /opt/sming/Sming/compiler/lib//libsming.a(WString.o) (toupper)
/opt/sming/Sming/compiler/lib//libmicroc.a(atof.o)
                              /opt/sming/Sming/compiler/lib//libsming.a(WString.o) (atof)
/opt/sming/Sming/compiler/lib//libmicroc.a(atoi.o)
                              /opt/sming/Sming/compiler/lib//libsming.a(WString.o) (atoi)
/opt/sming/Sming/compiler/lib//libmicroc.a(strtod.o)
                              /opt/sming/Sming/compiler/lib//libmicroc.a(atof.o) (strtod)
/opt/sming/Sming/compiler/lib//libmicroc.a(strtol.o)
                              out/build/app_app.a(application.o) (strtol)
/opt/sming/Sming/compiler/lib//libmicroc.a(__fpclassify.o)
                              /opt/sming/Sming/compiler/lib//libsming.a(Print.o) (__fpclassifyd)
/opt/sming/Sming/compiler/lib//libmicroc.a(strchr.o)
                              /opt/sming/Sming/compiler/lib//libsming.a(WString.o) (strchr)
[...]
Memory Configuration

Name             Origin             Length             Attributes
dport0_0_seg     0x000000003ff00000 0x0000000000000010
dram0_0_seg      0x000000003ffe8000 0x0000000000014000
iram1_0_seg      0x0000000040100000 0x0000000000008000
irom0_0_seg      0x0000000040208000 0x00000000000f8000
*default*        0x0000000000000000 0xffffffffffffffff

Linker script and memory map

START GROUP
LOAD /opt/sming/Sming/compiler/lib//libmicroc.a
LOAD /opt/sming/Sming/compiler/lib//libmicrogcc.a
LOAD /opt/esp-open-sdk/xtensa-lx106-elf/xtensa-lx106-elf/sysroot/usr/lib/libhal.a
LOAD /opt/esp-open-sdk/sdk/lib/libphy.a
LOAD /opt/esp-open-sdk/sdk/lib/libpp.a
LOAD /opt/esp-open-sdk/sdk/lib/libnet80211.a
LOAD /opt/sming/Sming/compiler/lib//liblwip_open.a
LOAD /opt/esp-open-sdk/sdk/lib/libwpa.a
LOAD /opt/esp-open-sdk/sdk/lib/libmain.a
LOAD /opt/sming/Sming/compiler/lib//libsming.a
LOAD /opt/esp-open-sdk/sdk/lib/libcrypto.a
LOAD /opt/sming/Sming/compiler/lib//libpwm_open.a
LOAD /opt/esp-open-sdk/sdk/lib/libsmartconfig.a
LOAD out/build/app_app.a
END GROUP
                [!provide]                        PROVIDE (_memmap_vecbase_reset, 0x40000000)
                0x0000000000000110                _memmap_cacheattr_wb_base = 0x110
                0x0000000000000110                _memmap_cacheattr_wt_base = 0x110
                0x0000000000000220                _memmap_cacheattr_bp_base = 0x220
                0x00000000fffff00f                _memmap_cacheattr_unused_mask = 0xfffff00f
                0x000000002222211f                _memmap_cacheattr_wb_trapnull = 0x2222211f
                0x000000002222211f                _memmap_cacheattr_wba_trapnull = 0x2222211f
                0x000000002222211f                _memmap_cacheattr_wbna_trapnull = 0x2222211f
                0x000000002222211f                _memmap_cacheattr_wt_trapnull = 0x2222211f
                0x000000002222222f                _memmap_cacheattr_bp_trapnull = 0x2222222f
                0x00000000fffff11f                _memmap_cacheattr_wb_strict = 0xfffff11f
                0x00000000fffff11f                _memmap_cacheattr_wt_strict = 0xfffff11f
                0x00000000fffff22f                _memmap_cacheattr_bp_strict = 0xfffff22f
                0x0000000022222112                _memmap_cacheattr_wb_allvalid = 0x22222112
                0x0000000022222112                _memmap_cacheattr_wt_allvalid = 0x22222112
                0x0000000022222222                _memmap_cacheattr_bp_allvalid = 0x22222222
                [!provide]                        PROVIDE (_memmap_cacheattr_reset, _memmap_cacheattr_wb_trapnull)

.dport0.rodata  0x000000003ff00000        0x0
                0x000000003ff00000                _dport0_rodata_start = ABSOLUTE (.)
 *(.dport0.rodata)
 *(.dport.rodata)
                0x000000003ff00000                _dport0_rodata_end = ABSOLUTE (.)

.dport0.literal
                0x000000003ff00000        0x0
                0x000000003ff00000                _dport0_literal_start = ABSOLUTE (.)
 *(.dport0.literal)
 *(.dport.literal)
                0x000000003ff00000                _dport0_literal_end = ABSOLUTE (.)

.dport0.data    0x000000003ff00000        0x0
                0x000000003ff00000                _dport0_data_start = ABSOLUTE (.)
 *(.dport0.data)
 *(.dport.data)
                0x000000003ff00000                _dport0_data_end = ABSOLUTE (.)

.data           0x000000003ffe8000      0x384
                0x000000003ffe8000                _data_start = ABSOLUTE (.)
 *(.data)
 .data          0x000000003ffe8000        0x4 /opt/esp-open-sdk/sdk/lib/libmain.a(nmi-vector.o)
                0x000000003ffe8000                _Pri_3_HandlerAddress
 .data          0x000000003ffe8004        0x1 /opt/esp-open-sdk/sdk/lib/libmain.a(app_main.o)
 *fill*         0x000000003ffe8005        0x3 
 .data          0x000000003ffe8008        0x6 /opt/esp-open-sdk/sdk/lib/libmain.a(user_interface.o)
                0x000000003ffe8009                timer2_ms_flag
                0x000000003ffe800a                dhcps_flag
                0x000000003ffe800b                dhcpc_flag
                0x000000003ffe800d                reconnect_internal
 *fill*         0x000000003ffe800e        0x2 
 .data          0x000000003ffe8010        0x1 /opt/esp-open-sdk/sdk/lib/libmain.a(eagle_lwip_if.o)
                0x000000003ffe8010                default_hostname
 *fill*         0x000000003ffe8011        0xf 
 .data          0x000000003ffe8020       0x53 /opt/esp-open-sdk/sdk/lib/libphy.a(phy_chip_v6.o)
                0x000000003ffe8022                tx_rf_ana_gain
                0x000000003ffe8050                rx_gain_swp
                0x000000003ffe8070                test_rffreq_txcap
 *fill*         0x000000003ffe8073        0x1 
 .data          0x000000003ffe8074        0x1 /opt/esp-open-sdk/sdk/lib/libphy.a(phy_chip_v6_cal.o)
                0x000000003ffe8074                rfcal_bb_atten_init
 *fill*         0x000000003ffe8075        0x3 
 .data          0x000000003ffe8078        0x4 /opt/esp-open-sdk/sdk/lib/libphy.a(phy_sleep.o)
                0x000000003ffe8078                chip_version
 .data          0x000000003ffe807c        0x1 /opt/esp-open-sdk/sdk/lib/libpp.a(pm.o)
 *fill*         0x000000003ffe807d        0x3 
 .data          0x000000003ffe8080        0x1 /opt/esp-open-sdk/sdk/lib/libpp.a(pm_for_bcn_only_mode.o)
 *fill*         0x000000003ffe8081        0x3 
 .data          0x000000003ffe8084       0x1c /opt/esp-open-sdk/sdk/lib/libpp.a(pp.o)
                0x000000003ffe8084                soft_wdt_interval
                0x000000003ffe8088                NoiseTimerInterval
                0x000000003ffe8090                sleep_start_wait_time
                0x000000003ffe8098                CanDoFreqCal
                0x000000003ffe809c                tcb
 .data          0x000000003ffe80a0       0x40 /opt/esp-open-sdk/sdk/lib/libpp.a(rate_control.o)
 .data          0x000000003ffe80e0      0x24c /opt/esp-open-sdk/sdk/lib/libpp.a(trc.o)
 .data          0x000000003ffe832c        0x8 /opt/esp-open-sdk/sdk/lib/libpp.a(wdev.o)
 .data          0x000000003ffe8334        0x1 /opt/esp-open-sdk/sdk/lib/libnet80211.a(ieee80211_hostap.o)
                0x000000003ffe8334                TmpSTAAPCloseAP
 *fill*         0x000000003ffe8335        0x3 
 .data          0x000000003ffe8338        0x1 /opt/esp-open-sdk/sdk/lib/libnet80211.a(wl_cnx.o)
 *fill*         0x000000003ffe8339        0x7 
 .data          0x000000003ffe8340       0x1c /opt/esp-open-sdk/sdk/lib/libnet80211.a(ieee80211_action.o)
 .data          0x000000003ffe835c        0x4 /opt/sming/Sming/compiler/lib//liblwip_open.a(dhcp.o)
 .data          0x000000003ffe8360        0x6 /opt/sming/Sming/compiler/lib//liblwip_open.a(tcp.o)
 *fill*         0x000000003ffe8366        0x2 
 .data          0x000000003ffe8368        0x5 /opt/sming/Sming/compiler/lib//liblwip_open.a(dhcpserver.o)
                0x000000003ffe8368                dhcps_lease_time
 *(.data.*)
 *fill*         0x000000003ffe836d        0x3 
 .data.cbc_printchar
                0x000000003ffe8370        0x4 /opt/sming/Sming/compiler/lib//libsming.a(m_printf.o)
                0x000000003ffe8370                cbc_printchar
 .data.esp8266_gpioToFn
                0x000000003ffe8374       0x10 /opt/sming/Sming/compiler/lib//libsming.a(Digital.o)
                0x000000003ffe8374                esp8266_gpioToFn
 *(.gnu.linkonce.d.*)
 *(.data1)
 *(.sdata)
 *(.sdata.*)
 *(.gnu.linkonce.s.*)
 *(.sdata2)
 *(.sdata2.*)
 *(.gnu.linkonce.s2.*)
 *(.jcr)
                0x000000003ffe8384                _data_end = ABSOLUTE (.)

.irom0.text     0x0000000040208000    0x3686c
                0x0000000040208000                _irom0_text_start = ABSOLUTE (.)
 *libsmartconfig.a:(.literal .text .literal.* .text.*)
 *libstdc++.a:(.literal .text .literal.* .text.*)
 *liblwip_open.a:(.literal .text .literal.* .text.*)
 .text          0x0000000040208000      0x1c9 /opt/sming/Sming/compiler/lib//liblwip_open.a(tcp.o)
                                        0x1f5 (size before relaxing)
 *fill*         0x00000000402081c9        0x3 
 .text          0x00000000402081cc       0x93 /opt/sming/Sming/compiler/lib//liblwip_open.a(timers.o)
                                         0xcb (size before relaxing)
 *fill*         0x000000004020825f        0x0 
 *liblwip_full.a:(.literal .text .literal.* .text.*)
 *liblwip2.a:(.literal .text .literal.* .text.*)
 *libaxtls.a:(.literal .text .literal.* .text.*)
 *libat.a:(.literal.* .text.*)
 *libcrypto.a:(.literal.* .text.*)
 *libespnow.a:(.literal.* .text.*)
 *libjson.a:(.literal.* .text.*)
 *liblwip.a:(.literal.* .text.*)
 *libmesh.a:(.literal.* .text.*)
 *libnet80211.a:(.literal.* .text.*)
 *libsmartconfig.a:(.literal.* .text.*)
 *libssl.a:(.literal.* .text.*)
 *libupgrade.a:(.literal.* .text.*)
 *libwpa.a:(.literal.* .text.*)
 *libwpa2.a:(.literal.* .text.*)
 *libwps.a:(.literal.* .text.*)
 *libmbedtls.a:(.literal.* .text.*)
 *libm.a:(.literal .text .literal.* .text.*)
 *(.rodata._ZTV*)
 *fill*         0x000000004020825f        0x1 
 .rodata._ZTV6VectorI8DelegateIFvvEEE
                0x0000000040208260       0x1c /opt/sming/Sming/compiler/lib//libsming.a(System.o)
                0x0000000040208260                _ZTV6VectorI8DelegateIFvvEEE
 *fill*         0x000000004020827c        0x4 
 .rodata._ZTV6VectorIP19ISystemReadyHandlerE
                0x0000000040208280       0x1c /opt/sming/Sming/compiler/lib//libsming.a(System.o)
                0x0000000040208280                _ZTV6VectorIP19ISystemReadyHandlerE
 *fill*         0x000000004020829c        0x4 
 .rodata._ZTV9IPAddress
                0x00000000402082a0        0xc /opt/sming/Sming/compiler/lib//libsming.a(IPAddress.o)
                0x00000000402082a0                _ZTV9IPAddress
 *fill*         0x00000000402082ac        0x4 
 .rodata._ZTV5Print
                0x00000000402082b0       0x18 /opt/sming/Sming/compiler/lib//libsming.a(Print.o)
                0x00000000402082b0                _ZTV5Print
 .rodata._ZTVN11ArduinoJson9Internals20DynamicStringBuilderE
                0x00000000402082c8       0x18 out/build/app_app.a(application.o)
                0x00000000402082c8                _ZTVN11ArduinoJson9Internals20DynamicStringBuilderE
 .rodata._ZTVN11ArduinoJson9Internals15BlockJsonBufferINS0_16DefaultAllocatorEEE
                0x00000000402082e0        0xc out/build/app_app.a(application.o)
                0x00000000402082e0                _ZTVN11ArduinoJson9Internals15BlockJsonBufferINS0_16DefaultAllocatorEEE
 *fill*         0x00000000402082ec        0x4 
 .rodata._ZTVN11ArduinoJson16StaticJsonBufferILj500EEE
                0x00000000402082f0        0xc out/build/app_app.a(application.o)
                0x00000000402082f0                _ZTVN11ArduinoJson16StaticJsonBufferILj500EEE
 *fill*         0x00000000402082fc        0x4 
 .rodata._ZTV6VectorI7BssInfoE
                0x0000000040208300       0x1c out/build/app_app.a(application.o)
                0x0000000040208300                _ZTV6VectorI7BssInfoE
 *fill*         0x000000004020831c        0x4 
 .rodata._ZTV15IDelegateCallerIvIEE
                0x0000000040208320       0x14 out/build/app_app.a(application.o)
                0x0000000040208320                _ZTV15IDelegateCallerIvIEE
 *fill*         0x0000000040208334        0x4 
 .rodata._ZTV14FunctionCallerIPFvvEvIEE
                0x0000000040208338       0x14 out/build/app_app.a(application.o)
                0x0000000040208338                _ZTV14FunctionCallerIPFvvEvIEE
 *fill*         0x000000004020834c        0x4 
 .rodata._ZTV15IDelegateCallerIvIR9TcpClientbEE
                0x0000000040208350       0x14 out/build/app_app.a(application.o)
                0x0000000040208350                _ZTV15IDelegateCallerIvIR9TcpClientbEE
 *fill*         0x0000000040208364        0x4 
 .rodata._ZTV14FunctionCallerIPFvR9TcpClientbEvIS1_bEE
                0x0000000040208368       0x14 out/build/app_app.a(application.o)
                0x0000000040208368                _ZTV14FunctionCallerIPFvR9TcpClientbEvIS1_bEE
 *fill*         0x000000004020837c        0x4 
 .rodata._ZTV15IDelegateCallerIvI6StringhPhhEE
                0x0000000040208380       0x14 out/build/app_app.a(application.o)
                0x0000000040208380                _ZTV15IDelegateCallerIvI6StringhPhhEE
 *fill*         0x0000000040208394        0x4 
 .rodata._ZTV14FunctionCallerIPFv6StringhPhhEvIS0_hS1_hEE
                0x0000000040208398       0x14 out/build/app_app.a(application.o)
                0x0000000040208398                _ZTV14FunctionCallerIPFv6StringhPhhEvIS0_hS1_hEE
 *fill*         0x00000000402083ac        0x4 
 .rodata._ZTV15IDelegateCallerIvI9IPAddressS0_S0_EE
                0x00000000402083b0       0x14 out/build/app_app.a(application.o)
                0x00000000402083b0                _ZTV15IDelegateCallerIvI9IPAddressS0_S0_EE
 *fill*         0x00000000402083c4        0x4 
 .rodata._ZTV14FunctionCallerIPFv9IPAddressS0_S0_EvIS0_S0_S0_EE
                0x00000000402083c8       0x14 out/build/app_app.a(application.o)
                0x00000000402083c8                _ZTV14FunctionCallerIPFv9IPAddressS0_S0_EvIS0_S0_S0_EE
 *fill*         0x00000000402083dc        0x4 
 .rodata._ZTV15IDelegateCallerIvItiEE
                0x00000000402083e0       0x14 out/build/app_app.a(application.o)
                0x00000000402083e0                _ZTV15IDelegateCallerIvItiEE
 *fill*         0x00000000402083f4        0x4 
 .rodata._ZTV14FunctionCallerIPFvtiEvItiEE
                0x00000000402083f8       0x14 out/build/app_app.a(application.o)
                0x00000000402083f8                _ZTV14FunctionCallerIPFvtiEvItiEE
 *fill*         0x000000004020840c        0x4 
 .rodata._ZTV15IDelegateCallerIvIb6VectorI7BssInfoEEE
                0x0000000040208410       0x14 out/build/app_app.a(application.o)
                0x0000000040208410                _ZTV15IDelegateCallerIvIb6VectorI7BssInfoEEE
 *fill*         0x0000000040208424        0x4 
 .rodata._ZTV14FunctionCallerIPFvb6VectorI7BssInfoEEvIbS2_EE
                0x0000000040208428       0x14 out/build/app_app.a(application.o)
                0x0000000040208428                _ZTV14FunctionCallerIPFvb6VectorI7BssInfoEEvIbS2_EE
 *fill*         0x000000004020843c        0x4 
 .rodata._ZTV15IDelegateCallerIvI6StringS0_EE
                0x0000000040208440       0x14 out/build/app_app.a(application.o)
                0x0000000040208440                _ZTV15IDelegateCallerIvI6StringS0_EE
 *fill*         0x0000000040208454        0x4 
 .rodata._ZTV14FunctionCallerIPFv6StringS0_EvIS0_S0_EE
                0x0000000040208458       0x14 out/build/app_app.a(application.o)
                0x0000000040208458                _ZTV14FunctionCallerIPFv6StringS0_EvIS0_S0_EE
 *fill*         0x000000004020846c        0x4 
 .rodata._ZTV5Timer
                0x0000000040208470        0xc /opt/sming/Sming/compiler/lib//libsming.a(Timer.o)
                0x0000000040208470                _ZTV5Timer
 *fill*         0x000000004020847c        0x4 
 .rodata._ZTV14HardwareSerial
                0x0000000040208480       0x2c /opt/sming/Sming/compiler/lib//libsming.a(HardwareSerial.o)
                0x0000000040208480                _ZTV14HardwareSerial
 *fill*         0x00000000402084ac        0x4 
 .rodata._ZTV10MqttClient
                0x00000000402084b0       0x44 /opt/sming/Sming/compiler/lib//libsming.a(MqttClient.o)
                0x00000000402084b0                _ZTV10MqttClient
 *fill*         0x00000000402084f4        0x4 
 .rodata._ZTV9TcpClient
                0x00000000402084f8       0x44 /opt/sming/Sming/compiler/lib//libsming.a(TcpClient.o)
                0x00000000402084f8                _ZTV9TcpClient
 *fill*         0x000000004020853c        0x4 
 .rodata._ZTV19ISystemReadyHandler
                0x0000000040208540       0x14 /opt/sming/Sming/compiler/lib//libsming.a(Station.o)
                0x0000000040208540                _ZTV19ISystemReadyHandler
 *fill*         0x0000000040208554        0x4 
 .rodata._ZTV12StationClass
                0x0000000040208558       0x14 /opt/sming/Sming/compiler/lib//libsming.a(Station.o)
                0x0000000040208558                _ZTV12StationClass
 *fill*         0x000000004020856c        0x4 
 .rodata._ZTV16AccessPointClass
                0x0000000040208570       0x14 /opt/sming/Sming/compiler/lib//libsming.a(AccessPoint.o)
                0x0000000040208570                _ZTV16AccessPointClass
 *fill*         0x0000000040208584        0x4 
 .rodata._ZTV16MemoryDataStream
                0x0000000040208588       0x40 /opt/sming/Sming/compiler/lib//libsming.a(DataSourceStream.o)
                0x0000000040208588                _ZTV16MemoryDataStream
 .rodata._ZTV13TcpConnection
                0x00000000402085c8       0x38 /opt/sming/Sming/compiler/lib//libsming.a(TcpConnection.o)
                0x00000000402085c8                _ZTV13TcpConnection
 .rodata._ZTV6VectorIP19WebSocketConnectionE
                0x0000000040208600       0x1c /opt/sming/Sming/compiler/lib//libsming.a(WebSocketConnection.o)
                0x0000000040208600                _ZTV6VectorIP19WebSocketConnectionE
 *fill*         0x000000004020861c        0x4 
 .rodata._ZTV8WDTClass
                0x0000000040208620       0x14 /opt/sming/Sming/compiler/lib//libsming.a(WDT.o)
                0x0000000040208620                _ZTV8WDTClass
 *(.irom0.literal .irom.literal .irom.text.literal .irom0.text .irom.text .irom.debug.*)
 .irom0.text    0x0000000040208634      0xa71 /opt/esp-open-sdk/sdk/lib/libmain.a(app_main.o)
                                        0xc9d (size before relaxing)
                0x0000000040208818                wdt_init
                0x00000000402088c0                user_uart_wait_tx_fifo_empty
                0x0000000040208b74                user_rf_pre_init
 *fill*         0x00000000402090a5        0x3 
 .irom0.text    0x00000000402090a8      0x186 /opt/esp-open-sdk/sdk/lib/libmain.a(ets_timer.o)
                                        0x1b2 (size before relaxing)
                0x00000000402090b0                ets_timer_done
                0x00000000402090fc                ets_timer_handler_isr
                0x00000000402091cc                ets_timer_init
 *fill*         0x000000004020922e        0x2 
 .irom0.text    0x0000000040209230       0xec /opt/esp-open-sdk/sdk/lib/libmain.a(mem_manager.o)
                                         0xf8 (size before relaxing)
                0x0000000040209230                check_memleak_debug_enable
                0x000000004020929c                xPortGetFreeHeapSize
                0x00000000402092a4                vPortInitialiseBlocks
 .irom0.text    0x000000004020931c     0x3549 /opt/esp-open-sdk/sdk/lib/libmain.a(user_interface.o)
                                       0x3f9d (size before relaxing)
                0x0000000040209320                system_set_os_print
                0x0000000040209330                system_get_os_print
                0x00000000402094f8                system_pp_recycle_rx_pkt
                0x0000000040209514                system_adc_read
                0x0000000040209554                system_adc_read_fast
                0x00000000402095b4                system_get_vdd33
                0x00000000402095e0                system_restart_hook
                0x00000000402095f8                system_restart_local
                0x00000000402096d8                system_restart
                0x0000000040209734                system_restore
                0x000000004020979c                system_get_flash_size_map
                0x00000000402097bc                system_get_boot_version
                0x00000000402097f4                system_get_test_result
                0x000000004020981c                system_get_userbin_addr
                0x00000000402098b4                system_get_boot_mode
                0x00000000402098e4                system_restart_enhance
                0x0000000040209a14                system_upgrade_userbin_set
                0x0000000040209a60                system_upgrade_userbin_check
                0x0000000040209aa0                system_upgrade_flag_set
                0x0000000040209ab4                system_upgrade_flag_check
                0x0000000040209adc                system_upgrade_reboot
                0x0000000040209c10                system_deep_sleep_instant
                0x0000000040209da8                system_deep_sleep
                0x0000000040209e08                system_deep_sleep_set_option
                0x0000000040209e24                system_phy_temperature_alert
                0x0000000040209e38                system_phy_set_max_tpw
                0x0000000040209e4c                system_phy_set_tpw_via_vdd33
                0x0000000040209e60                system_phy_set_rfoption
                0x0000000040209e74                system_phy_set_powerup_option
                0x0000000040209e8c                system_update_cpu_freq
                0x0000000040209ee8                system_get_cpu_freq
                0x0000000040209f00                system_overclock
                0x0000000040209f2c                system_restoreclock
                0x0000000040209f5c                system_timer_reinit
                0x0000000040209f74                system_relative_time
                0x0000000040209f98                system_station_got_ip_set
                0x000000004020a0c4                system_print_meminfo
                0x000000004020a124                system_get_free_heap_size
                0x000000004020a13c                system_get_chip_id
                0x000000004020a160                system_rtc_clock_cali_proc
                0x000000004020a174                system_get_rtc_time
                0x000000004020a188                system_mktime
                0x000000004020a258                system_init_done_cb
                0x000000004020a260                system_get_rst_info
                0x000000004020a268                system_get_data_of_array_8
                0x000000004020a28c                system_get_data_of_array_16
                0x000000004020a2b4                system_get_string_from_flash
                0x000000004020a320                wifi_softap_dhcps_start
                0x000000004020a368                wifi_softap_dhcps_stop
                0x000000004020a3a8                wifi_softap_dhcps_status
                0x000000004020a3b0                wifi_station_dhcpc_start
                0x000000004020a408                wifi_station_dhcpc_stop
                0x000000004020a448                wifi_station_dhcpc_event
                0x000000004020a4bc                wifi_station_dhcpc_set_maxtry
                0x000000004020a4cc                wifi_station_dhcpc_status
                0x000000004020a544                wifi_get_opmode
                0x000000004020a558                wifi_get_opmode_default
                0x000000004020a5d4                wifi_get_broadcast_if
                0x000000004020a610                wifi_set_broadcast_if
                0x000000004020a78c                wifi_set_opmode
                0x000000004020a7a0                wifi_set_opmode_current
                0x000000004020a7b4                system_get_checksum
                0x000000004020a7fc                wifi_param_save_protect_with_check
                0x000000004020a8b8                system_param_save_with_protect
                0x000000004020a960                system_save_sys_param
                0x000000004020a98c                system_param_load
                0x000000004020aac4                wifi_station_get_config
                0x000000004020aad8                wifi_station_get_config_default
                0x000000004020aaf8                wifi_station_get_ap_info
                0x000000004020abb0                wifi_station_ap_number_set
                0x000000004020af44                wifi_station_set_config
                0x000000004020af5c                wifi_station_set_config_current
                0x000000004020af74                wifi_station_restore_config
                0x000000004020af8c                wifi_station_get_current_ap_id
                0x000000004020afa0                wifi_station_ap_check
                0x000000004020afe8                wifi_station_ap_change
                0x000000004020b114                wifi_station_scan
                0x000000004020b160                wifi_station_get_auto_connect
                0x000000004020b174                wifi_station_set_auto_connect
                0x000000004020b1c4                wifi_station_save_pmk2cache
                0x000000004020b278                wifi_station_connect
                0x000000004020b30c                wifi_station_disconnect
                0x000000004020b3cc                wifi_station_get_connect_status
                0x000000004020b3fc                wifi_station_set_reconnect_policy
                0x000000004020b414                wifi_station_get_reconnect_policy
                0x000000004020b41c                wifi_station_get_rssi
                0x000000004020b46c                wifi_station_set_default_hostname
                0x000000004020b4d4                wifi_station_get_hostname
                0x000000004020b504                wifi_station_set_hostname
                0x000000004020b5a4                wifi_softap_cacl_mac
                0x000000004020b614                wifi_softap_set_default_ssid
                0x000000004020b7f4                wifi_softap_get_config
                0x000000004020b808                wifi_softap_get_config_default
                0x000000004020bb5c                wifi_softap_set_config
                0x000000004020bb70                wifi_softap_set_config_current
                0x000000004020bb84                wifi_softap_set_station_info
                0x000000004020bbf0                wifi_softap_get_station_info
                0x000000004020bca0                wifi_softap_free_station_info
                0x000000004020bce8                wifi_softap_get_station_num
                0x000000004020bd3c                wifi_softap_deauth
                0x000000004020bdec                wifi_softap_get_beacon_only_mode
                0x000000004020be00                wifi_softap_set_beacon_only_mode
                0x000000004020be64                wifi_register_user_ie_manufacturer_recv_cb
                0x000000004020be78                wifi_unregister_user_ie_manufacturer_recv_cb
                0x000000004020beac                wifi_set_user_ie
                0x000000004020bfbc                wifi_get_user_ie
                0x000000004020bff0                wifi_get_phy_mode
                0x000000004020bff8                wifi_set_phy_mode
                0x000000004020c0c0                wifi_set_sleep_type
                0x000000004020c0dc                wifi_get_sleep_type
                0x000000004020c0f4                wifi_get_channel
                0x000000004020c10c                wifi_set_channel
                0x000000004020c150                wifi_promiscuous_set_mac
                0x000000004020c1b0                wifi_promiscuous_enable
                0x000000004020c294                wifi_set_promiscuous_rx_cb
                0x000000004020c2a4                wifi_get_ip_info
                0x000000004020c324                wifi_set_ip_info
                0x000000004020c398                wifi_get_macaddr
                0x000000004020c3f8                wifi_set_macaddr
                0x000000004020c514                wifi_enable_6m_rate
                0x000000004020c51c                wifi_get_user_fixed_rate
                0x000000004020c53c                wifi_set_user_fixed_rate
                0x000000004020c55c                wifi_set_user_sup_rate
                0x000000004020c598                wifi_set_user_rate_limit
                0x000000004020c5bc                wifi_get_user_limit_rate_mask
                0x000000004020c5c4                wifi_set_user_limit_rate_mask
                0x000000004020c5dc                wifi_register_send_pkt_freedom_cb
                0x000000004020c5f0                wifi_unregister_send_pkt_freedom_cb
                0x000000004020c5fc                wifi_send_pkt_freedom
                0x000000004020c648                wifi_rfid_locp_recv_open
                0x000000004020c65c                wifi_rfid_locp_recv_close
                0x000000004020c670                wifi_register_rfid_locp_recv_cb
                0x000000004020c684                wifi_unregister_rfid_locp_recv_cb
                0x000000004020c69c                wifi_status_led_install
                0x000000004020c6d0                wifi_status_led_uninstall
                0x000000004020c6f4                wifi_set_status_led_output_level
                0x000000004020c748                wifi_set_event_handler_cb
                0x000000004020c790                system_os_task
                0x000000004020c7cc                system_uart_swap
                0x000000004020c82c                system_uart_de_swap
                0x000000004020c860                system_get_sdk_version
 *fill*         0x000000004020c865        0x3 
 .irom0.text    0x000000004020c868      0x60c /opt/esp-open-sdk/sdk/lib/libmain.a(eagle_lib.o)
                                        0x620 (size before relaxing)
                0x000000004020c868                divide
                0x000000004020c8a4                skip_atoi
                0x000000004020ca24                ets_vsnprintf
                0x000000004020cd84                ets_vsprintf
                0x000000004020cda8                ets_sprintf
                0x000000004020cdd0                ets_strcat
                0x000000004020cdf0                ets_strrchr
                0x000000004020ce1c                ets_strchr
                0x000000004020ce34                bit_popcount
                0x000000004020ce50                ets_snprintf
 .irom0.text    0x000000004020ce74      0x31e /opt/esp-open-sdk/sdk/lib/libmain.a(eagle_lwip_if.o)
                                        0x3e6 (size before relaxing)
                0x000000004020cf2c                eagle_lwip_if_alloc
                0x000000004020d0ec                eagle_lwip_if_free
                0x000000004020d170                eagle_lwip_getif
 *fill*         0x000000004020d192        0x2 
 .irom0.literal
                0x000000004020d194        0x8 /opt/sming/Sming/compiler/lib//libmicroc.a(strtod.o)
                                         0x10 (size before relaxing)
 .irom0.literal
                0x000000004020d19c       0x10 /opt/sming/Sming/compiler/lib//libmicroc.a(strtol.o)
                                         0x2c (size before relaxing)
 .irom0.literal
                0x000000004020d1ac        0x0 /opt/sming/Sming/compiler/lib//libmicroc.a(strchr.o)
                                          0x4 (size before relaxing)
 .irom0.literal
                0x000000004020d1ac        0xc /opt/sming/Sming/compiler/lib//libmicroc.a(strchrnul.o)
 .irom0.literal
                0x000000004020d1b8        0x4 /opt/sming/Sming/compiler/lib//libmicroc.a(malloc.o)
                                         0x14 (size before relaxing)
 .irom0.literal
                0x000000004020d1bc        0x4 /opt/sming/Sming/compiler/lib//libmicroc.a(abort.o)
                                          0x8 (size before relaxing)
 .irom0.literal
                0x000000004020d1c0       0x94 /opt/sming/Sming/compiler/lib//libmicroc.a(floatscan.o)
                                        0x294 (size before relaxing)
 .irom0.literal
                0x000000004020d254       0x24 /opt/sming/Sming/compiler/lib//libmicroc.a(intscan.o)
                                         0x84 (size before relaxing)
 .irom0.literal
                0x000000004020d278        0x0 /opt/sming/Sming/compiler/lib//libmicroc.a(shgetc.o)
                                          0x4 (size before relaxing)
 .irom0.literal
                0x000000004020d278        0x0 /opt/sming/Sming/compiler/lib//libmicroc.a(__uflow.o)
                                          0x4 (size before relaxing)
 .irom0.literal
                0x000000004020d278        0x0 /opt/sming/Sming/compiler/lib//libmicroc.a(__toread.o)
                                          0x4 (size before relaxing)
 .irom0.literal
                0x000000004020d278        0x0 /opt/sming/Sming/compiler/lib//libmicroc.a(fmodl.o)
                                          0x4 (size before relaxing)
 .irom0.literal
                0x000000004020d278        0x4 /opt/sming/Sming/compiler/lib//libmicroc.a(scalbn.o)
                                         0x24 (size before relaxing)
 .irom0.literal
                0x000000004020d27c        0x0 /opt/sming/Sming/compiler/lib//libmicroc.a(scalbnl.o)
                                          0x4 (size before relaxing)
 .irom0.literal
                0x000000004020d27c        0x4 /opt/sming/Sming/compiler/lib//libmicroc.a(__errno_location.o)
 .irom0.literal
                0x000000004020d280       0x10 /opt/sming/Sming/compiler/lib//libmicroc.a(fmod.o)
                                         0x38 (size before relaxing)
 .irom0.literal
                0x000000004020d290        0x4 /opt/sming/Sming/compiler/lib//libmicrogcc.a(_divsf3.o)
                                         0x10 (size before relaxing)
 .irom0.text    0x000000004020d294       0xad /opt/sming/Sming/compiler/lib//libmicroc.a(strtod.o)
                                         0xb1 (size before relaxing)
                0x000000004020d300                strtof
                0x000000004020d31c                strtod
                0x000000004020d330                strtold
 *fill*         0x000000004020d341        0x3 
 .irom0.text    0x000000004020d344       0xd9 /opt/sming/Sming/compiler/lib//libmicroc.a(strtol.o)
                                         0xe1 (size before relaxing)
                0x000000004020d3c0                strtoull
                0x000000004020d3d8                strtoll
                0x000000004020d3f0                strtoul
                0x000000004020d408                strtol
 *fill*         0x000000004020d41d        0x3 
 .irom0.text    0x000000004020d420       0x25 /opt/sming/Sming/compiler/lib//libmicroc.a(strchr.o)
                                         0x29 (size before relaxing)
                0x000000004020d420                strchr
 *fill*         0x000000004020d445        0x3 
 .irom0.text    0x000000004020d448       0x75 /opt/sming/Sming/compiler/lib//libmicroc.a(strchrnul.o)
                0x000000004020d448                __strchrnul
                0x000000004020d448                strchrnul
 *fill*         0x000000004020d4bd        0x3 
 .irom0.text    0x000000004020d4c0       0x65 /opt/sming/Sming/compiler/lib//libmicroc.a(malloc.o)
                0x000000004020d4c0                malloc
                0x000000004020d4d4                free
                0x000000004020d4e8                realloc
                0x000000004020d4fc                zalloc
                0x000000004020d510                calloc
 *fill*         0x000000004020d525        0x3 
 .irom0.text    0x000000004020d528       0x11 /opt/sming/Sming/compiler/lib//libmicroc.a(abort.o)
                0x000000004020d528                abort
 *fill*         0x000000004020d539        0x3 
 .irom0.text    0x000000004020d53c     0x12e0 /opt/sming/Sming/compiler/lib//libmicroc.a(floatscan.o)
                                       0x1320 (size before relaxing)
                0x000000004020e04c                __floatscan
 .irom0.text    0x000000004020e81c      0x489 /opt/sming/Sming/compiler/lib//libmicroc.a(intscan.o)
                                        0x499 (size before relaxing)
                0x000000004020e81c                __intscan
 *fill*         0x000000004020eca5        0x3 
 .irom0.text    0x000000004020eca8       0x95 /opt/sming/Sming/compiler/lib//libmicroc.a(shgetc.o)
                0x000000004020eca8                __shlim
                0x000000004020ecc8                __shgetc
 *fill*         0x000000004020ed3d        0x3 
 .irom0.text    0x000000004020ed40       0x39 /opt/sming/Sming/compiler/lib//libmicroc.a(__uflow.o)
                0x000000004020ed40                __uflow
 *fill*         0x000000004020ed79        0x3 
 .irom0.text    0x000000004020ed7c       0x67 /opt/sming/Sming/compiler/lib//libmicroc.a(__toread.o)
                                         0x6b (size before relaxing)
                0x000000004020ed7c                __toread
                0x000000004020edd4                __toread_needs_stdio_exit
 *fill*         0x000000004020ede3        0x1 
 .irom0.text    0x000000004020ede4        0xf /opt/sming/Sming/compiler/lib//libmicroc.a(fmodl.o)
                                         0x13 (size before relaxing)
                0x000000004020ede4                fmodl
 *fill*         0x000000004020edf3        0x1 
 .irom0.text    0x000000004020edf4       0x8f /opt/sming/Sming/compiler/lib//libmicroc.a(scalbn.o)
                0x000000004020edf4                scalbn
 *fill*         0x000000004020ee83        0x1 
 .irom0.text    0x000000004020ee84        0xf /opt/sming/Sming/compiler/lib//libmicroc.a(scalbnl.o)
                                         0x13 (size before relaxing)
                0x000000004020ee84                scalbnl
 *fill*         0x000000004020ee93        0x1 
 .irom0.text    0x000000004020ee94        0x5 /opt/sming/Sming/compiler/lib//libmicroc.a(__errno_location.o)
                0x000000004020ee94                __errno_location
 *fill*         0x000000004020ee99        0x3 
 .irom0.text    0x000000004020ee9c      0x1e9 /opt/sming/Sming/compiler/lib//libmicroc.a(fmod.o)
                0x000000004020ee9c                fmod
 *fill*         0x000000004020f085        0x3 
 .irom0.text    0x000000004020f088       0xfa /opt/esp-open-sdk/sdk/lib/libphy.a(phy.o)
                                        0x11e (size before relaxing)
                0x000000004020f08c                rf_init
                0x000000004020f0a8                bb_init
                0x000000004020f0c0                phy_init
                0x000000004020f0f0                RFChannelSel
                0x000000004020f10c                phy_delete_channel
                0x000000004020f124                phy_enable_agc
                0x000000004020f13c                phy_disable_agc
                0x000000004020f154                phy_initialize_bb
                0x000000004020f16c                phy_set_sense
 *fill*         0x000000004020f182        0x2 
 .irom0.text    0x000000004020f184     0x175b /opt/esp-open-sdk/sdk/lib/libphy.a(phy_chip_v6_ana.o)
                                       0x1973 (size before relaxing)
                0x000000004020f188                ram_pbus_set_rxgain
                0x000000004020f260                ram_pbus_debugmode
                0x000000004020f314                ram_pbus_xpd_tx_on
                0x000000004020f380                set_rf_freq_offset
                0x000000004020f3f0                chip_v6_rxmax_ext_ana
                0x000000004020f544                ram_chip_v6_rx_init
                0x000000004020f578                tsen_meas
                0x000000004020f628                readvdd33
                0x000000004020f7f4                txpwr_offset
                0x000000004020f8b0                set_txcap_reg
                0x000000004020f930                ram_ana_inf_gating_en
                0x000000004020fa90                ram_restart_cal
                0x000000004020fafc                wait_rfpll_cal_end
                0x000000004020fb7c                ram_rfpll_set_freq
                0x000000004020fc84                ram_set_channel_freq
                0x000000004020ff80                chip_60_set_channel
                0x0000000040210120                chip_v6_set_chan_offset
                0x0000000040210180                chip_v6_set_chan
                0x0000000040210228                chip_v6_set_chan_wakeup
                0x00000000402102ac                chip_v6_rf_init
                0x0000000040210510                low_power_set
                0x0000000040210560                test_tout
                0x00000000402106d8                check_data_flag
                0x00000000402106f8                phy_get_check_flag
                0x000000004021082c                phy_get_vdd33
 *fill*         0x00000000402108df        0x1 
 .irom0.text    0x00000000402108e0     0x3e84 /opt/esp-open-sdk/sdk/lib/libphy.a(phy_chip_v6.o)
                                       0x453c (size before relaxing)
                0x00000000402108e0                ram_tx_mac_enable
                0x00000000402108e4                ram_tx_mac_disable
                0x00000000402108e8                rtc_mem_backup
                0x0000000040210918                rtc_mem_recovery
                0x0000000040210948                set_cal_rxdc
                0x00000000402109fc                set_rx_gain_cal_iq
                0x0000000040210d54                gen_rx_gain_table
                0x0000000040210eac                pbus_set_rxbbgain
                0x0000000040210f2c                set_rx_gain_testchip_50
                0x0000000040211260                ram_get_corr_power
                0x0000000040211350                check_data_func
                0x0000000040211370                do_noisefloor_lsleep_v50
                0x00000000402113a4                do_noisefloor
                0x0000000040211414                start_dig_rx
                0x0000000040211458                stop_dig_rx
                0x0000000040211484                chip_v6_set_chanfreq
                0x00000000402114b4                tx_cap_init
                0x00000000402116a0                target_power_add_backoff
                0x00000000402116d0                tx_pwctrl_init_cal
                0x0000000040211848                tx_atten_set_interp
                0x0000000040211aa8                check_tx_pwr_cal
                0x0000000040211bec                tx_pwctrl_init
                0x0000000040211d10                ram_get_noisefloor
                0x0000000040211d2c                get_noisefloor_sat
                0x0000000040211d5c                ram_set_noise_floor
                0x0000000040211db8                ram_start_noisefloor
                0x0000000040211e04                read_hw_noisefloor
                0x0000000040211e30                noise_check_loop
                0x0000000040211f8c                noise_init
                0x000000004021218c                target_power_backoff
                0x00000000402121e0                sdt_on_noise_start
                0x0000000040212260                chip_v6_set_chan_rx_cmp
                0x00000000402123ec                chip_v6_set_chan_misc
                0x0000000040212474                phy_dig_spur_set
                0x00000000402127cc                phy_dig_spur_prot
                0x0000000040212a04                chip_v6_rxmax_ext_dig
                0x0000000040212a50                chip_v6_rxmax_ext
                0x0000000040212af8                phy_bb_rx_cfg
                0x0000000040212f10                uart_wait_idle
                0x0000000040212f48                phy_pbus_soc_cfg
                0x0000000040213000                phy_gpio_cfg
                0x0000000040213218                tx_cont_en
                0x00000000402132c0                tx_cont_dis
                0x0000000040213314                tx_cont_cfg
                0x0000000040213334                chip_v6_initialize_bb
                0x00000000402134a0                periodic_cal
                0x0000000040213580                bbpll_cal
                0x0000000040213618                periodic_cal_top
                0x0000000040213678                register_chipv6_phy_init_param
                0x0000000040213920                change_bbpll160_sleep
                0x0000000040213ad0                change_bbpll160
                0x0000000040213b08                set_crystal_uart
                0x0000000040213b9c                ant_switch_init
                0x0000000040213c4c                reduce_current_init
                0x0000000040213d38                rtc_mem_check
                0x0000000040213d74                phy_afterwake_set_rfoption
                0x0000000040213d94                deep_sleep_set_option
                0x0000000040213dc0                write_data_to_rtc
                0x0000000040213df8                get_data_from_rtc
                0x0000000040213e78                register_chipv6_phy
                0x0000000040214314                set_dpd_bypass
                0x000000004021433c                set_rf_gain_stage10
                0x000000004021436c                get_vdd33_offset
                0x00000000402143e0                get_phy_target_power
                0x0000000040214494                set_most_pwr_reg
                0x0000000040214568                phy_set_most_tpw
                0x0000000040214588                phy_vdd33_set_tpw
                0x00000000402145a0                get_adc_rand
                0x00000000402145d4                phy_get_rand
                0x00000000402145ec                phy_tx_pwctrl_cali
                0x0000000040214614                phy_check_data_table
                0x0000000040214650                phy_after_init_enrx
                0x00000000402146b4                phy_set_rx11b_reg
                0x00000000402146e8                phy_set_powerup_option
                0x00000000402146f8                phy_get_txpwr_param
                0x0000000040214744                phy_get_rxnf_param
                0x0000000040214750                phy_get_freq_param
 .irom0.text    0x0000000040214764     0x2178 /opt/esp-open-sdk/sdk/lib/libphy.a(phy_chip_v6_cal.o)
                                       0x23a4 (size before relaxing)
                0x0000000040214764                txbbgain2dcoindex
                0x0000000040214784                dcoindex2txbbgain
                0x00000000402147a8                init_cal_dcoffset
                0x000000004021486c                set_rfanagain_dc_reg
                0x0000000040214908                set_txdc_pbus
                0x0000000040214974                get_rf_gain_qdb
                0x000000004021499c                correct_rf_ana_gain
                0x0000000040214aa4                get_sar_dout
                0x0000000040214b30                cal_rf_ana_gain
                0x0000000040214c5c                meas_tone_pwr_db
                0x0000000040214ccc                tx_pwr_backoff
                0x0000000040214e54                get_fcc_1m2m_pwr_offset
                0x0000000040214e90                ram_set_txbb_atten
                0x0000000040214f24                txiq_get_mis_pwr
                0x0000000040214fcc                txiq_cover
                0x00000000402151e8                ram_rfcal_txiq
                0x0000000040215458                rc_cal
                0x0000000040215618                get_target_power_offset
                0x0000000040215720                get_pwctrl_correct
                0x0000000040215778                tx_pwctrl_cal
                0x0000000040215a74                tx_pwctrl_bg_init
                0x0000000040215aec                tx_pwctrl_background
                0x0000000040215ba4                read_sar_dout
                0x0000000040215c08                ram_get_fm_sar_dout
                0x0000000040215cac                ram_cal_tos_v60
                0x0000000040215e7c                ram_get_bb_atten
                0x0000000040215eac                ram_rfcal_txcap
                0x0000000040216070                ram_rfcal_pwrctrl
                0x0000000040216298                ram_rxiq_get_mis
                0x0000000040216468                ram_rxiq_cover_mg_mp
                0x000000004021660c                ram_rfcal_rxiq
                0x0000000040216818                dpd_scale_set
                0x0000000040216860                dpd_mem_write
 .irom0.text    0x00000000402168dc      0xd96 /opt/esp-open-sdk/sdk/lib/libphy.a(phy_sleep.o)
                                        0xfc6 (size before relaxing)
                0x00000000402168dc                pm_usec2rtc
                0x0000000040216910                pm_rtc2usec
                0x0000000040216920                pm_set_sleep_cycles
                0x0000000040216944                pm_sleep_opt
                0x0000000040216a88                pm_wakeup_opt
                0x0000000040216ac0                get_chip_version
                0x0000000040216b00                pm_sleep_opt_bb_off
                0x0000000040216b40                pm_sleep_opt_bb_on
                0x0000000040216b88                pm_set_pll_xtal_wait_time
                0x0000000040216bb4                pm_prepare_to_sleep
                0x0000000040216bbc                pm_sdio_nidle
                0x0000000040216c30                chg_lslp_mem_opt_8266
                0x0000000040216c60                pm_goto_sleep
                0x0000000040216dac                pm_wait4wakeup
                0x0000000040216de8                pm_open_rf
                0x0000000040216e28                pm_sleep_set_mac
                0x0000000040216eac                pm_set_wakeup_mac
                0x0000000040216f44                pm_check_mac_idle
                0x0000000040216f9c                pm_set_sleep_btco
                0x000000004021703c                pm_set_wakeup_btco
                0x0000000040217154                pm_set_sleep_mode
                0x0000000040217270                pm_unmask_bt
                0x00000000402172d8                pm_wakeup_init
                0x0000000040217518                sleep_opt_8266
                0x0000000040217538                sleep_opt_bb_on_8266
                0x0000000040217570                sleep_reset_analog_rtcreg_8266
 *fill*         0x0000000040217672        0x2 
 .irom0.text    0x0000000040217674      0x469 /opt/esp-open-sdk/sdk/lib/libpp.a(if_hwctrl.o)
                                        0x581 (size before relaxing)
                0x0000000040217694                ic_get_addr
                0x00000000402176a0                ic_set_opmode
                0x00000000402176b4                ic_enable_interface
                0x0000000040217704                ic_interface_enabled
                0x0000000040217718                ic_disable_interface
                0x0000000040217760                ic_is_pure_sta
                0x000000004021777c                ic_get_ptk_alg
                0x000000004021778c                ic_get_gtk_alg
                0x000000004021779c                ic_set_ptk_alg
                0x00000000402177ac                ic_set_gtk_alg
                0x00000000402177bc                ic_interface_is_p2p
                0x0000000040217854                ic_set_vif
                0x0000000040217914                ic_set_sta
                0x00000000402179ec                ic_bss_info_update
                0x0000000040217a48                ic_set_key
                0x0000000040217aa4                ic_remove_key
                0x0000000040217ab8                ic_get_rssi
 *fill*         0x0000000040217add        0x3 
 .irom0.text    0x0000000040217ae0      0x100 /opt/esp-open-sdk/sdk/lib/libpp.a(lmac.o)
                                        0x118 (size before relaxing)
                0x0000000040217ae4                lmacInitAc
                0x0000000040217b18                lmacInit
                0x0000000040217bc4                lmacSetRetryLimit
 .irom0.text    0x0000000040217be0     0x19f5 /opt/esp-open-sdk/sdk/lib/libpp.a(pm.o)
                                       0x1f91 (size before relaxing)
                0x0000000040217be8                pm_rtc_clock_cali_proc
                0x0000000040217c20                pm_get_ck170_period
                0x0000000040217c44                pm_set_sleep_time
                0x0000000040217fc8                pm_rf_is_closed
                0x0000000040217ff8                pm_set_sleep_type_from_upper
                0x00000000402180e8                pm_get_sleep_type
                0x00000000402182a4                uart_tx_flush
                0x00000000402182a8                pm_suspend
                0x00000000402184c8                pm_shutdown
                0x0000000040218590                pm_reset_idle_sleep
                0x00000000402185d0                pm_idle_sleep
                0x00000000402185dc                pm_open
                0x00000000402186b8                pm_onBcnRx
                0x0000000040218a50                StopLightSleepSetFunc
                0x0000000040218a58                LightSleepWakedCbSetFunc
                0x0000000040219014                pm_enable_gpio_wakeup
                0x000000004021904c                pm_attach
                0x0000000040219140                pm_send_nullfunc
                0x00000000402192e4                pm_is_waked
                0x00000000402192fc                pm_is_open
                0x0000000040219314                pm_scan_lock
                0x000000004021933c                pm_try_scan_unlock
                0x0000000040219354                pm_force_scan_unlock
                0x00000000402193f8                pm_scan_unlocked
                0x000000004021940c                pm_allow_tx
                0x0000000040219428                pm_assoc_parse
                0x0000000040219440                pm_set_addr
                0x0000000040219460                pm_sleep_for
                0x0000000040219490                pm_post
                0x0000000040219594                pm_get_idle_wait_time
 *fill*         0x00000000402195d5        0x3 
 .irom0.text    0x00000000402195d8      0xb48 /opt/esp-open-sdk/sdk/lib/libpp.a(pm_for_bcn_only_mode.o)
                                        0xf0c (size before relaxing)
                0x00000000402195ec                wifi_fpm_set_sleep_type
                0x00000000402195ec                fpm_set_type_from_upper
                0x00000000402196a8                wifi_fpm_get_sleep_type
                0x00000000402196a8                fpm_get_slp_type
                0x00000000402196b0                fpm_rf_is_closed
                0x00000000402196c4                fpm_is_open
                0x00000000402196d0                fpm_allow_tx
                0x00000000402196f4                wifi_fpm_close
                0x00000000402196f4                fpm_close
                0x0000000040219770                wifi_fpm_open
                0x0000000040219770                fpm_open
                0x00000000402197d8                fpm_attach
                0x00000000402199bc                wifi_fpm_set_wakeup_cb
                0x00000000402199bc                fpm_set_wakeup_cb
                0x0000000040219b00                wifi_fpm_do_wakeup
                0x0000000040219b00                fpm_do_wakeup
                0x000000004021a038                fpm_do_sleep
                0x000000004021a038                wifi_fpm_do_sleep
                0x000000004021a0d8                fpm_auto_sleep_set_in_null_mode
                0x000000004021a0d8                wifi_fpm_auto_sleep_set_in_null_mode
                0x000000004021a118                get_fpm_auto_sleep_flag
 .irom0.text    0x000000004021a120     0x15ba /opt/esp-open-sdk/sdk/lib/libpp.a(pp.o)
                                       0x19a2 (size before relaxing)
                0x000000004021a12c                PPWdtReset
                0x000000004021a160                pp_soft_wdt_init
                0x000000004021a180                system_soft_wdt_feed
                0x000000004021a180                pp_soft_wdt_feed
                0x000000004021a19c                pp_soft_wdt_stop
                0x000000004021a19c                system_soft_wdt_stop
                0x000000004021a1c8                pp_soft_wdt_restart
                0x000000004021a1c8                system_soft_wdt_restart
                0x000000004021a200                RxNodeNum
                0x000000004021a218                TxNodeNum
                0x000000004021a23c                pp_disable_noise_timer
                0x000000004021a25c                pp_enable_noise_timer
                0x000000004021a36c                pp_noise_test
                0x000000004021a37c                reset_noise_timer
                0x000000004021a3b4                pp_disable_idle_timer
                0x000000004021a3d8                pp_enable_idle_timer
                0x000000004021a400                pp_try_enable_idle_timer
                0x000000004021a43c                ppPeocessRxPktHdr
                0x000000004021a770                HdlAllBuffedEb
                0x000000004021a7f8                ppTxPkt
                0x000000004021a970                ppProcessWaitQ
                0x000000004021a980                ppRegisterTxCallback
                0x000000004021a9a8                ppUnregisterTxCallback
                0x000000004021a9dc                ppRecycleRxPkt
                0x000000004021aa3c                ppCheckTxIdle
                0x000000004021acb8                pp_tx_idle_timeout
                0x000000004021ae7c                DefFreqCalTimerCB
                0x000000004021b1f8                ppGetTxQFirstAvail_Locked
                0x000000004021b2d8                pp_attach
 *fill*         0x000000004021b6da        0x2 
 .irom0.text    0x000000004021b6dc      0x296 /opt/esp-open-sdk/sdk/lib/libpp.a(rate_control.o)
                                        0x2a2 (size before relaxing)
                0x000000004021b928                RC_SetBasicRate
 *fill*         0x000000004021b972        0x2 
 .irom0.text    0x000000004021b974      0x5e9 /opt/esp-open-sdk/sdk/lib/libpp.a(trc.o)
                                        0x64d (size before relaxing)
                0x000000004021b974                phytype2mode
                0x000000004021b990                rc_set_rate_limit_id
                0x000000004021baac                rcUpdatePhyMode
                0x000000004021bc78                rcAttach
                0x000000004021bcc4                rcGetTrc
                0x000000004021bccc                trc_onDisconnect
                0x000000004021bcd0                trc_onScanStart
                0x000000004021bce4                trc_onScanDone
                0x000000004021bd00                rc_enable_trc
                0x000000004021bdd8                rc_get_mask
                0x000000004021bdec                rc_disable_trc
                0x000000004021be40                rc_disable_trc_by_interface
                0x000000004021be5c                rc_get_sta_trc
                0x000000004021bea0                rc_get_trc
                0x000000004021bf10                rc_get_trc_by_index
                0x000000004021bf30                rc_only_sta_trc
 *fill*         0x000000004021bf5d        0x3 
 .irom0.text    0x000000004021bf60      0xaf7 /opt/esp-open-sdk/sdk/lib/libpp.a(wdev.o)
                                        0xc53 (size before relaxing)
                0x000000004021bf6c                wDev_Option_Init
                0x000000004021c060                wDev_Enable_Beacon_Tsf
                0x000000004021c07c                wDev_Disable_Beacon_Tsf
                0x000000004021c098                wDev_Set_Beacon_Int
                0x000000004021c0a0                wDev_Reset_TBTT
                0x000000004021c0d0                wDev_Get_Next_TBTT
                0x000000004021c34c                wDev_Initialize
                0x000000004021c3bc                wDevForceAck6M
                0x000000004021c3d8                wDev_SetMacAddress
                0x000000004021c474                wDev_SetRxPolicy
                0x000000004021c4c8                wDev_SetBssid
                0x000000004021c5a0                wDev_ClearBssid
                0x000000004021c5d8                wDev_Insert_KeyEntry
                0x000000004021c6cc                wDev_remove_KeyEntry
                0x000000004021c708                wDev_remove_KeyEntry_all_cnx
                0x000000004021c758                wDev_Crypto_Conf
                0x000000004021c7f4                wDev_Crypto_Disable
                0x000000004021c82c                wDevEnableRx
                0x000000004021c854                wdev_go_sniffer
                0x000000004021c930                wdev_set_sniffer_addr
                0x000000004021c988                wdev_exit_sniffer
 *fill*         0x000000004021ca57        0x1 
 .irom0.text    0x000000004021ca58      0x3ed /opt/esp-open-sdk/sdk/lib/libpp.a(esf_buf.o)
                                        0x4c1 (size before relaxing)
                0x000000004021ca60                esf_buf_alloc
                0x000000004021cc48                esf_buf_recycle
                0x000000004021cd88                esf_buf_setup
 *fill*         0x000000004021ce45        0x3 
 .irom0.text    0x000000004021ce48      0x475 /opt/esp-open-sdk/sdk/lib/libnet80211.a(ieee80211.o)
                                        0x545 (size before relaxing)
                0x000000004021cecc                ieee80211_rate_ref_init
                0x000000004021cee0                ieee80211_freedom_inside_cb
                0x000000004021cf10                ieee80211_freedom_init
                0x000000004021cf34                ieee80211_user_ie_init
                0x000000004021cf50                ieee80211_ifattach
                0x000000004021cfb4                ieee80211_mhz2ieee
                0x000000004021d010                ieee80211_chan2ieee
                0x000000004021d02c                ieee80211_ieee2mhz
                0x000000004021d06c                ieee80211_find_channel
                0x000000004021d098                ieee80211_find_channel_byieee
                0x000000004021d0e8                wifi_mode_set
 *fill*         0x000000004021d2bd        0x3 
 .irom0.text    0x000000004021d2c0       0xcf /opt/esp-open-sdk/sdk/lib/libnet80211.a(ieee80211_crypto.o)
                                         0xd7 (size before relaxing)
                0x000000004021d2c0                ieee80211_crypto_attach
                0x000000004021d2c4                ieee80211_crypto_available
                0x000000004021d2c8                ieee80211_crypto_setkey
                0x000000004021d2cc                ieee80211_crypto_encap
                0x000000004021d324                ieee80211_crypto_decap
 *fill*         0x000000004021d38f        0x1 
 .irom0.text    0x000000004021d390       0x4c /opt/esp-open-sdk/sdk/lib/libnet80211.a(ieee80211_ets.o)
                                         0x50 (size before relaxing)
                0x000000004021d394                ieee80211_getmgtframe
 .irom0.text    0x000000004021d3dc     0x1a08 /opt/esp-open-sdk/sdk/lib/libnet80211.a(ieee80211_hostap.o)
                                       0x1f77 (size before relaxing)
                0x000000004021da00                ieee80211_hostap_attach
                0x000000004021dafc                hostap_handle_timer
                0x000000004021db94                hostap_input
                0x000000004021eae0                wifi_softap_start
                0x000000004021ec4c                wifi_softap_stop
 *fill*         0x000000004021ede4        0x0 
 .irom0.text    0x000000004021ede4      0xa82 /opt/esp-open-sdk/sdk/lib/libnet80211.a(ieee80211_ht.o)
                                        0xb4e (size before relaxing)
                0x000000004021edf4                ieee80211_ht_attach
                0x000000004021ee48                ieee80211_ht_node_init
                0x000000004021ee88                ieee80211_ht_node_cleanup
                0x000000004021eec0                ieee80211_parse_htcap
                0x000000004021efa4                ieee80211_ht_updateparams
                0x000000004021f0b8                ieee80211_setup_htrates
                0x000000004021f184                ieee80211_setup_basic_htrates
                0x000000004021f4d0                ieee80211_add_htcap
                0x000000004021f4ec                ieee80211_add_htcap_vendor
                0x000000004021f610                ieee80211_add_htinfo
                0x000000004021f62c                ieee80211_add_htinfo_vendor
 *fill*         0x000000004021f866        0x2 
 .irom0.text    0x000000004021f868      0xa8c /opt/esp-open-sdk/sdk/lib/libnet80211.a(ieee80211_input.o)
                                        0xb1c (size before relaxing)
                0x000000004021f868                ieee80211_deliver_data
                0x000000004021f8bc                ieee80211_decap
                0x000000004021f9c0                ieee80211_setup_rates
                0x000000004021fa30                ieee80211_alloc_challenge
                0x000000004021fa6c                ieee80211_parse_beacon
                0x0000000040220040                ieee80211_parse_wpa
                0x0000000040220154                ieee80211_parse_rsn
                0x0000000040220254                ieee80211_parse_action
                0x00000000402202f0                ieee80211_setup_rateset
 .irom0.text    0x00000000402202f4      0x2a6 /opt/esp-open-sdk/sdk/lib/libnet80211.a(ieee80211_mesh_quick.o)
                                        0x302 (size before relaxing)
                0x0000000040220300                ieee80211_mesh_quick_init
                0x0000000040220370                ieee80211_mesh_quick_deinit
                0x00000000402203a0                ieee80211_mesh_quick_set
                0x000000004022049c                ieee80211_mesh_quick_get
                0x0000000040220568                ieee80211_mesh_quick_ie_add
 *fill*         0x000000004022059a        0x2 
 .irom0.text    0x000000004022059c     0x1c56 /opt/esp-open-sdk/sdk/lib/libnet80211.a(ieee80211_output.o)
                                       0x1ff2 (size before relaxing)
                0x00000000402205a0                ieee80211_output_pbuf
                0x0000000040220810                ieee80211_send_setup
                0x0000000040220944                ieee80211_mgmt_output
                0x0000000040220a28                ieee80211_tx_mgt_cb
                0x0000000040220a2c                ieee80211_send_nulldata
                0x0000000040220e9c                ieee80211_add_rates
                0x0000000040220eec                ieee80211_add_xrates
                0x0000000040220fbc                ieee80211_send_probereq
                0x00000000402211d0                ieee80211_getcapinfo
                0x000000004022122c                ieee80211_send_mgmt
                0x00000000402217d4                ieee80211_alloc_proberesp
                0x00000000402219ac                ieee80211_send_proberesp
                0x0000000040221af4                ieee80211_alloc_deauth
                0x0000000040221b34                ieee80211_send_deauth
                0x0000000040221c70                ieee80211_freedom_output
                0x000000004022205c                ieee80211_beacon_alloc
 *fill*         0x00000000402221f2        0x2 
 .irom0.text    0x00000000402221f4       0xe0 /opt/esp-open-sdk/sdk/lib/libnet80211.a(ieee80211_phy.o)
                                        0x108 (size before relaxing)
                0x00000000402221f4                ieee80211_phy_init
                0x0000000040222228                ieee80211_phy_type_get
                0x0000000040222244                ieee80211_setup_ratetable
 .irom0.text    0x00000000402222d4      0x1b6 /opt/esp-open-sdk/sdk/lib/libnet80211.a(ieee80211_power.o)
                                        0x1f2 (size before relaxing)
                0x00000000402222d4                ieee80211_psq_init
                0x00000000402222f4                ieee80211_psq_cleanup
                0x00000000402222fc                ieee80211_set_tim
                0x000000004022233c                ieee80211_pwrsave
                0x00000000402223a4                pwrsave_flushq
                0x0000000040222454                ieee80211_node_pwrsave
 *fill*         0x000000004022248a        0x2 
 .irom0.text    0x000000004022248c      0x101 /opt/esp-open-sdk/sdk/lib/libnet80211.a(ieee80211_proto.o)
                                        0x129 (size before relaxing)
                0x0000000040222490                ieee80211_proto_attach
                0x00000000402224b8                ieee80211_set_shortslottime
                0x00000000402224d4                ieee80211_iserp_rateset
                0x0000000040222508                ieee80211_wme_initparams
                0x000000004022250c                ieee80211_wme_updateparams
                0x0000000040222514                ieee80211_mlme_connect_bss
 *fill*         0x000000004022258d        0x3 
 .irom0.text    0x0000000040222590       0xaa /opt/esp-open-sdk/sdk/lib/libnet80211.a(ieee80211_rfid.o)
                                         0xd6 (size before relaxing)
                0x0000000040222590                ieee80211_rfid_locp_recv_open
                0x00000000402225c8                ieee80211_rfid_locp_recv_close
                0x00000000402225e0                ieee80211_rfid_locp_recv_reset
                0x0000000040222600                ieee80211_rfid_locp_recv
                0x000000004022261c                register_ieee80211_rfid_locp_recv_cb
                0x0000000040222630                unregister_ieee80211_rfid_locp_recv_cb
 *fill*         0x000000004022263a        0x2 
 .irom0.text    0x000000004022263c      0xf51 /opt/esp-open-sdk/sdk/lib/libnet80211.a(ieee80211_scan.o)
                                       0x12a1 (size before relaxing)
                0x0000000040222648                ieee80211_scan_attach
                0x00000000402226dc                scan_start
                0x000000004022289c                scan_pm_channel_op_cb
                0x0000000040222a3c                scan_cancel
                0x0000000040222b98                scan_add_bssid
                0x0000000040222bbc                scan_remove_bssid
                0x0000000040222bc8                scan_hidden_ssid
                0x0000000040222bd0                scan_add_probe_ssid
                0x0000000040222c24                scan_remove_probe_ssid
                0x0000000040222d60                scan_clear_channles
                0x0000000040222dd4                scan_set_desChan
                0x0000000040222de0                scan_get_type
                0x0000000040222de8                cannel_scan_connect_state
                0x0000000040222e00                scan_connect_state
                0x0000000040222e48                scan_check_hidden
                0x0000000040222e74                scan_profile_check
                0x000000004022321c                scan_parse_beacon
 *fill*         0x000000004022358d        0x3 
 .irom0.text    0x0000000040223590     0x103e /opt/esp-open-sdk/sdk/lib/libnet80211.a(ieee80211_sta.o)
                                       0x12c1 (size before relaxing)
                0x00000000402235ec                sta_status_set
                0x0000000040223658                ieee80211_sta_new_state
                0x00000000402239e8                sta_input
                0x0000000040223f34                ieee80211_parse_wmeparams
                0x0000000040224524                wifi_station_start
                0x0000000040224594                wifi_station_stop
 *fill*         0x00000000402245ce        0x2 
 .irom0.text    0x00000000402245d0      0x29e /opt/esp-open-sdk/sdk/lib/libnet80211.a(wl_chm.o)
                                        0x31e (size before relaxing)
                0x00000000402245dc                chm_init
                0x0000000040224640                chm_acquire_lock
                0x0000000040224684                chm_release_lock
                0x0000000040224698                chm_start_op
                0x000000004022473c                chm_end_op
                0x0000000040224784                chm_cancel_op
                0x00000000402247b8                chm_return_home_channel
                0x00000000402247e8                chm_set_current_channel
                0x0000000040224818                chm_freq2index
                0x0000000040224840                chm_check_same_channel
 *fill*         0x000000004022486e        0x2 
 .irom0.text    0x0000000040224870     0x17d9 /opt/esp-open-sdk/sdk/lib/libnet80211.a(wl_cnx.o)
                                       0x1d4d (size before relaxing)
                0x000000004022487c                cnx_attach
                0x00000000402248bc                cnx_sta_connect_led_timer_cb
                0x0000000040224910                cnx_sta_connect_cmd
                0x00000000402249cc                cnx_sta_scan_cmd
                0x0000000040224c34                cnx_connect_timeout
                0x0000000040224cb0                cnx_auth_timeout
                0x0000000040224cd4                cnx_assoc_timeout
                0x0000000040224cf8                cnx_handshake_timeout
                0x0000000040224d38                cnx_start_handoff_cb
                0x00000000402251a8                cnx_bss_alloc
                0x0000000040225248                cnx_rc_search
                0x00000000402252c8                cnx_add_rc
                0x0000000040225334                cnx_remove_all_rc
                0x0000000040225380                cnx_remove_rc
                0x0000000040225450                cnx_rc_update_rssi
                0x00000000402254d8                cnx_rc_update_state_metric
                0x0000000040225544                cnx_rc_update_age
                0x0000000040225568                cnx_update_bss
                0x000000004022559c                cnx_update_bss_more
                0x0000000040225778                cnx_sta_leave
                0x0000000040225a0c                cnx_sta_associated
                0x0000000040225b14                cnx_node_alloc
                0x0000000040225b88                cnx_node_remove
                0x0000000040225c14                cnx_node_search
                0x0000000040225c90                cnx_node_leave
                0x0000000040225d90                wifi_softap_staconnected_event_policy
                0x0000000040225db8                wifi_softap_toomany_deny
                0x0000000040225df4                cnx_node_join
 *fill*         0x0000000040226049        0x3 
 .irom0.text    0x000000004022604c      0x16f /opt/esp-open-sdk/sdk/lib/libnet80211.a(ieee80211_action.o)
                                        0x193 (size before relaxing)
                0x000000004022605c                ieee80211_send_action_register
                0x0000000040226090                ieee80211_send_action_unregister
                0x00000000402260a4                ieee80211_send_action
                0x0000000040226110                ieee80211_recv_action_register
                0x0000000040226144                ieee80211_recv_action_unregister
                0x0000000040226158                ieee80211_recv_action
 *fill*         0x00000000402261bb        0x1 
 .irom0.text    0x00000000402261bc      0x479 /opt/esp-open-sdk/sdk/lib/libnet80211.a(ieee80211_action_vendor.o)
                                        0x505 (size before relaxing)
                0x00000000402261c0                get_iav_key
                0x00000000402261e0                register_ieee80211_action_vendor_get_key_cb
                0x00000000402261f4                unregister_ieee80211_action_vendor_get_key_cb
                0x0000000040226208                ieee80211_add_action_vendor_spec_esp
                0x0000000040226250                ieee80211_alloc_action_vendor_spec
                0x000000004022633c                ieee80211_send_action_vendor_spec
                0x00000000402264d0                ieee80211_recv_action_vendor_spec
                0x00000000402265d8                ieee80211_action_vendor_spec_attach
                0x0000000040226618                register_ieee80211_action_vendor_spec_cb
                0x000000004022662c                unregister_ieee80211_action_vendor_spec_cb
 *fill*         0x0000000040226635        0x3 
 .irom0.text    0x0000000040226638      0x15d /opt/esp-open-sdk/sdk/lib/libnet80211.a(ieee80211_crypto_ccmp.o)
                                        0x165 (size before relaxing)
 *fill*         0x0000000040226795        0x3 
 .irom0.text    0x0000000040226798      0x23d /opt/esp-open-sdk/sdk/lib/libnet80211.a(ieee80211_ie_vendor.o)
                                        0x25d (size before relaxing)
                0x000000004022679c                ieee80211_add_ie_vendor_esp_head
                0x00000000402267d4                ieee80211_add_ie_vendor_esp_mesh_assoc
                0x0000000040226858                ieee80211_add_ie_vendor_esp_mesh_group
                0x0000000040226888                ieee80211_add_ie_vendor_esp_simple_pair
                0x00000000402268d8                ieee80211_add_ie_vendor_esp_freq_annon
                0x0000000040226910                ieee80211_add_ie_vendor_esp_now
                0x0000000040226948                ieee80211_add_ie_vendor_esp_ssid
                0x0000000040226988                ieee80211_add_ie_vendor_esp_manufacturer
 *fill*         0x00000000402269d5        0x3 
 .irom0.text    0x00000000402269d8     0x13f0 /opt/sming/Sming/compiler/lib//liblwip_open.a(dhcp.o)
                                       0x15d8 (size before relaxing)
                0x0000000040227794                dhcp_set_struct
                0x00000000402277c0                dhcp_cleanup
                0x00000000402277e8                dhcp_inform
                0x0000000040227894                dhcp_network_changed
                0x00000000402278e0                dhcp_arp_reply
                0x0000000040227990                dhcp_renew
                0x0000000040227a74                dhcp_coarse_tmr
                0x0000000040227b00                dhcp_release
                0x0000000040227bd0                dhcp_fine_tmr
                0x0000000040227cc8                dhcp_stop
                0x0000000040227d04                dhcp_start
 .irom0.text    0x0000000040227dc8      0x5c3 /opt/sming/Sming/compiler/lib//liblwip_open.a(dns.o)
                                        0x677 (size before relaxing)
                0x00000000402281cc                dns_setserver
                0x00000000402281f4                dns_init
                0x0000000040228238                dns_getserver
                0x0000000040228250                dns_tmr
                0x0000000040228280                dns_gethostbyname
 *fill*         0x000000004022838b        0x1 
 .irom0.text    0x000000004022838c       0x51 /opt/sming/Sming/compiler/lib//liblwip_open.a(init.o)
                                         0x71 (size before relaxing)
                0x000000004022839c                lwip_init
 *fill*         0x00000000402283dd        0x3 
 .irom0.text    0x00000000402283e0      0x280 /opt/sming/Sming/compiler/lib//liblwip_open.a(netif.o)
                                        0x2dc (size before relaxing)
                0x00000000402283e0                netif_init
                0x00000000402283e4                netif_find
                0x0000000040228418                netif_set_ipaddr
                0x0000000040228484                netif_set_addr
                0x00000000402284b8                netif_add
                0x000000004022852c                netif_set_gw
                0x0000000040228534                netif_set_netmask
                0x000000004022853c                netif_set_default
                0x0000000040228544                netif_set_up
                0x0000000040228580                netif_set_down
                0x00000000402285a0                netif_remove
                0x0000000040228608                netif_set_link_up
                0x0000000040228650                netif_set_link_down
 .irom0.text    0x0000000040228660      0x750 /opt/sming/Sming/compiler/lib//liblwip_open.a(pbuf.o)
                                        0x794 (size before relaxing)
                0x0000000040228660                pbuf_free_ooseq_new
                0x00000000402286bc                pbuf_header
                0x000000004022874c                pbuf_free
                0x00000000402287e4                pbuf_alloc
                0x0000000040228964                pbuf_realloc
                0x00000000402289b0                pbuf_clen
                0x00000000402289c4                pbuf_ref
                0x00000000402289d0                pbuf_cat
                0x0000000040228a04                pbuf_chain
                0x0000000040228a20                pbuf_dechain
                0x0000000040228a58                pbuf_copy
                0x0000000040228b1c                pbuf_copy_partial
                0x0000000040228bb0                pbuf_take
                0x0000000040228c24                pbuf_coalesce
                0x0000000040228c64                pbuf_get_at
                0x0000000040228c88                pbuf_memcmp
                0x0000000040228d04                pbuf_memfind
                0x0000000040228d68                pbuf_strstr
 .irom0.text    0x0000000040228db0      0xb17 /opt/sming/Sming/compiler/lib//liblwip_open.a(tcp.o)
                                        0xc6b (size before relaxing)
                0x0000000040228db0                tcp_bind
                0x0000000040228e38                tcp_listen_with_backlog
                0x0000000040228ef8                tcp_update_rcv_ann_wnd
                0x0000000040228f44                tcp_recved
                0x0000000040228f9c                tcp_seg_free
                0x0000000040228fc8                tcp_segs_free
                0x0000000040228fe8                tcp_setprio
                0x0000000040228ff0                tcp_seg_copy
                0x000000004022902c                tcp_arg
                0x0000000040229030                tcp_recv
                0x0000000040229038                tcp_sent
                0x0000000040229040                tcp_err
                0x0000000040229048                tcp_accept
                0x000000004022904c                tcp_poll
                0x0000000040229054                tcp_pcb_purge
                0x00000000402290b4                tcp_slowtmr
                0x0000000040229364                tcp_pcb_remove
                0x00000000402293d0                tcp_close
                0x00000000402293f8                tcp_recv_null
                0x0000000040229430                tcp_fasttmr
                0x00000000402294c4                tcp_tmr
                0x00000000402294e8                tcp_shutdown
                0x000000004022954c                tcp_abandon
                0x00000000402295ec                tcp_abort
                0x0000000040229604                tcp_next_iss
                0x0000000040229624                tcp_alloc
                0x0000000040229770                tcp_new
                0x0000000040229784                tcp_eff_send_mss
                0x00000000402297b8                tcp_connect
 *fill*         0x00000000402298c7        0x1 
 .irom0.text    0x00000000402298c8      0xf4f /opt/sming/Sming/compiler/lib//liblwip_open.a(tcp_out.o)
                                       0x105b (size before relaxing)
                0x0000000040229ac0                tcp_write
                0x0000000040229de0                tcp_enqueue_flags
                0x0000000040229ea0                tcp_send_fin
                0x0000000040229eec                tcp_send_empty_ack
                0x0000000040229f88                tcp_output
                0x000000004022a3ac                tcp_rst
                0x000000004022a4f0                tcp_rexmit_rto
                0x000000004022a574                tcp_rexmit
                0x000000004022a620                tcp_rexmit_fast
                0x000000004022a684                tcp_keepalive
                0x000000004022a708                tcp_zero_window_probe
 *fill*         0x000000004022a817        0x1 
 .irom0.text    0x000000004022a818      0x283 /opt/sming/Sming/compiler/lib//liblwip_open.a(timers.o)
                                        0x30f (size before relaxing)
                0x000000004022a820                sys_timeout
                0x000000004022a8b0                tcp_timer_needed
                0x000000004022a920                sys_timeouts_init
                0x000000004022a9ac                sys_untimeout
                0x000000004022aa04                sys_check_timeouts
                0x000000004022aa8c                sys_restart_timeouts
 *fill*         0x000000004022aa9b        0x1 
 .irom0.text    0x000000004022aa9c      0x50c /opt/sming/Sming/compiler/lib//liblwip_open.a(udp.o)
                                        0x58c (size before relaxing)
                0x000000004022aaa8                udp_input
                0x000000004022ac78                udp_bind
                0x000000004022acf4                udp_sendto_if
                0x000000004022ae3c                udp_sendto
                0x000000004022ae90                udp_send
                0x000000004022aeac                udp_connect
                0x000000004022af14                udp_disconnect
                0x000000004022af28                udp_recv
                0x000000004022af34                udp_remove
                0x000000004022af70                udp_new
 .irom0.text    0x000000004022afa8      0x220 /opt/sming/Sming/compiler/lib//liblwip_open.a(icmp.o)
                                        0x2a8 (size before relaxing)
                0x000000004022afa8                icmp_input
                0x000000004022b120                icmp_dest_unreach
 .irom0.text    0x000000004022b1c8      0x5b6 /opt/sming/Sming/compiler/lib//liblwip_open.a(igmp.o)
                                        0x636 (size before relaxing)
                0x000000004022b364                igmp_init
                0x000000004022b378                igmp_stop
                0x000000004022b3e4                igmp_report_groups
                0x000000004022b414                igmp_lookfor_group
                0x000000004022b430                igmp_start
                0x000000004022b48c                igmp_input
                0x000000004022b5ac                igmp_joingroup
                0x000000004022b66c                igmp_leavegroup
                0x000000004022b744                igmp_tmr
 *fill*         0x000000004022b77e        0x2 
 .irom0.text    0x000000004022b780      0x384 /opt/sming/Sming/compiler/lib//liblwip_open.a(ip_addr.o)
                                        0x3a8 (size before relaxing)
                0x000000004022b780                ip4_addr_isbroadcast
                0x000000004022b7b8                ip4_addr_netmask_valid
                0x000000004022b808                ipaddr_aton
                0x000000004022b9f8                ipaddr_addr
                0x000000004022ba14                ipaddr_ntoa_r
                0x000000004022baf0                ipaddr_ntoa
 .irom0.text    0x000000004022bb04      0x5c2 /opt/sming/Sming/compiler/lib//liblwip_open.a(ip.o)
                                        0x662 (size before relaxing)
                0x000000004022bb04                ip_route
                0x000000004022bb7c                ip_router
                0x000000004022bbe0                ip_input
                0x000000004022be40                ip_output_if_opt
                0x000000004022c050                ip_output_if
                0x000000004022c078                ip_output
 *fill*         0x000000004022c0c6        0x2 
 .irom0.text    0x000000004022c0c8      0x8a7 /opt/sming/Sming/compiler/lib//liblwip_open.a(etharp.o)
                                        0x9a3 (size before relaxing)
                0x000000004022c260                etharp_tmr
                0x000000004022c2b8                etharp_cleanup_netif
                0x000000004022c2f4                etharp_find_addr
                0x000000004022c344                etharp_request
                0x000000004022c48c                etharp_query
                0x000000004022c628                etharp_output
                0x000000004022c720                ethernet_input
 *fill*         0x000000004022c96f        0x1 
 .irom0.text    0x000000004022c970      0xbfb /opt/sming/Sming/compiler/lib//liblwip_open.a(dhcpserver.o)
                                        0xd97 (size before relaxing)
                0x000000004022cb68                node_insert_to_list
                0x000000004022cba4                node_remove_from_list
                0x000000004022d0e8                dhcps_start
                0x000000004022d26c                dhcps_stop
                0x000000004022d2d8                wifi_softap_set_dhcps_lease
                0x000000004022d3c4                wifi_softap_get_dhcps_lease
                0x000000004022d40c                dhcps_coarse_tmr
                0x000000004022d4c8                wifi_softap_set_dhcps_offer_option
                0x000000004022d508                wifi_softap_set_dhcps_lease_time
                0x000000004022d538                wifi_softap_reset_dhcps_lease_time
                0x000000004022d564                wifi_softap_get_dhcps_lease_time
 *fill*         0x000000004022d56b        0x1 
 .irom0.text    0x000000004022d56c      0x1f1 /opt/sming/Sming/compiler/lib//liblwip_open.a(raw.o)
                                        0x23d (size before relaxing)
                0x000000004022d570                raw_input
                0x000000004022d5f8                raw_bind
                0x000000004022d604                raw_connect
                0x000000004022d610                raw_recv
                0x000000004022d618                raw_sendto
                0x000000004022d6bc                raw_send
                0x000000004022d6d8                raw_remove
                0x000000004022d714                raw_new
 *fill*         0x000000004022d75d        0x3 
 .irom0.text    0x000000004022d760     0x1387 /opt/sming/Sming/compiler/lib//liblwip_open.a(tcp_in.o)
                                       0x154f (size before relaxing)
                0x000000004022e178                tcp_input
 *fill*         0x000000004022eae7        0x1 
 .irom0.text    0x000000004022eae8      0x2aa /opt/esp-open-sdk/sdk/lib/libwpa.a(ap_config.o)
                                        0x2ee (size before relaxing)
                0x000000004022eaec                hostapd_config_defaults_bss
                0x000000004022eb38                hostapd_config_defaults
                0x000000004022ebbc                hostapd_mac_comp
                0x000000004022ebd0                hostapd_mac_comp_empty
                0x000000004022ec3c                hostapd_setup_wpa_psk
                0x000000004022ec6c                hostapd_wep_key_cmp
                0x000000004022ecbc                hostapd_maclist_found
                0x000000004022ed24                hostapd_rate_found
                0x000000004022ed40                hostapd_get_psk
 *fill*         0x000000004022ed92        0x2 
 .irom0.text    0x000000004022ed94      0x2b6 /opt/esp-open-sdk/sdk/lib/libwpa.a(common.o)
                                        0x302 (size before relaxing)
                0x000000004022ed94                inc_byte_array
                0x000000004022ede8                hex2byte
                0x000000004022ee1c                hexstr2bin
                0x000000004022ee68                wpa_get_ntp_timestamp
                0x000000004022ef00                wpa_config_parse_string
                0x000000004022f004                dup_binstr
 *fill*         0x000000004022f04a        0x2 
 .irom0.text    0x000000004022f04c       0xcc /opt/esp-open-sdk/sdk/lib/libwpa.a(os_xtensa.o)
                                         0xdc (size before relaxing)
                0x000000004022f050                ets_strdup
                0x000000004022f094                os_get_time
                0x000000004022f098                r_rand
                0x000000004022f0ac                os_random
                0x000000004022f0bc                os_get_random
 .irom0.text    0x000000004022f118     0x1c86 /opt/esp-open-sdk/sdk/lib/libwpa.a(wpa_auth.o)
                                       0x1f66 (size before relaxing)
                0x000000004022f264                wpa_auth_for_each_sta
                0x000000004022f3e4                wpa_init
                0x000000004022f474                wpa_auth_sta_init
                0x000000004022f4bc                wpa_auth_sta_associated
                0x000000004022f528                wpa_auth_sta_no_wpa
                0x000000004022f584                wpa_auth_sta_deinit
                0x000000004022f654                wpa_receive
                0x000000004022fab8                __wpa_send_eapol
                0x000000004022ffdc                wpa_remove_ptk
                0x0000000040230028                wpa_auth_sm_event
 *fill*         0x0000000040230d9e        0x2 
 .irom0.text    0x0000000040230da0      0x582 /opt/esp-open-sdk/sdk/lib/libwpa.a(wpa_auth_ie.o)
                                        0x5f6 (size before relaxing)
                0x0000000040230e64                wpa_write_rsn_ie
                0x0000000040230f70                wpa_auth_gen_wpa_ie
                0x0000000040231000                wpa_add_kde
                0x000000004023106c                wpa_validate_wpa_ie