Archive member included to satisfy reference by file (symbol)

out/build/app_app.a(rboot-bigflash.o)
                              (Cache_Read_Enable_New)
out/build/app_app.a(overrides.o)
                              (spiffs_get_storage_config)
out/build/libmain2.a(debug-vector.o)
                              (_DebugExceptionVector)
out/build/libmain2.a(double-vector.o)
                              (_DoubleExceptionVector)
out/build/libmain2.a(kernel-vector.o)
                              (_KernelExceptionVector)
out/build/libmain2.a(nmi-vector.o)
                              (_NMIExceptionVector)
out/build/libmain2.a(user-vector.o)
                              (_UserExceptionVector)
out/build/libmain2.a(vector.o)
                              (call_user_start)
out/build/libmain2.a(app_main.o)
                              out/build/libmain2.a(nmi-vector.o) (NMI_Handler)
out/build/libmain2.a(ets_timer.o)
                              out/build/libmain2.a(app_main.o) (ets_timer_setfn)
out/build/libmain2.a(mem_manager.o)
                              out/build/libmain2.a(app_main.o) (pvPortMalloc)
out/build/libmain2.a(spi_flash.o)
                              out/build/libmain2.a(app_main.o) (spi_flash_get_id)
out/build/libmain2.a(user_interface.o)
                              out/build/libmain2.a(app_main.o) (done_cb)
out/build/libmain2.a(eagle_lib.o)
                              out/build/libmain2.a(user_interface.o) (ets_sprintf)
out/build/libmain2.a(eagle_lwip_if.o)
                              out/build/libmain2.a(user_interface.o) (hostname)
/opt/sming/Sming/compiler/lib//libsming.a(crash_handler.o)
                              (custom_crash_callback)
/opt/sming/Sming/compiler/lib//libsming.a(user_main.o)
                              out/build/libmain2.a(app_main.o) (user_init)
/opt/sming/Sming/compiler/lib//libsming.a(System.o)
                              /opt/sming/Sming/compiler/lib//libsming.a(user_main.o) (_ZN11SystemClass10initializeEv)
/opt/sming/Sming/compiler/lib//libsming.a(gdbstub.o)
                              /opt/sming/Sming/compiler/lib//libsming.a(user_main.o) (gdbstub_init)
/opt/sming/Sming/compiler/lib//libsming.a(esp_cplusplus.o)
                              /opt/sming/Sming/compiler/lib//libsming.a(user_main.o) (cpp_core_initialize)
/opt/sming/Sming/compiler/lib//libsming.a(m_printf.o)
                              /opt/sming/Sming/compiler/lib//libsming.a(esp_cplusplus.o) (m_printf)
/opt/sming/Sming/compiler/lib//libsming.a(IPAddress.o)
                              /opt/sming/Sming/compiler/lib//libsming.a(user_main.o) (_ZN9IPAddressC1Ehhhh)
/opt/sming/Sming/compiler/lib//libsming.a(WString.o)
                              /opt/sming/Sming/compiler/lib//libsming.a(IPAddress.o) (_ZN6StringD1Ev)
/opt/sming/Sming/compiler/lib//libsming.a(Print.o)
                              /opt/sming/Sming/compiler/lib//libsming.a(IPAddress.o) (_ZN5Print5printEc)
/opt/sming/Sming/compiler/lib//libsming.a(FakePgmSpace.o)
                              /opt/sming/Sming/compiler/lib//libsming.a(IPAddress.o) (strncpy_P)
/opt/sming/Sming/compiler/lib//libsming.a(gdbstub-entry.o)
                              /opt/sming/Sming/compiler/lib//libsming.a(gdbstub.o) (gdbstub_save_extra_sfrs_for_exception)
/opt/sming/Sming/compiler/lib//libsming.a(stringconversion.o)
                              /opt/sming/Sming/compiler/lib//libsming.a(m_printf.o) (ltoa_wp)
out/build/app_app.a(application.o)
                              /opt/sming/Sming/compiler/lib//libsming.a(user_main.o) (_Z4initv)
/opt/sming/Sming/compiler/lib//libmicroc.a(isspace.o)
                              /opt/sming/Sming/compiler/lib//libsming.a(WString.o) (isspace)
/opt/sming/Sming/compiler/lib//libmicroc.a(tolower.o)
                              /opt/sming/Sming/compiler/lib//libsming.a(WString.o) (tolower)
/opt/sming/Sming/compiler/lib//libmicroc.a(toupper.o)
                              /opt/sming/Sming/compiler/lib//libsming.a(WString.o) (toupper)
/opt/sming/Sming/compiler/lib//libmicroc.a(atof.o)
                              /opt/sming/Sming/compiler/lib//libsming.a(WString.o) (atof)
/opt/sming/Sming/compiler/lib//libmicroc.a(atoi.o)
                              /opt/sming/Sming/compiler/lib//libsming.a(WString.o) (atoi)
/opt/sming/Sming/compiler/lib//libmicroc.a(strtod.o)
                              /opt/sming/Sming/compiler/lib//libmicroc.a(atof.o) (strtod)
/opt/sming/Sming/compiler/lib//libmicroc.a(__fpclassify.o)
                              /opt/sming/Sming/compiler/lib//libsming.a(Print.o) (__fpclassifyd)
/opt/sming/Sming/compiler/lib//libmicroc.a(strchr.o)
                              /opt/sming/Sming/compiler/lib//libsming.a(WString.o) (strchr)
/opt/sming/Sming/compiler/lib//libmicroc.a(strrchr.o)
                              /opt/sming/Sming/compiler/lib//libsming.a(WString.o) (strrchr)
/opt/sming/Sming/compiler/lib//libmicroc.a(strchrnul.o)
[...]
Memory Configuration

Name             Origin             Length             Attributes
dport0_0_seg     0x000000003ff00000 0x0000000000000010
dram0_0_seg      0x000000003ffe8000 0x0000000000014000
iram1_0_seg      0x0000000040100000 0x0000000000008000
irom0_0_seg      0x0000000040202010 0x00000000000fdff0
*default*        0x0000000000000000 0xffffffffffffffff

Linker script and memory map

START GROUP
LOAD out/build/app_app.a
LOAD /opt/sming/Sming/compiler/lib//libmicroc.a
LOAD /opt/sming/Sming/compiler/lib//libmicrogcc.a
LOAD /opt/esp-open-sdk/xtensa-lx106-elf/xtensa-lx106-elf/sysroot/usr/lib/libhal.a
LOAD /opt/esp-open-sdk/sdk/lib/libphy.a
LOAD /opt/esp-open-sdk/sdk/lib/libpp.a
LOAD /opt/esp-open-sdk/sdk/lib/libnet80211.a
LOAD /opt/sming/Sming/compiler/lib//liblwip_open.a
LOAD /opt/esp-open-sdk/sdk/lib/libwpa.a
LOAD out/build/libmain2.a
LOAD /opt/sming/Sming/compiler/lib//libsming.a
LOAD /opt/esp-open-sdk/sdk/lib/libcrypto.a
LOAD /opt/sming/Sming/compiler/lib//libpwm_open.a
LOAD /opt/esp-open-sdk/sdk/lib/libsmartconfig.a
END GROUP
                [!provide]                        PROVIDE (_memmap_vecbase_reset, 0x40000000)
                0x0000000000000110                _memmap_cacheattr_wb_base = 0x110
                0x0000000000000110                _memmap_cacheattr_wt_base = 0x110
                0x0000000000000220                _memmap_cacheattr_bp_base = 0x220
                0x00000000fffff00f                _memmap_cacheattr_unused_mask = 0xfffff00f
                0x000000002222211f                _memmap_cacheattr_wb_trapnull = 0x2222211f
                0x000000002222211f                _memmap_cacheattr_wba_trapnull = 0x2222211f
                0x000000002222211f                _memmap_cacheattr_wbna_trapnull = 0x2222211f
                0x000000002222211f                _memmap_cacheattr_wt_trapnull = 0x2222211f
                0x000000002222222f                _memmap_cacheattr_bp_trapnull = 0x2222222f
                0x00000000fffff11f                _memmap_cacheattr_wb_strict = 0xfffff11f
                0x00000000fffff11f                _memmap_cacheattr_wt_strict = 0xfffff11f
                0x00000000fffff22f                _memmap_cacheattr_bp_strict = 0xfffff22f
                0x0000000022222112                _memmap_cacheattr_wb_allvalid = 0x22222112
                0x0000000022222112                _memmap_cacheattr_wt_allvalid = 0x22222112
                0x0000000022222222                _memmap_cacheattr_bp_allvalid = 0x22222222
                [!provide]                        PROVIDE (_memmap_cacheattr_reset, _memmap_cacheattr_wb_trapnull)

.dport0.rodata  0x000000003ff00000        0x0
                0x000000003ff00000                _dport0_rodata_start = ABSOLUTE (.)
 *(.dport0.rodata)
 *(.dport.rodata)
                0x000000003ff00000                _dport0_rodata_end = ABSOLUTE (.)

.dport0.literal
                0x000000003ff00000        0x0
                0x000000003ff00000                _dport0_literal_start = ABSOLUTE (.)
 *(.dport0.literal)
 *(.dport.literal)
                0x000000003ff00000                _dport0_literal_end = ABSOLUTE (.)

.dport0.data    0x000000003ff00000        0x0
                0x000000003ff00000                _dport0_data_start = ABSOLUTE (.)
 *(.dport0.data)
 *(.dport.data)
                0x000000003ff00000                _dport0_data_end = ABSOLUTE (.)

.data           0x000000003ffe8000      0x384
                0x000000003ffe8000                _data_start = ABSOLUTE (.)
 *(.data)
 .data          0x000000003ffe8000        0x4 out/build/libmain2.a(nmi-vector.o)
                0x000000003ffe8000                _Pri_3_HandlerAddress
 .data          0x000000003ffe8004        0x1 out/build/libmain2.a(app_main.o)
 *fill*         0x000000003ffe8005        0x3 
 .data          0x000000003ffe8008        0x6 out/build/libmain2.a(user_interface.o)
                0x000000003ffe8009                timer2_ms_flag
                0x000000003ffe800a                dhcps_flag
                0x000000003ffe800b                dhcpc_flag
                0x000000003ffe800d                reconnect_internal
 *fill*         0x000000003ffe800e        0x2 
 .data          0x000000003ffe8010        0x1 out/build/libmain2.a(eagle_lwip_if.o)
                0x000000003ffe8010                default_hostname
 *fill*         0x000000003ffe8011        0xf 
 .data          0x000000003ffe8020       0x53 /opt/esp-open-sdk/sdk/lib/libphy.a(phy_chip_v6.o)
                0x000000003ffe8022                tx_rf_ana_gain
                0x000000003ffe8050                rx_gain_swp
                0x000000003ffe8070                test_rffreq_txcap
 *fill*         0x000000003ffe8073        0x1 
 .data          0x000000003ffe8074        0x1 /opt/esp-open-sdk/sdk/lib/libphy.a(phy_chip_v6_cal.o)
                0x000000003ffe8074                rfcal_bb_atten_init
 *fill*         0x000000003ffe8075        0x3 
 .data          0x000000003ffe8078        0x4 /opt/esp-open-sdk/sdk/lib/libphy.a(phy_sleep.o)
                0x000000003ffe8078                chip_version
 .data          0x000000003ffe807c        0x1 /opt/esp-open-sdk/sdk/lib/libpp.a(pm.o)
 *fill*         0x000000003ffe807d        0x3 
 .data          0x000000003ffe8080        0x1 /opt/esp-open-sdk/sdk/lib/libpp.a(pm_for_bcn_only_mode.o)
 *fill*         0x000000003ffe8081        0x3 
 .data          0x000000003ffe8084       0x1c /opt/esp-open-sdk/sdk/lib/libpp.a(pp.o)
                0x000000003ffe8084                soft_wdt_interval
                0x000000003ffe8088                NoiseTimerInterval
                0x000000003ffe8090                sleep_start_wait_time
                0x000000003ffe8098                CanDoFreqCal
                0x000000003ffe809c                tcb
 .data          0x000000003ffe80a0       0x40 /opt/esp-open-sdk/sdk/lib/libpp.a(rate_control.o)
 .data          0x000000003ffe80e0      0x24c /opt/esp-open-sdk/sdk/lib/libpp.a(trc.o)
 .data          0x000000003ffe832c        0x8 /opt/esp-open-sdk/sdk/lib/libpp.a(wdev.o)
 .data          0x000000003ffe8334        0x1 /opt/esp-open-sdk/sdk/lib/libnet80211.a(ieee80211_hostap.o)
                0x000000003ffe8334                TmpSTAAPCloseAP
 *fill*         0x000000003ffe8335        0x3 
 .data          0x000000003ffe8338        0x1 /opt/esp-open-sdk/sdk/lib/libnet80211.a(wl_cnx.o)
 *fill*         0x000000003ffe8339        0x7 
 .data          0x000000003ffe8340       0x1c /opt/esp-open-sdk/sdk/lib/libnet80211.a(ieee80211_action.o)
 .data          0x000000003ffe835c        0x4 /opt/sming/Sming/compiler/lib//liblwip_open.a(dhcp.o)
 .data          0x000000003ffe8360        0x6 /opt/sming/Sming/compiler/lib//liblwip_open.a(tcp.o)
 *fill*         0x000000003ffe8366        0x2 
 .data          0x000000003ffe8368        0x5 /opt/sming/Sming/compiler/lib//liblwip_open.a(dhcpserver.o)
                0x000000003ffe8368                dhcps_lease_time
 *(.data.*)
 .data.rBoot_mmap_2
                0x000000003ffe836d        0x1 out/build/app_app.a(rboot-bigflash.o)
                0x000000003ffe836d                rBoot_mmap_2
 .data.rBoot_mmap_1
                0x000000003ffe836e        0x1 out/build/app_app.a(rboot-bigflash.o)
                0x000000003ffe836e                rBoot_mmap_1
 *fill*         0x000000003ffe836f        0x1 
 .data.cbc_printchar
                0x000000003ffe8370        0x4 /opt/sming/Sming/compiler/lib//libsming.a(m_printf.o)
                0x000000003ffe8370                cbc_printchar
 .data.esp8266_gpioToFn
                0x000000003ffe8374       0x10 /opt/sming/Sming/compiler/lib//libsming.a(Digital.o)
                0x000000003ffe8374                esp8266_gpioToFn
 *(.gnu.linkonce.d.*)
 *(.data1)
 *(.sdata)
 *(.sdata.*)
 *(.gnu.linkonce.s.*)
 *(.sdata2)
 *(.sdata2.*)
 *(.gnu.linkonce.s2.*)
 *(.jcr)
                0x000000003ffe8384                _data_end = ABSOLUTE (.)

.irom0.text     0x0000000040202010    0x33214
                0x0000000040202010                _irom0_text_start = ABSOLUTE (.)
 *libsmartconfig.a:(.literal .text .literal.* .text.*)
 *libstdc++.a:(.literal .text .literal.* .text.*)
 *liblwip_open.a:(.literal .text .literal.* .text.*)
 .text          0x0000000040202010      0x1c9 /opt/sming/Sming/compiler/lib//liblwip_open.a(tcp.o)
                                        0x1f5 (size before relaxing)
 *fill*         0x00000000402021d9        0x3 
 .text          0x00000000402021dc       0x93 /opt/sming/Sming/compiler/lib//liblwip_open.a(timers.o)
                                         0xcb (size before relaxing)
 *fill*         0x000000004020226f        0x0 
 *liblwip_full.a:(.literal .text .literal.* .text.*)
 *liblwip2.a:(.literal .text .literal.* .text.*)
 *libaxtls.a:(.literal .text .literal.* .text.*)
 *libat.a:(.literal.* .text.*)
 *libcrypto.a:(.literal.* .text.*)
 *libespnow.a:(.literal.* .text.*)
 *libjson.a:(.literal.* .text.*)
 *liblwip.a:(.literal.* .text.*)
 *libmesh.a:(.literal.* .text.*)
 *libnet80211.a:(.literal.* .text.*)
 *libsmartconfig.a:(.literal.* .text.*)
 *libssl.a:(.literal.* .text.*)
 *libupgrade.a:(.literal.* .text.*)
 *libwpa.a:(.literal.* .text.*)
 *libwpa2.a:(.literal.* .text.*)
 *libwps.a:(.literal.* .text.*)
 *libmbedtls.a:(.literal.* .text.*)
 *libm.a:(.literal .text .literal.* .text.*)
 *(.rodata._ZTV*)
 *fill*         0x000000004020226f        0x1 
 .rodata._ZTV6VectorI8DelegateIFvvEEE
                0x0000000040202270       0x1c /opt/sming/Sming/compiler/lib//libsming.a(System.o)
                0x0000000040202270                _ZTV6VectorI8DelegateIFvvEEE
 *fill*         0x000000004020228c        0x4 
 .rodata._ZTV6VectorIP19ISystemReadyHandlerE
                0x0000000040202290       0x1c /opt/sming/Sming/compiler/lib//libsming.a(System.o)
                0x0000000040202290                _ZTV6VectorIP19ISystemReadyHandlerE
 *fill*         0x00000000402022ac        0x4 
 .rodata._ZTV9IPAddress
                0x00000000402022b0        0xc /opt/sming/Sming/compiler/lib//libsming.a(IPAddress.o)
                0x00000000402022b0                _ZTV9IPAddress
 *fill*         0x00000000402022bc        0x4 
 .rodata._ZTV5Print
                0x00000000402022c0       0x18 /opt/sming/Sming/compiler/lib//libsming.a(Print.o)
                0x00000000402022c0                _ZTV5Print
 .rodata._ZTV15IDelegateCallerIvIR9TcpClientbEE
                0x00000000402022d8       0x14 out/build/app_app.a(application.o)
                0x00000000402022d8                _ZTV15IDelegateCallerIvIR9TcpClientbEE
 *fill*         0x00000000402022ec        0x4 
 .rodata._ZTV14FunctionCallerIPFvR9TcpClientbEvIS1_bEE
                0x00000000402022f0       0x14 out/build/app_app.a(application.o)
                0x00000000402022f0                _ZTV14FunctionCallerIPFvR9TcpClientbEvIS1_bEE
 *fill*         0x0000000040202304        0x4 
 .rodata._ZTV15IDelegateCallerIvI6StringhPhhEE
                0x0000000040202308       0x14 out/build/app_app.a(application.o)
                0x0000000040202308                _ZTV15IDelegateCallerIvI6StringhPhhEE
 *fill*         0x000000004020231c        0x4 
 .rodata._ZTV14FunctionCallerIPFv6StringhPhhEvIS0_hS1_hEE
                0x0000000040202320       0x14 out/build/app_app.a(application.o)
                0x0000000040202320                _ZTV14FunctionCallerIPFv6StringhPhhEvIS0_hS1_hEE
 *fill*         0x0000000040202334        0x4 
 .rodata._ZTV15IDelegateCallerIvI9IPAddressS0_S0_EE
                0x0000000040202338       0x14 out/build/app_app.a(application.o)
                0x0000000040202338                _ZTV15IDelegateCallerIvI9IPAddressS0_S0_EE
 *fill*         0x000000004020234c        0x4 
 .rodata._ZTV14FunctionCallerIPFv9IPAddressS0_S0_EvIS0_S0_S0_EE
                0x0000000040202350       0x14 out/build/app_app.a(application.o)
                0x0000000040202350                _ZTV14FunctionCallerIPFv9IPAddressS0_S0_EvIS0_S0_S0_EE
 *fill*         0x0000000040202364        0x4 
 .rodata._ZTV15IDelegateCallerIvI6StringS0_EE
                0x0000000040202368       0x14 out/build/app_app.a(application.o)
                0x0000000040202368                _ZTV15IDelegateCallerIvI6StringS0_EE
 *fill*         0x000000004020237c        0x4 
 .rodata._ZTV14FunctionCallerIPFv6StringS0_EvIS0_S0_EE
                0x0000000040202380       0x14 out/build/app_app.a(application.o)
                0x0000000040202380                _ZTV14FunctionCallerIPFv6StringS0_EvIS0_S0_EE
 *fill*         0x0000000040202394        0x4 
 .rodata._ZTV5Timer
                0x0000000040202398        0xc /opt/sming/Sming/compiler/lib//libsming.a(Timer.o)
                0x0000000040202398                _ZTV5Timer
 *fill*         0x00000000402023a4        0x4 
 .rodata._ZTV14HardwareSerial
                0x00000000402023a8       0x2c /opt/sming/Sming/compiler/lib//libsming.a(HardwareSerial.o)
                0x00000000402023a8                _ZTV14HardwareSerial
 *fill*         0x00000000402023d4        0x4 
 .rodata._ZTV10MqttClient
                0x00000000402023d8       0x44 /opt/sming/Sming/compiler/lib//libsming.a(MqttClient.o)
                0x00000000402023d8                _ZTV10MqttClient
 *fill*         0x000000004020241c        0x4 
 .rodata._ZTV9TcpClient
                0x0000000040202420       0x44 /opt/sming/Sming/compiler/lib//libsming.a(TcpClient.o)
                0x0000000040202420                _ZTV9TcpClient
 *fill*         0x0000000040202464        0x4 
 .rodata._ZTV19ISystemReadyHandler
                0x0000000040202468       0x14 /opt/sming/Sming/compiler/lib//libsming.a(Station.o)
                0x0000000040202468                _ZTV19ISystemReadyHandler
 *fill*         0x000000004020247c        0x4 
 .rodata._ZTV12StationClass
                0x0000000040202480       0x14 /opt/sming/Sming/compiler/lib//libsming.a(Station.o)
                0x0000000040202480                _ZTV12StationClass
 *fill*         0x0000000040202494        0x4 
 .rodata._ZTV6VectorI7BssInfoE
                0x0000000040202498       0x1c /opt/sming/Sming/compiler/lib//libsming.a(Station.o)
                0x0000000040202498                _ZTV6VectorI7BssInfoE
 *fill*         0x00000000402024b4        0x4 
 .rodata._ZTV16AccessPointClass
                0x00000000402024b8       0x14 /opt/sming/Sming/compiler/lib//libsming.a(AccessPoint.o)
                0x00000000402024b8                _ZTV16AccessPointClass
 *fill*         0x00000000402024cc        0x4 
 .rodata._ZTV16MemoryDataStream
                0x00000000402024d0       0x40 /opt/sming/Sming/compiler/lib//libsming.a(DataSourceStream.o)
                0x00000000402024d0                _ZTV16MemoryDataStream
 .rodata._ZTV13TcpConnection
                0x0000000040202510       0x38 /opt/sming/Sming/compiler/lib//libsming.a(TcpConnection.o)
                0x0000000040202510                _ZTV13TcpConnection
 .rodata._ZTV6VectorIP19WebSocketConnectionE
                0x0000000040202548       0x1c /opt/sming/Sming/compiler/lib//libsming.a(WebSocketConnection.o)
                0x0000000040202548                _ZTV6VectorIP19WebSocketConnectionE
 *fill*         0x0000000040202564        0x4 
 .rodata._ZTV8WDTClass
                0x0000000040202568       0x14 /opt/sming/Sming/compiler/lib//libsming.a(WDT.o)
                0x0000000040202568                _ZTV8WDTClass
 *(.irom0.literal .irom.literal .irom.text.literal .irom0.text .irom.text .irom.debug.*)
 .irom0.text    0x000000004020257c      0xa71 out/build/libmain2.a(app_main.o)
                                        0xc9d (size before relaxing)
                0x0000000040202760                wdt_init
                0x0000000040202808                user_uart_wait_tx_fifo_empty
                0x0000000040202abc                user_rf_pre_init
 *fill*         0x0000000040202fed        0x3 
 .irom0.text    0x0000000040202ff0      0x186 out/build/libmain2.a(ets_timer.o)
                                        0x1b2 (size before relaxing)
                0x0000000040202ff8                ets_timer_done
                0x0000000040203044                ets_timer_handler_isr
                0x0000000040203114                ets_timer_init
 *fill*         0x0000000040203176        0x2 
 .irom0.text    0x0000000040203178       0xec out/build/libmain2.a(mem_manager.o)
                                         0xf8 (size before relaxing)
                0x0000000040203178                check_memleak_debug_enable
                0x00000000402031e4                xPortGetFreeHeapSize
                0x00000000402031ec                vPortInitialiseBlocks
 .irom0.text    0x0000000040203264     0x3549 out/build/libmain2.a(user_interface.o)
                                       0x3f9d (size before relaxing)
                0x0000000040203268                system_set_os_print
                0x0000000040203278                system_get_os_print
                0x0000000040203440                system_pp_recycle_rx_pkt
                0x000000004020345c                system_adc_read
                0x000000004020349c                system_adc_read_fast
                0x00000000402034fc                system_get_vdd33
                0x0000000040203528                system_restart_hook
                0x0000000040203540                system_restart_local
                0x0000000040203620                system_restart
                0x000000004020367c                system_restore
                0x00000000402036e4                system_get_flash_size_map
                0x0000000040203704                system_get_boot_version
                0x000000004020373c                system_get_test_result
                0x0000000040203764                system_get_userbin_addr
                0x00000000402037fc                system_get_boot_mode
                0x000000004020382c                system_restart_enhance
                0x000000004020395c                system_upgrade_userbin_set
                0x00000000402039a8                system_upgrade_userbin_check
                0x00000000402039e8                system_upgrade_flag_set
                0x00000000402039fc                system_upgrade_flag_check
                0x0000000040203a24                system_upgrade_reboot
                0x0000000040203b58                system_deep_sleep_instant
                0x0000000040203cf0                system_deep_sleep
                0x0000000040203d50                system_deep_sleep_set_option
                0x0000000040203d6c                system_phy_temperature_alert
                0x0000000040203d80                system_phy_set_max_tpw
                0x0000000040203d94                system_phy_set_tpw_via_vdd33
                0x0000000040203da8                system_phy_set_rfoption
                0x0000000040203dbc                system_phy_set_powerup_option
                0x0000000040203dd4                system_update_cpu_freq
                0x0000000040203e30                system_get_cpu_freq
                0x0000000040203e48                system_overclock
                0x0000000040203e74                system_restoreclock
                0x0000000040203ea4                system_timer_reinit
                0x0000000040203ebc                system_relative_time
                0x0000000040203ee0                system_station_got_ip_set
                0x000000004020400c                system_print_meminfo
                0x000000004020406c                system_get_free_heap_size
                0x0000000040204084                system_get_chip_id
                0x00000000402040a8                system_rtc_clock_cali_proc
                0x00000000402040bc                system_get_rtc_time
                0x00000000402040d0                system_mktime
                0x00000000402041a0                system_init_done_cb
                0x00000000402041a8                system_get_rst_info
                0x00000000402041b0                system_get_data_of_array_8
                0x00000000402041d4                system_get_data_of_array_16
                0x00000000402041fc                system_get_string_from_flash
                0x0000000040204268                wifi_softap_dhcps_start
                0x00000000402042b0                wifi_softap_dhcps_stop
                0x00000000402042f0                wifi_softap_dhcps_status
                0x00000000402042f8                wifi_station_dhcpc_start
                0x0000000040204350                wifi_station_dhcpc_stop
                0x0000000040204390                wifi_station_dhcpc_event
                0x0000000040204404                wifi_station_dhcpc_set_maxtry
                0x0000000040204414                wifi_station_dhcpc_status
                0x000000004020448c                wifi_get_opmode
                0x00000000402044a0                wifi_get_opmode_default
                0x000000004020451c                wifi_get_broadcast_if
                0x0000000040204558                wifi_set_broadcast_if
                0x00000000402046d4                wifi_set_opmode
                0x00000000402046e8                wifi_set_opmode_current
                0x00000000402046fc                system_get_checksum
                0x0000000040204744                wifi_param_save_protect_with_check
                0x0000000040204800                system_param_save_with_protect
                0x00000000402048a8                system_save_sys_param
                0x00000000402048d4                system_param_load
                0x0000000040204a0c                wifi_station_get_config
                0x0000000040204a20                wifi_station_get_config_default
                0x0000000040204a40                wifi_station_get_ap_info
                0x0000000040204af8                wifi_station_ap_number_set
                0x0000000040204e8c                wifi_station_set_config
                0x0000000040204ea4                wifi_station_set_config_current
                0x0000000040204ebc                wifi_station_restore_config
                0x0000000040204ed4                wifi_station_get_current_ap_id
                0x0000000040204ee8                wifi_station_ap_check
                0x0000000040204f30                wifi_station_ap_change
                0x000000004020505c                wifi_station_scan
                0x00000000402050a8                wifi_station_get_auto_connect
                0x00000000402050bc                wifi_station_set_auto_connect
                0x000000004020510c                wifi_station_save_pmk2cache
                0x00000000402051c0                wifi_station_connect
                0x0000000040205254                wifi_station_disconnect
                0x0000000040205314                wifi_station_get_connect_status
                0x0000000040205344                wifi_station_set_reconnect_policy
                0x000000004020535c                wifi_station_get_reconnect_policy
                0x0000000040205364                wifi_station_get_rssi
                0x00000000402053b4                wifi_station_set_default_hostname
                0x000000004020541c                wifi_station_get_hostname
                0x000000004020544c                wifi_station_set_hostname
                0x00000000402054ec                wifi_softap_cacl_mac
                0x000000004020555c                wifi_softap_set_default_ssid
                0x000000004020573c                wifi_softap_get_config
                0x0000000040205750                wifi_softap_get_config_default
                0x0000000040205aa4                wifi_softap_set_config
                0x0000000040205ab8                wifi_softap_set_config_current
                0x0000000040205acc                wifi_softap_set_station_info
                0x0000000040205b38                wifi_softap_get_station_info
                0x0000000040205be8                wifi_softap_free_station_info
                0x0000000040205c30                wifi_softap_get_station_num
                0x0000000040205c84                wifi_softap_deauth
                0x0000000040205d34                wifi_softap_get_beacon_only_mode
                0x0000000040205d48                wifi_softap_set_beacon_only_mode
                0x0000000040205dac                wifi_register_user_ie_manufacturer_recv_cb
                0x0000000040205dc0                wifi_unregister_user_ie_manufacturer_recv_cb
                0x0000000040205df4                wifi_set_user_ie
                0x0000000040205f04                wifi_get_user_ie
                0x0000000040205f38                wifi_get_phy_mode
                0x0000000040205f40                wifi_set_phy_mode
                0x0000000040206008                wifi_set_sleep_type
                0x0000000040206024                wifi_get_sleep_type
                0x000000004020603c                wifi_get_channel
                0x0000000040206054                wifi_set_channel
                0x0000000040206098                wifi_promiscuous_set_mac
                0x00000000402060f8                wifi_promiscuous_enable
                0x00000000402061dc                wifi_set_promiscuous_rx_cb
                0x00000000402061ec                wifi_get_ip_info
                0x000000004020626c                wifi_set_ip_info
                0x00000000402062e0                wifi_get_macaddr
                0x0000000040206340                wifi_set_macaddr
                0x000000004020645c                wifi_enable_6m_rate
                0x0000000040206464                wifi_get_user_fixed_rate
                0x0000000040206484                wifi_set_user_fixed_rate
                0x00000000402064a4                wifi_set_user_sup_rate
                0x00000000402064e0                wifi_set_user_rate_limit
                0x0000000040206504                wifi_get_user_limit_rate_mask
                0x000000004020650c                wifi_set_user_limit_rate_mask
                0x0000000040206524                wifi_register_send_pkt_freedom_cb
                0x0000000040206538                wifi_unregister_send_pkt_freedom_cb
                0x0000000040206544                wifi_send_pkt_freedom
                0x0000000040206590                wifi_rfid_locp_recv_open
                0x00000000402065a4                wifi_rfid_locp_recv_close
                0x00000000402065b8                wifi_register_rfid_locp_recv_cb
                0x00000000402065cc                wifi_unregister_rfid_locp_recv_cb
                0x00000000402065e4                wifi_status_led_install
                0x0000000040206618                wifi_status_led_uninstall
                0x000000004020663c                wifi_set_status_led_output_level
                0x0000000040206690                wifi_set_event_handler_cb
                0x00000000402066d8                system_os_task
                0x0000000040206714                system_uart_swap
                0x0000000040206774                system_uart_de_swap
                0x00000000402067a8                system_get_sdk_version
 *fill*         0x00000000402067ad        0x3 
 .irom0.text    0x00000000402067b0      0x60c out/build/libmain2.a(eagle_lib.o)
                                        0x620 (size before relaxing)
                0x00000000402067b0                divide
                0x00000000402067ec                skip_atoi
                0x000000004020696c                ets_vsnprintf
                0x0000000040206ccc                ets_vsprintf
                0x0000000040206cf0                ets_sprintf
                0x0000000040206d18                ets_strcat
                0x0000000040206d38                ets_strrchr
                0x0000000040206d64                ets_strchr
                0x0000000040206d7c                bit_popcount
                0x0000000040206d98                ets_snprintf
 .irom0.text    0x0000000040206dbc      0x31e out/build/libmain2.a(eagle_lwip_if.o)
                                        0x3e6 (size before relaxing)
                0x0000000040206e74                eagle_lwip_if_alloc
                0x0000000040207034                eagle_lwip_if_free
                0x00000000402070b8                eagle_lwip_getif
 *fill*         0x00000000402070da        0x2 
 .irom0.literal
                0x00000000402070dc        0x0 /opt/sming/Sming/compiler/lib//libmicroc.a(strchr.o)
                                          0x4 (size before relaxing)
 .irom0.literal
                0x00000000402070dc        0xc /opt/sming/Sming/compiler/lib//libmicroc.a(strchrnul.o)
 .irom0.literal
                0x00000000402070e8        0x4 /opt/sming/Sming/compiler/lib//libmicroc.a(malloc.o)
                                         0x14 (size before relaxing)
 .irom0.literal
                0x00000000402070ec        0x4 /opt/sming/Sming/compiler/lib//libmicroc.a(abort.o)
                                          0x8 (size before relaxing)
 .irom0.literal
                0x00000000402070f0        0x8 /opt/sming/Sming/compiler/lib//libmicrogcc.a(_divsf3.o)
                                         0x10 (size before relaxing)
 .irom0.text    0x00000000402070f8       0x25 /opt/sming/Sming/compiler/lib//libmicroc.a(strchr.o)
                                         0x29 (size before relaxing)
                0x00000000402070f8                strchr
 *fill*         0x000000004020711d        0x3 
 .irom0.text    0x0000000040207120       0x75 /opt/sming/Sming/compiler/lib//libmicroc.a(strchrnul.o)
                0x0000000040207120                __strchrnul
                0x0000000040207120                strchrnul
 *fill*         0x0000000040207195        0x3 
 .irom0.text    0x0000000040207198       0x65 /opt/sming/Sming/compiler/lib//libmicroc.a(malloc.o)
                0x0000000040207198                malloc
                0x00000000402071ac                free
                0x00000000402071c0                realloc
                0x00000000402071d4                zalloc
                0x00000000402071e8                calloc
 *fill*         0x00000000402071fd        0x3 
 .irom0.text    0x0000000040207200       0x11 /opt/sming/Sming/compiler/lib//libmicroc.a(abort.o)
                0x0000000040207200                abort
 *fill*         0x0000000040207211        0x3 
 .irom0.text    0x0000000040207214       0xfa /opt/esp-open-sdk/sdk/lib/libphy.a(phy.o)
                                        0x11e (size before relaxing)
                0x0000000040207218                rf_init
                0x0000000040207234                bb_init
                0x000000004020724c                phy_init
                0x000000004020727c                RFChannelSel
                0x0000000040207298                phy_delete_channel
                0x00000000402072b0                phy_enable_agc
                0x00000000402072c8                phy_disable_agc
                0x00000000402072e0                phy_initialize_bb
                0x00000000402072f8                phy_set_sense
 *fill*         0x000000004020730e        0x2 
 .irom0.text    0x0000000040207310     0x176f /opt/esp-open-sdk/sdk/lib/libphy.a(phy_chip_v6_ana.o)
                                       0x1973 (size before relaxing)
                0x0000000040207314                ram_pbus_set_rxgain
                0x00000000402073ec                ram_pbus_debugmode
                0x00000000402074a0                ram_pbus_xpd_tx_on
                0x000000004020750c                set_rf_freq_offset
                0x000000004020757c                chip_v6_rxmax_ext_ana
                0x00000000402076d0                ram_chip_v6_rx_init
                0x0000000040207704                tsen_meas
                0x00000000402077b4                readvdd33
                0x0000000040207980                txpwr_offset
                0x0000000040207a3c                set_txcap_reg
                0x0000000040207abc                ram_ana_inf_gating_en
                0x0000000040207c1c                ram_restart_cal
                0x0000000040207c88                wait_rfpll_cal_end
                0x0000000040207d1c                ram_rfpll_set_freq
                0x0000000040207e24                ram_set_channel_freq
                0x0000000040208120                chip_60_set_channel
                0x00000000402082c0                chip_v6_set_chan_offset
                0x0000000040208320                chip_v6_set_chan
                0x00000000402083c8                chip_v6_set_chan_wakeup
                0x000000004020844c                chip_v6_rf_init
                0x00000000402086b0                low_power_set
                0x0000000040208700                test_tout
                0x0000000040208878                check_data_flag
                0x0000000040208898                phy_get_check_flag
                0x00000000402089cc                phy_get_vdd33
 *fill*         0x0000000040208a7f        0x1 
 .irom0.text    0x0000000040208a80     0x3e98 /opt/esp-open-sdk/sdk/lib/libphy.a(phy_chip_v6.o)
                                       0x453c (size before relaxing)
                0x0000000040208a80                ram_tx_mac_enable
                0x0000000040208a84                ram_tx_mac_disable
                0x0000000040208a88                rtc_mem_backup
                0x0000000040208ab8                rtc_mem_recovery
                0x0000000040208ae8                set_cal_rxdc
                0x0000000040208b9c                set_rx_gain_cal_iq
                0x0000000040208ef8                gen_rx_gain_table
                0x0000000040209050                pbus_set_rxbbgain
                0x00000000402090d0                set_rx_gain_testchip_50
                0x0000000040209404                ram_get_corr_power
                0x00000000402094f4                check_data_func
                0x0000000040209514                do_noisefloor_lsleep_v50
                0x0000000040209548                do_noisefloor
                0x00000000402095b8                start_dig_rx
                0x00000000402095fc                stop_dig_rx
                0x0000000040209628                chip_v6_set_chanfreq
                0x0000000040209658                tx_cap_init
                0x0000000040209844                target_power_add_backoff
                0x0000000040209874                tx_pwctrl_init_cal
                0x00000000402099ec                tx_atten_set_interp
                0x0000000040209c4c                check_tx_pwr_cal
                0x0000000040209d90                tx_pwctrl_init
                0x0000000040209eb4                ram_get_noisefloor
                0x0000000040209ed0                get_noisefloor_sat
                0x0000000040209f00                ram_set_noise_floor
                0x0000000040209f5c                ram_start_noisefloor
                0x0000000040209fa8                read_hw_noisefloor
                0x0000000040209fd4                noise_check_loop
                0x000000004020a130                noise_init
                0x000000004020a330                target_power_backoff
                0x000000004020a384                sdt_on_noise_start
                0x000000004020a404                chip_v6_set_chan_rx_cmp
                0x000000004020a590                chip_v6_set_chan_misc
                0x000000004020a624                phy_dig_spur_set
                0x000000004020a97c                phy_dig_spur_prot
                0x000000004020abb4                chip_v6_rxmax_ext_dig
                0x000000004020ac00                chip_v6_rxmax_ext
                0x000000004020acac                phy_bb_rx_cfg
                0x000000004020b0c4                uart_wait_idle
                0x000000004020b0fc                phy_pbus_soc_cfg
                0x000000004020b1b4                phy_gpio_cfg
                0x000000004020b3cc                tx_cont_en
                0x000000004020b474                tx_cont_dis
                0x000000004020b4c8                tx_cont_cfg
                0x000000004020b4e8                chip_v6_initialize_bb
                0x000000004020b654                periodic_cal
                0x000000004020b734                bbpll_cal
                0x000000004020b7cc                periodic_cal_top
                0x000000004020b82c                register_chipv6_phy_init_param
                0x000000004020bad4                change_bbpll160_sleep
                0x000000004020bc84                change_bbpll160
                0x000000004020bcbc                set_crystal_uart
                0x000000004020bd50                ant_switch_init
                0x000000004020be00                reduce_current_init
                0x000000004020beec                rtc_mem_check
                0x000000004020bf28                phy_afterwake_set_rfoption
                0x000000004020bf48                deep_sleep_set_option
                0x000000004020bf74                write_data_to_rtc
                0x000000004020bfac                get_data_from_rtc
                0x000000004020c02c                register_chipv6_phy
                0x000000004020c4c8                set_dpd_bypass
                0x000000004020c4f0                set_rf_gain_stage10
                0x000000004020c520                get_vdd33_offset
                0x000000004020c594                get_phy_target_power
                0x000000004020c648                set_most_pwr_reg
                0x000000004020c71c                phy_set_most_tpw
                0x000000004020c73c                phy_vdd33_set_tpw
                0x000000004020c754                get_adc_rand
                0x000000004020c788                phy_get_rand
                0x000000004020c7a0                phy_tx_pwctrl_cali
                0x000000004020c7c8                phy_check_data_table
                0x000000004020c804                phy_after_init_enrx
                0x000000004020c868                phy_set_rx11b_reg
                0x000000004020c89c                phy_set_powerup_option
                0x000000004020c8ac                phy_get_txpwr_param
                0x000000004020c8f8                phy_get_rxnf_param
                0x000000004020c904                phy_get_freq_param
 .irom0.text    0x000000004020c918     0x2178 /opt/esp-open-sdk/sdk/lib/libphy.a(phy_chip_v6_cal.o)
                                       0x23a4 (size before relaxing)
                0x000000004020c918                txbbgain2dcoindex
                0x000000004020c938                dcoindex2txbbgain
                0x000000004020c95c                init_cal_dcoffset
                0x000000004020ca20                set_rfanagain_dc_reg
                0x000000004020cabc                set_txdc_pbus
                0x000000004020cb28                get_rf_gain_qdb
                0x000000004020cb50                correct_rf_ana_gain
                0x000000004020cc58                get_sar_dout
                0x000000004020cce4                cal_rf_ana_gain
                0x000000004020ce10                meas_tone_pwr_db
                0x000000004020ce80                tx_pwr_backoff
                0x000000004020d008                get_fcc_1m2m_pwr_offset
                0x000000004020d044                ram_set_txbb_atten
                0x000000004020d0d8                txiq_get_mis_pwr
                0x000000004020d180                txiq_cover
                0x000000004020d39c                ram_rfcal_txiq
                0x000000004020d60c                rc_cal
                0x000000004020d7cc                get_target_power_offset
                0x000000004020d8d4                get_pwctrl_correct
                0x000000004020d92c                tx_pwctrl_cal
                0x000000004020dc28                tx_pwctrl_bg_init
                0x000000004020dca0                tx_pwctrl_background
                0x000000004020dd58                read_sar_dout
                0x000000004020ddbc                ram_get_fm_sar_dout
                0x000000004020de60                ram_cal_tos_v60
                0x000000004020e030                ram_get_bb_atten
                0x000000004020e060                ram_rfcal_txcap
                0x000000004020e224                ram_rfcal_pwrctrl
                0x000000004020e44c                ram_rxiq_get_mis
                0x000000004020e61c                ram_rxiq_cover_mg_mp
                0x000000004020e7c0                ram_rfcal_rxiq
                0x000000004020e9cc                dpd_scale_set
                0x000000004020ea14                dpd_mem_write
 .irom0.text    0x000000004020ea90      0xd9a /opt/esp-open-sdk/sdk/lib/libphy.a(phy_sleep.o)
                                        0xfc6 (size before relaxing)
                0x000000004020ea90                pm_usec2rtc
                0x000000004020eac4                pm_rtc2usec
                0x000000004020ead4                pm_set_sleep_cycles
                0x000000004020eaf8                pm_sleep_opt
                0x000000004020ec3c                pm_wakeup_opt
                0x000000004020ec74                get_chip_version
                0x000000004020ecb4                pm_sleep_opt_bb_off
                0x000000004020ecf4                pm_sleep_opt_bb_on
                0x000000004020ed3c                pm_set_pll_xtal_wait_time
                0x000000004020ed68                pm_prepare_to_sleep
                0x000000004020ed70                pm_sdio_nidle
                0x000000004020ede4                chg_lslp_mem_opt_8266
                0x000000004020ee14                pm_goto_sleep
                0x000000004020ef60                pm_wait4wakeup
                0x000000004020ef9c                pm_open_rf
                0x000000004020efe0                pm_sleep_set_mac
                0x000000004020f064                pm_set_wakeup_mac
                0x000000004020f0fc                pm_check_mac_idle
                0x000000004020f154                pm_set_sleep_btco
                0x000000004020f1f4                pm_set_wakeup_btco
                0x000000004020f30c                pm_set_sleep_mode
                0x000000004020f428                pm_unmask_bt
                0x000000004020f490                pm_wakeup_init
                0x000000004020f6d0                sleep_opt_8266
                0x000000004020f6f0                sleep_opt_bb_on_8266
                0x000000004020f728                sleep_reset_analog_rtcreg_8266
 *fill*         0x000000004020f82a        0x2 
 .irom0.text    0x000000004020f82c      0x469 /opt/esp-open-sdk/sdk/lib/libpp.a(if_hwctrl.o)
                                        0x581 (size before relaxing)
                0x000000004020f84c                ic_get_addr
                0x000000004020f858                ic_set_opmode
                0x000000004020f86c                ic_enable_interface
                0x000000004020f8bc                ic_interface_enabled
                0x000000004020f8d0                ic_disable_interface
                0x000000004020f918                ic_is_pure_sta
                0x000000004020f934                ic_get_ptk_alg
                0x000000004020f944                ic_get_gtk_alg
                0x000000004020f954                ic_set_ptk_alg
                0x000000004020f964                ic_set_gtk_alg
                0x000000004020f974                ic_interface_is_p2p
                0x000000004020fa0c                ic_set_vif
                0x000000004020facc                ic_set_sta
                0x000000004020fba4                ic_bss_info_update
                0x000000004020fc00                ic_set_key
                0x000000004020fc5c                ic_remove_key
                0x000000004020fc70                ic_get_rssi
 *fill*         0x000000004020fc95        0x3 
 .irom0.text    0x000000004020fc98      0x100 /opt/esp-open-sdk/sdk/lib/libpp.a(lmac.o)
                                        0x118 (size before relaxing)
                0x000000004020fc9c                lmacInitAc
                0x000000004020fcd0                lmacInit
                0x000000004020fd7c                lmacSetRetryLimit
 .irom0.text    0x000000004020fd98     0x19f9 /opt/esp-open-sdk/sdk/lib/libpp.a(pm.o)
                                       0x1f91 (size before relaxing)
                0x000000004020fda0                pm_rtc_clock_cali_proc
                0x000000004020fdd8                pm_get_ck170_period
                0x000000004020fdfc                pm_set_sleep_time
                0x0000000040210180                pm_rf_is_closed
                0x00000000402101b0                pm_set_sleep_type_from_upper
                0x00000000402102a0                pm_get_sleep_type
                0x000000004021045c                uart_tx_flush
                0x0000000040210460                pm_suspend
                0x0000000040210680                pm_shutdown
                0x0000000040210748                pm_reset_idle_sleep
                0x0000000040210788                pm_idle_sleep
                0x0000000040210794                pm_open
                0x0000000040210874                pm_onBcnRx
                0x0000000040210c0c                StopLightSleepSetFunc
                0x0000000040210c14                LightSleepWakedCbSetFunc
                0x00000000402111d0                pm_enable_gpio_wakeup
                0x0000000040211208                pm_attach
                0x00000000402112fc                pm_send_nullfunc
                0x00000000402114a0                pm_is_waked
                0x00000000402114b8                pm_is_open
                0x00000000402114d0                pm_scan_lock
                0x00000000402114f8                pm_try_scan_unlock
                0x0000000040211510                pm_force_scan_unlock
                0x00000000402115b4                pm_scan_unlocked
                0x00000000402115c8                pm_allow_tx
                0x00000000402115e4                pm_assoc_parse
                0x00000000402115fc                pm_set_addr
                0x000000004021161c                pm_sleep_for
                0x000000004021164c                pm_post
                0x0000000040211750                pm_get_idle_wait_time
 *fill*         0x0000000040211791        0x3 
 .irom0.text    0x0000000040211794      0xb48 /opt/esp-open-sdk/sdk/lib/libpp.a(pm_for_bcn_only_mode.o)
                                        0xf0c (size before relaxing)
                0x00000000402117a8                wifi_fpm_set_sleep_type
                0x00000000402117a8                fpm_set_type_from_upper
                0x0000000040211864                wifi_fpm_get_sleep_type
                0x0000000040211864                fpm_get_slp_type
                0x000000004021186c                fpm_rf_is_closed
                0x0000000040211880                fpm_is_open
                0x000000004021188c                fpm_allow_tx
                0x00000000402118b0                wifi_fpm_close
                0x00000000402118b0                fpm_close
                0x000000004021192c                wifi_fpm_open
                0x000000004021192c                fpm_open
                0x0000000040211994                fpm_attach
                0x0000000040211b78                wifi_fpm_set_wakeup_cb
                0x0000000040211b78                fpm_set_wakeup_cb
                0x0000000040211cbc                wifi_fpm_do_wakeup
                0x0000000040211cbc                fpm_do_wakeup
                0x00000000402121f4                fpm_do_sleep
                0x00000000402121f4                wifi_fpm_do_sleep
                0x0000000040212294                fpm_auto_sleep_set_in_null_mode
                0x0000000040212294                wifi_fpm_auto_sleep_set_in_null_mode
                0x00000000402122d4                get_fpm_auto_sleep_flag
 .irom0.text    0x00000000402122dc     0x15ba /opt/esp-open-sdk/sdk/lib/libpp.a(pp.o)
                                       0x19a2 (size before relaxing)
                0x00000000402122e8                PPWdtReset
                0x000000004021231c                pp_soft_wdt_init
                0x000000004021233c                system_soft_wdt_feed
                0x000000004021233c                pp_soft_wdt_feed
                0x0000000040212358                pp_soft_wdt_stop
                0x0000000040212358                system_soft_wdt_stop
                0x0000000040212384                pp_soft_wdt_restart
                0x0000000040212384                system_soft_wdt_restart
                0x00000000402123bc                RxNodeNum
                0x00000000402123d4                TxNodeNum
                0x00000000402123f8                pp_disable_noise_timer
                0x0000000040212418                pp_enable_noise_timer
                0x0000000040212528                pp_noise_test
                0x0000000040212538                reset_noise_timer
                0x0000000040212570                pp_disable_idle_timer
                0x0000000040212594                pp_enable_idle_timer
                0x00000000402125bc                pp_try_enable_idle_timer
                0x00000000402125f8                ppPeocessRxPktHdr
                0x000000004021292c                HdlAllBuffedEb
                0x00000000402129b4                ppTxPkt
                0x0000000040212b2c                ppProcessWaitQ
                0x0000000040212b3c                ppRegisterTxCallback
                0x0000000040212b64                ppUnregisterTxCallback
                0x0000000040212b98                ppRecycleRxPkt
                0x0000000040212bf8                ppCheckTxIdle
                0x0000000040212e74                pp_tx_idle_timeout
                0x0000000040213038                DefFreqCalTimerCB
                0x00000000402133b4                ppGetTxQFirstAvail_Locked
                0x0000000040213494                pp_attach
 *fill*         0x0000000040213896        0x2 
 .irom0.text    0x0000000040213898      0x296 /opt/esp-open-sdk/sdk/lib/libpp.a(rate_control.o)
                                        0x2a2 (size before relaxing)
                0x0000000040213ae4                RC_SetBasicRate
 *fill*         0x0000000040213b2e        0x2 
 .irom0.text    0x0000000040213b30      0x5e9 /opt/esp-open-sdk/sdk/lib/libpp.a(trc.o)
                                        0x64d (size before relaxing)
                0x0000000040213b30                phytype2mode
                0x0000000040213b4c                rc_set_rate_limit_id
                0x0000000040213c68                rcUpdatePhyMode
                0x0000000040213e34                rcAttach
                0x0000000040213e80                rcGetTrc
                0x0000000040213e88                trc_onDisconnect
                0x0000000040213e8c                trc_onScanStart
                0x0000000040213ea0                trc_onScanDone
                0x0000000040213ebc                rc_enable_trc
                0x0000000040213f94                rc_get_mask
                0x0000000040213fa8                rc_disable_trc
                0x0000000040213ffc                rc_disable_trc_by_interface
                0x0000000040214018                rc_get_sta_trc
                0x000000004021405c                rc_get_trc
                0x00000000402140cc                rc_get_trc_by_index
                0x00000000402140ec                rc_only_sta_trc
 *fill*         0x0000000040214119        0x3 
 .irom0.text    0x000000004021411c      0xaf7 /opt/esp-open-sdk/sdk/lib/libpp.a(wdev.o)
                                        0xc53 (size before relaxing)
                0x0000000040214128                wDev_Option_Init
                0x000000004021421c                wDev_Enable_Beacon_Tsf
                0x0000000040214238                wDev_Disable_Beacon_Tsf
                0x0000000040214254                wDev_Set_Beacon_Int
                0x000000004021425c                wDev_Reset_TBTT
                0x000000004021428c                wDev_Get_Next_TBTT
                0x0000000040214508                wDev_Initialize
                0x0000000040214578                wDevForceAck6M
                0x0000000040214594                wDev_SetMacAddress
                0x0000000040214630                wDev_SetRxPolicy
                0x0000000040214684                wDev_SetBssid
                0x000000004021475c                wDev_ClearBssid
                0x0000000040214794                wDev_Insert_KeyEntry
                0x0000000040214888                wDev_remove_KeyEntry
                0x00000000402148c4                wDev_remove_KeyEntry_all_cnx
                0x0000000040214914                wDev_Crypto_Conf
                0x00000000402149b0                wDev_Crypto_Disable
                0x00000000402149e8                wDevEnableRx
                0x0000000040214a10                wdev_go_sniffer
                0x0000000040214aec                wdev_set_sniffer_addr
                0x0000000040214b44                wdev_exit_sniffer
 *fill*         0x0000000040214c13        0x1 
 .irom0.text    0x0000000040214c14      0x3ed /opt/esp-open-sdk/sdk/lib/libpp.a(esf_buf.o)
                                        0x4c1 (size before relaxing)
                0x0000000040214c1c                esf_buf_alloc
                0x0000000040214e04                esf_buf_recycle
                0x0000000040214f44                esf_buf_setup
 *fill*         0x0000000040215001        0x3 
 .irom0.text    0x0000000040215004      0x475 /opt/esp-open-sdk/sdk/lib/libnet80211.a(ieee80211.o)
                                        0x545 (size before relaxing)
                0x0000000040215088                ieee80211_rate_ref_init
                0x000000004021509c                ieee80211_freedom_inside_cb
                0x00000000402150cc                ieee80211_freedom_init
                0x00000000402150f0                ieee80211_user_ie_init
                0x000000004021510c                ieee80211_ifattach
                0x0000000040215170                ieee80211_mhz2ieee
                0x00000000402151cc                ieee80211_chan2ieee
                0x00000000402151e8                ieee80211_ieee2mhz
                0x0000000040215228                ieee80211_find_channel
                0x0000000040215254                ieee80211_find_channel_byieee
                0x00000000402152a4                wifi_mode_set
 *fill*         0x0000000040215479        0x3 
 .irom0.text    0x000000004021547c       0xcf /opt/esp-open-sdk/sdk/lib/libnet80211.a(ieee80211_crypto.o)
                                         0xd7 (size before relaxing)
                0x000000004021547c                ieee80211_crypto_attach
                0x0000000040215480                ieee80211_crypto_available
                0x0000000040215484                ieee80211_crypto_setkey
                0x0000000040215488                ieee80211_crypto_encap
                0x00000000402154e0                ieee80211_crypto_decap
 *fill*         0x000000004021554b        0x1 
 .irom0.text    0x000000004021554c       0x4c /opt/esp-open-sdk/sdk/lib/libnet80211.a(ieee80211_ets.o)
                                         0x50 (size before relaxing)
                0x0000000040215550                ieee80211_getmgtframe
 .irom0.text    0x0000000040215598     0x1a08 /opt/esp-open-sdk/sdk/lib/libnet80211.a(ieee80211_hostap.o)
                                       0x1f77 (size before relaxing)
                0x0000000040215bbc                ieee80211_hostap_attach
                0x0000000040215cb8                hostap_handle_timer
                0x0000000040215d50                hostap_input
                0x0000000040216c9c                wifi_softap_start
                0x0000000040216e08                wifi_softap_stop
 *fill*         0x0000000040216fa0        0x0 
 .irom0.text    0x0000000040216fa0      0xa82 /opt/esp-open-sdk/sdk/lib/libnet80211.a(ieee80211_ht.o)
                                        0xb4e (size before relaxing)
                0x0000000040216fb0                ieee80211_ht_attach
                0x0000000040217004                ieee80211_ht_node_init
                0x0000000040217044                ieee80211_ht_node_cleanup
                0x000000004021707c                ieee80211_parse_htcap
                0x0000000040217160                ieee80211_ht_updateparams
                0x0000000040217274                ieee80211_setup_htrates
                0x0000000040217340                ieee80211_setup_basic_htrates
                0x000000004021768c                ieee80211_add_htcap
                0x00000000402176a8                ieee80211_add_htcap_vendor
                0x00000000402177cc                ieee80211_add_htinfo
                0x00000000402177e8                ieee80211_add_htinfo_vendor
 *fill*         0x0000000040217a22        0x2 
 .irom0.text    0x0000000040217a24      0xa8c /opt/esp-open-sdk/sdk/lib/libnet80211.a(ieee80211_input.o)
                                        0xb1c (size before relaxing)
                0x0000000040217a24                ieee80211_deliver_data
                0x0000000040217a78                ieee80211_decap
                0x0000000040217b7c                ieee80211_setup_rates
                0x0000000040217bec                ieee80211_alloc_challenge
                0x0000000040217c28                ieee80211_parse_beacon
                0x00000000402181fc                ieee80211_parse_wpa
                0x0000000040218310                ieee80211_parse_rsn
                0x0000000040218410                ieee80211_parse_action
                0x00000000402184ac                ieee80211_setup_rateset
 .irom0.text    0x00000000402184b0      0x2a6 /opt/esp-open-sdk/sdk/lib/libnet80211.a(ieee80211_mesh_quick.o)
                                        0x302 (size before relaxing)
                0x00000000402184bc                ieee80211_mesh_quick_init
                0x000000004021852c                ieee80211_mesh_quick_deinit
                0x000000004021855c                ieee80211_mesh_quick_set
                0x0000000040218658                ieee80211_mesh_quick_get
                0x0000000040218724                ieee80211_mesh_quick_ie_add
 *fill*         0x0000000040218756        0x2 
 .irom0.text    0x0000000040218758     0x1c56 /opt/esp-open-sdk/sdk/lib/libnet80211.a(ieee80211_output.o)
                                       0x1ff2 (size before relaxing)
                0x000000004021875c                ieee80211_output_pbuf
                0x00000000402189cc                ieee80211_send_setup
                0x0000000040218b00                ieee80211_mgmt_output
                0x0000000040218be4                ieee80211_tx_mgt_cb
                0x0000000040218be8                ieee80211_send_nulldata
                0x0000000040219058                ieee80211_add_rates
                0x00000000402190a8                ieee80211_add_xrates
                0x0000000040219178                ieee80211_send_probereq
                0x000000004021938c                ieee80211_getcapinfo
                0x00000000402193e8                ieee80211_send_mgmt
                0x0000000040219990                ieee80211_alloc_proberesp
                0x0000000040219b68                ieee80211_send_proberesp
                0x0000000040219cb0                ieee80211_alloc_deauth
                0x0000000040219cf0                ieee80211_send_deauth
                0x0000000040219e2c                ieee80211_freedom_output
                0x000000004021a218                ieee80211_beacon_alloc
 *fill*         0x000000004021a3ae        0x2 
 .irom0.text    0x000000004021a3b0       0xe0 /opt/esp-open-sdk/sdk/lib/libnet80211.a(ieee80211_phy.o)
                                        0x108 (size before relaxing)
                0x000000004021a3b0                ieee80211_phy_init
                0x000000004021a3e4                ieee80211_phy_type_get
                0x000000004021a400                ieee80211_setup_ratetable
 .irom0.text    0x000000004021a490      0x1b6 /opt/esp-open-sdk/sdk/lib/libnet80211.a(ieee80211_power.o)
                                        0x1f2 (size before relaxing)
                0x000000004021a490                ieee80211_psq_init
                0x000000004021a4b0                ieee80211_psq_cleanup
                0x000000004021a4b8                ieee80211_set_tim
                0x000000004021a4f8                ieee80211_pwrsave
                0x000000004021a560                pwrsave_flushq
                0x000000004021a610                ieee80211_node_pwrsave
 *fill*         0x000000004021a646        0x2 
 .irom0.text    0x000000004021a648      0x101 /opt/esp-open-sdk/sdk/lib/libnet80211.a(ieee80211_proto.o)
                                        0x129 (size before relaxing)
                0x000000004021a64c                ieee80211_proto_attach
                0x000000004021a674                ieee80211_set_shortslottime
                0x000000004021a690                ieee80211_iserp_rateset
                0x000000004021a6c4                ieee80211_wme_initparams
                0x000000004021a6c8                ieee80211_wme_updateparams
                0x000000004021a6d0                ieee80211_mlme_connect_bss
 *fill*         0x000000004021a749        0x3 
 .irom0.text    0x000000004021a74c       0xaa /opt/esp-open-sdk/sdk/lib/libnet80211.a(ieee80211_rfid.o)
                                         0xd6 (size before relaxing)
                0x000000004021a74c                ieee80211_rfid_locp_recv_open
                0x000000004021a784                ieee80211_rfid_locp_recv_close
                0x000000004021a79c                ieee80211_rfid_locp_recv_reset
                0x000000004021a7bc                ieee80211_rfid_locp_recv
                0x000000004021a7d8                register_ieee80211_rfid_locp_recv_cb
                0x000000004021a7ec                unregister_ieee80211_rfid_locp_recv_cb
 *fill*         0x000000004021a7f6        0x2 
 .irom0.text    0x000000004021a7f8      0xf51 /opt/esp-open-sdk/sdk/lib/libnet80211.a(ieee80211_scan.o)
                                       0x12a1 (size before relaxing)
                0x000000004021a804                ieee80211_scan_attach
                0x000000004021a898                scan_start
                0x000000004021aa58                scan_pm_channel_op_cb
                0x000000004021abf8                scan_cancel
                0x000000004021ad54                scan_add_bssid
                0x000000004021ad78                scan_remove_bssid
                0x000000004021ad84                scan_hidden_ssid
                0x000000004021ad8c                scan_add_probe_ssid
                0x000000004021ade0                scan_remove_probe_ssid
                0x000000004021af1c                scan_clear_channles
                0x000000004021af90                scan_set_desChan
                0x000000004021af9c                scan_get_type
                0x000000004021afa4                cannel_scan_connect_state
                0x000000004021afbc                scan_connect_state
                0x000000004021b004                scan_check_hidden
                0x000000004021b030                scan_profile_check
                0x000000004021b3d8                scan_parse_beacon
 *fill*         0x000000004021b749        0x3 
 .irom0.text    0x000000004021b74c     0x103e /opt/esp-open-sdk/sdk/lib/libnet80211.a(ieee80211_sta.o)
                                       0x12c1 (size before relaxing)
                0x000000004021b7a8                sta_status_set
                0x000000004021b814                ieee80211_sta_new_state
                0x000000004021bba4                sta_input
                0x000000004021c0f0                ieee80211_parse_wmeparams
                0x000000004021c6e0                wifi_station_start
                0x000000004021c750                wifi_station_stop
 *fill*         0x000000004021c78a        0x2 
 .irom0.text    0x000000004021c78c      0x29e /opt/esp-open-sdk/sdk/lib/libnet80211.a(wl_chm.o)
                                        0x31e (size before relaxing)
                0x000000004021c798                chm_init
                0x000000004021c7fc                chm_acquire_lock
                0x000000004021c840                chm_release_lock
                0x000000004021c854                chm_start_op
                0x000000004021c8f8                chm_end_op
                0x000000004021c940                chm_cancel_op
                0x000000004021c974                chm_return_home_channel
                0x000000004021c9a4                chm_set_current_channel
                0x000000004021c9d4                chm_freq2index
                0x000000004021c9fc                chm_check_same_channel
 *fill*         0x000000004021ca2a        0x2 
 .irom0.text    0x000000004021ca2c     0x17d9 /opt/esp-open-sdk/sdk/lib/libnet80211.a(wl_cnx.o)
                                       0x1d4d (size before relaxing)
                0x000000004021ca38                cnx_attach
                0x000000004021ca78                cnx_sta_connect_led_timer_cb
                0x000000004021cacc                cnx_sta_connect_cmd
                0x000000004021cb88                cnx_sta_scan_cmd
                0x000000004021cdf0                cnx_connect_timeout
                0x000000004021ce6c                cnx_auth_timeout
                0x000000004021ce90                cnx_assoc_timeout
                0x000000004021ceb4                cnx_handshake_timeout
                0x000000004021cef4                cnx_start_handoff_cb
                0x000000004021d364                cnx_bss_alloc
                0x000000004021d404                cnx_rc_search
                0x000000004021d484                cnx_add_rc
                0x000000004021d4f0                cnx_remove_all_rc
                0x000000004021d53c                cnx_remove_rc
                0x000000004021d60c                cnx_rc_update_rssi
                0x000000004021d694                cnx_rc_update_state_metric
                0x000000004021d700                cnx_rc_update_age
                0x000000004021d724                cnx_update_bss
                0x000000004021d758                cnx_update_bss_more
                0x000000004021d934                cnx_sta_leave
                0x000000004021dbc8                cnx_sta_associated
                0x000000004021dcd0                cnx_node_alloc
                0x000000004021dd44                cnx_node_remove
                0x000000004021ddd0                cnx_node_search
                0x000000004021de4c                cnx_node_leave
                0x000000004021df4c                wifi_softap_staconnected_event_policy
                0x000000004021df74                wifi_softap_toomany_deny
                0x000000004021dfb0                cnx_node_join
 *fill*         0x000000004021e205        0x3 
 .irom0.text    0x000000004021e208      0x16f /opt/esp-open-sdk/sdk/lib/libnet80211.a(ieee80211_action.o)
                                        0x193 (size before relaxing)
                0x000000004021e218                ieee80211_send_action_register
                0x000000004021e24c                ieee80211_send_action_unregister
                0x000000004021e260                ieee80211_send_action
                0x000000004021e2cc                ieee80211_recv_action_register
                0x000000004021e300                ieee80211_recv_action_unregister
                0x000000004021e314                ieee80211_recv_action
 *fill*         0x000000004021e377        0x1 
 .irom0.text    0x000000004021e378      0x479 /opt/esp-open-sdk/sdk/lib/libnet80211.a(ieee80211_action_vendor.o)
                                        0x505 (size before relaxing)
                0x000000004021e37c                get_iav_key
                0x000000004021e39c                register_ieee80211_action_vendor_get_key_cb
                0x000000004021e3b0                unregister_ieee80211_action_vendor_get_key_cb
                0x000000004021e3c4                ieee80211_add_action_vendor_spec_esp
                0x000000004021e40c                ieee80211_alloc_action_vendor_spec
                0x000000004021e4f8                ieee80211_send_action_vendor_spec
                0x000000004021e68c                ieee80211_recv_action_vendor_spec
                0x000000004021e794                ieee80211_action_vendor_spec_attach
                0x000000004021e7d4                register_ieee80211_action_vendor_spec_cb
                0x000000004021e7e8                unregister_ieee80211_action_vendor_spec_cb
 *fill*         0x000000004021e7f1        0x3 
 .irom0.text    0x000000004021e7f4      0x15d /opt/esp-open-sdk/sdk/lib/libnet80211.a(ieee80211_crypto_ccmp.o)
                                        0x165 (size before relaxing)
 *fill*         0x000000004021e951        0x3 
 .irom0.text    0x000000004021e954      0x23d /opt/esp-open-sdk/sdk/lib/libnet80211.a(ieee80211_ie_vendor.o)
                                        0x25d (size before relaxing)
                0x000000004021e958                ieee80211_add_ie_vendor_esp_head
                0x000000004021e990                ieee80211_add_ie_vendor_esp_mesh_assoc
                0x000000004021ea14                ieee80211_add_ie_vendor_esp_mesh_group
                0x000000004021ea44                ieee80211_add_ie_vendor_esp_simple_pair
                0x000000004021ea94                ieee80211_add_ie_vendor_esp_freq_annon
                0x000000004021eacc                ieee80211_add_ie_vendor_esp_now
                0x000000004021eb04                ieee80211_add_ie_vendor_esp_ssid
                0x000000004021eb44                ieee80211_add_ie_vendor_esp_manufacturer
 *fill*         0x000000004021eb91        0x3 
 .irom0.text    0x000000004021eb94     0x13f0 /opt/sming/Sming/compiler/lib//liblwip_open.a(dhcp.o)
                                       0x15d8 (size before relaxing)
                0x000000004021f950                dhcp_set_struct
                0x000000004021f97c                dhcp_cleanup
                0x000000004021f9a4                dhcp_inform
                0x000000004021fa50                dhcp_network_changed
                0x000000004021fa9c                dhcp_arp_reply
                0x000000004021fb4c                dhcp_renew
                0x000000004021fc30                dhcp_coarse_tmr
                0x000000004021fcbc                dhcp_release
                0x000000004021fd8c                dhcp_fine_tmr
                0x000000004021fe84                dhcp_stop
                0x000000004021fec0                dhcp_start
 .irom0.text    0x000000004021ff84      0x5c3 /opt/sming/Sming/compiler/lib//liblwip_open.a(dns.o)
                                        0x677 (size before relaxing)
                0x0000000040220388                dns_setserver
                0x00000000402203b0                dns_init
                0x00000000402203f4                dns_getserver
                0x000000004022040c                dns_tmr
                0x000000004022043c                dns_gethostbyname
 *fill*         0x0000000040220547        0x1 
 .irom0.text    0x0000000040220548       0x51 /opt/sming/Sming/compiler/lib//liblwip_open.a(init.o)
                                         0x71 (size before relaxing)
                0x0000000040220558                lwip_init
 *fill*         0x0000000040220599        0x3 
 .irom0.text    0x000000004022059c      0x280 /opt/sming/Sming/compiler/lib//liblwip_open.a(netif.o)
                                        0x2dc (size before relaxing)
                0x000000004022059c                netif_init
                0x00000000402205a0                netif_find
                0x00000000402205d4                netif_set_ipaddr
                0x0000000040220640                netif_set_addr
                0x0000000040220674                netif_add
                0x00000000402206e8                netif_set_gw
                0x00000000402206f0                netif_set_netmask
                0x00000000402206f8                netif_set_default
                0x0000000040220700                netif_set_up
                0x000000004022073c                netif_set_down
                0x000000004022075c                netif_remove
                0x00000000402207c4                netif_set_link_up
                0x000000004022080c                netif_set_link_down
 .irom0.text    0x000000004022081c      0x750 /opt/sming/Sming/compiler/lib//liblwip_open.a(pbuf.o)
                                        0x794 (size before relaxing)
                0x000000004022081c                pbuf_free_ooseq_new
                0x0000000040220878                pbuf_header
                0x0000000040220908                pbuf_free
                0x00000000402209a0                pbuf_alloc
                0x0000000040220b20                pbuf_realloc
                0x0000000040220b6c                pbuf_clen
                0x0000000040220b80                pbuf_ref
                0x0000000040220b8c                pbuf_cat
                0x0000000040220bc0                pbuf_chain
                0x0000000040220bdc                pbuf_dechain
                0x0000000040220c14                pbuf_copy
                0x0000000040220cd8                pbuf_copy_partial
                0x0000000040220d6c                pbuf_take
                0x0000000040220de0                pbuf_coalesce
                0x0000000040220e20                pbuf_get_at
                0x0000000040220e44                pbuf_memcmp
                0x0000000040220ec0                pbuf_memfind
                0x0000000040220f24                pbuf_strstr
 .irom0.text    0x0000000040220f6c      0xb17 /opt/sming/Sming/compiler/lib//liblwip_open.a(tcp.o)
                                        0xc6b (size before relaxing)
                0x0000000040220f6c                tcp_bind
                0x0000000040220ff4                tcp_listen_with_backlog
                0x00000000402210b4                tcp_update_rcv_ann_wnd
                0x0000000040221100                tcp_recved
                0x0000000040221158                tcp_seg_free
                0x0000000040221184                tcp_segs_free
                0x00000000402211a4                tcp_setprio
                0x00000000402211ac                tcp_seg_copy
                0x00000000402211e8                tcp_arg
                0x00000000402211ec                tcp_recv
                0x00000000402211f4                tcp_sent
                0x00000000402211fc                tcp_err
                0x0000000040221204                tcp_accept
                0x0000000040221208                tcp_poll
                0x0000000040221210                tcp_pcb_purge
                0x0000000040221270                tcp_slowtmr
                0x0000000040221520                tcp_pcb_remove
                0x000000004022158c                tcp_close
                0x00000000402215b4                tcp_recv_null
                0x00000000402215ec                tcp_fasttmr
                0x0000000040221680                tcp_tmr
                0x00000000402216a4                tcp_shutdown
                0x0000000040221708                tcp_abandon
                0x00000000402217a8                tcp_abort
                0x00000000402217c0                tcp_next_iss
                0x00000000402217e0                tcp_alloc
                0x000000004022192c                tcp_new
                0x0000000040221940                tcp_eff_send_mss
                0x0000000040221974                tcp_connect
 *fill*         0x0000000040221a83        0x1 
 .irom0.text    0x0000000040221a84      0xf4f /opt/sming/Sming/compiler/lib//liblwip_open.a(tcp_out.o)
                                       0x105b (size before relaxing)
                0x0000000040221c7c                tcp_write
                0x0000000040221f9c                tcp_enqueue_flags
                0x000000004022205c                tcp_send_fin
                0x00000000402220a8                tcp_send_empty_ack
                0x0000000040222144                tcp_output
                0x0000000040222568                tcp_rst
                0x00000000402226ac                tcp_rexmit_rto
                0x0000000040222730                tcp_rexmit
                0x00000000402227dc                tcp_rexmit_fast
                0x0000000040222840                tcp_keepalive
                0x00000000402228c4                tcp_zero_window_probe
 *fill*         0x00000000402229d3        0x1 
 .irom0.text    0x00000000402229d4      0x283 /opt/sming/Sming/compiler/lib//liblwip_open.a(timers.o)
                                        0x30f (size before relaxing)
                0x00000000402229dc                sys_timeout
                0x0000000040222a6c                tcp_timer_needed
                0x0000000040222adc                sys_timeouts_init
                0x0000000040222b68                sys_untimeout
                0x0000000040222bc0                sys_check_timeouts
                0x0000000040222c48                sys_restart_timeouts
 *fill*         0x0000000040222c57        0x1 
 .irom0.text    0x0000000040222c58      0x50c /opt/sming/Sming/compiler/lib//liblwip_open.a(udp.o)
                                        0x58c (size before relaxing)
                0x0000000040222c64                udp_input
                0x0000000040222e34                udp_bind
                0x0000000040222eb0                udp_sendto_if
                0x0000000040222ff8                udp_sendto
                0x000000004022304c                udp_send
                0x0000000040223068                udp_connect
                0x00000000402230d0                udp_disconnect
                0x00000000402230e4                udp_recv
                0x00000000402230f0                udp_remove
                0x000000004022312c                udp_new
 .irom0.text    0x0000000040223164      0x220 /opt/sming/Sming/compiler/lib//liblwip_open.a(icmp.o)
                                        0x2a8 (size before relaxing)
                0x0000000040223164                icmp_input
                0x00000000402232dc                icmp_dest_unreach
 .irom0.text    0x0000000040223384      0x5b6 /opt/sming/Sming/compiler/lib//liblwip_open.a(igmp.o)
                                        0x636 (size before relaxing)
                0x0000000040223520                igmp_init
                0x0000000040223534                igmp_stop
                0x00000000402235a0                igmp_report_groups
                0x00000000402235d0                igmp_lookfor_group
                0x00000000402235ec                igmp_start
                0x0000000040223648                igmp_input
                0x0000000040223768                igmp_joingroup
                0x0000000040223828                igmp_leavegroup
                0x0000000040223900                igmp_tmr
 *fill*         0x000000004022393a        0x2 
 .irom0.text    0x000000004022393c      0x384 /opt/sming/Sming/compiler/lib//liblwip_open.a(ip_addr.o)
                                        0x3a8 (size before relaxing)
                0x000000004022393c                ip4_addr_isbroadcast
                0x0000000040223974                ip4_addr_netmask_valid
                0x00000000402239c4                ipaddr_aton
                0x0000000040223bb4                ipaddr_addr
                0x0000000040223bd0                ipaddr_ntoa_r
                0x0000000040223cac                ipaddr_ntoa
 .irom0.text    0x0000000040223cc0      0x5c2 /opt/sming/Sming/compiler/lib//liblwip_open.a(ip.o)
                                        0x662 (size before relaxing)
                0x0000000040223cc0                ip_route
                0x0000000040223d38                ip_router
                0x0000000040223d9c                ip_input
                0x0000000040223ffc                ip_output_if_opt
                0x000000004022420c                ip_output_if
                0x0000000040224234                ip_output
 *fill*         0x0000000040224282        0x2 
 .irom0.text    0x0000000040224284      0x8a7 /opt/sming/Sming/compiler/lib//liblwip_open.a(etharp.o)
                                        0x9a3 (size before relaxing)
                0x000000004022441c                etharp_tmr
                0x0000000040224474                etharp_cleanup_netif
                0x00000000402244b0                etharp_find_addr
                0x0000000040224500                etharp_request
                0x0000000040224648                etharp_query
                0x00000000402247e4                etharp_output
                0x00000000402248dc                ethernet_input
 *fill*         0x0000000040224b2b        0x1 
 .irom0.text    0x0000000040224b2c      0xbfb /opt/sming/Sming/compiler/lib//liblwip_open.a(dhcpserver.o)
                                        0xd97 (size before relaxing)
                0x0000000040224d24                node_insert_to_list
                0x0000000040224d60                node_remove_from_list
                0x00000000402252a4                dhcps_start
                0x0000000040225428                dhcps_stop
                0x0000000040225494                wifi_softap_set_dhcps_lease
                0x0000000040225580                wifi_softap_get_dhcps_lease
                0x00000000402255c8                dhcps_coarse_tmr
                0x0000000040225684                wifi_softap_set_dhcps_offer_option
                0x00000000402256c4                wifi_softap_set_dhcps_lease_time
                0x00000000402256f4                wifi_softap_reset_dhcps_lease_time
                0x0000000040225720                wifi_softap_get_dhcps_lease_time
 *fill*         0x0000000040225727        0x1 
 .irom0.text    0x0000000040225728      0x1f1 /opt/sming/Sming/compiler/lib//liblwip_open.a(raw.o)
                                        0x23d (size before relaxing)
                0x000000004022572c                raw_input
                0x00000000402257b4                raw_bind
                0x00000000402257c0                raw_connect
                0x00000000402257cc                raw_recv
                0x00000000402257d4                raw_sendto
                0x0000000040225878                raw_send
                0x0000000040225894                raw_remove
                0x00000000402258d0                raw_new
 *fill*         0x0000000040225919        0x3 
 .irom0.text    0x000000004022591c     0x1387 /opt/sming/Sming/compiler/lib//liblwip_open.a(tcp_in.o)
                                       0x154f (size before relaxing)
                0x0000000040226334                tcp_input
 *fill*         0x0000000040226ca3        0x1 
 .irom0.text    0x0000000040226ca4      0x2aa /opt/esp-open-sdk/sdk/lib/libwpa.a(ap_config.o)
                                        0x2ee (size before relaxing)
                0x0000000040226ca8                hostapd_config_defaults_bss
                0x0000000040226cf4                hostapd_config_defaults
                0x0000000040226d78                hostapd_mac_comp
                0x0000000040226d8c                hostapd_mac_comp_empty
                0x0000000040226df8                hostapd_setup_wpa_psk
                0x0000000040226e28                hostapd_wep_key_cmp
                0x0000000040226e78                hostapd_maclist_found
                0x0000000040226ee0                hostapd_rate_found
                0x0000000040226efc                hostapd_get_psk
 *fill*         0x0000000040226f4e        0x2 
 .irom0.text    0x0000000040226f50      0x2b6 /opt/esp-open-sdk/sdk/lib/libwpa.a(common.o)
                                        0x302 (size before relaxing)
                0x0000000040226f50                inc_byte_array
                0x0000000040226fa4                hex2byte
                0x0000000040226fd8                hexstr2bin
                0x0000000040227024                wpa_get_ntp_timestamp
                0x00000000402270bc                wpa_config_parse_string
                0x00000000402271c0                dup_binstr
 *fill*         0x0000000040227206        0x2 
 .irom0.text    0x0000000040227208       0xcc /opt/esp-open-sdk/sdk/lib/libwpa.a(os_xtensa.o)
                                         0xdc (size before relaxing)
                0x000000004022720c                ets_strdup
                0x0000000040227250                os_get_time
                0x0000000040227254                r_rand
                0x0000000040227268                os_random
                0x0000000040227278                os_get_random
 .irom0.text    0x00000000402272d4     0x1c86 /opt/esp-open-sdk/sdk/lib/libwpa.a(wpa_auth.o)
                                       0x1f66 (size before relaxing)
                0x0000000040227420                wpa_auth_for_each_sta
                0x00000000402275a0                wpa_init
                0x0000000040227630                wpa_auth_sta_init
                0x0000000040227678                wpa_auth_sta_associated
                0x00000000402276e4                wpa_auth_sta_no_wpa
                0x0000000040227740                wpa_auth_sta_deinit
                0x0000000040227810                wpa_receive
                0x0000000040227c74                __wpa_send_eapol
                0x0000000040228198                wpa_remove_ptk
                0x00000000402281e4                wpa_auth_sm_event
 *fill*         0x0000000040228f5a        0x2 
 .irom0.text    0x0000000040228f5c      0x582 /opt/esp-open-sdk/sdk/lib/libwpa.a(wpa_auth_ie.o)
                                        0x5f6 (size before relaxing)
                0x0000000040229020                wpa_write_rsn_ie
                0x000000004022912c                wpa_auth_gen_wpa_ie
                0x00000000402291bc                wpa_add_kde
                0x0000000040229228                wpa_validate_wpa_ie
                0x0000000040229434                wpa_parse_kde_ies
                0x00000000402294d0                wpa_auth_uses_mfp
 *fill*         0x00000000402294de        0x2 
 .irom0.text    0x00000000402294e0     0x14d0 /opt/esp-open-sdk/sdk/lib/libwpa.a(wpa.o)
                                       0x1708 (size before relaxing)
                0x000000004022a46c                wpa_sm_rx_eapol
                0x000000004022a5e4                wpa_register
                0x000000004022a610                wpa_set_profile
                0x000000004022a628                wpa_set_pmk
                0x000000004022a654                wpa_set_bss
                0x000000004022a858                pp_michael_mic_failure
                0x000000004022a8fc                eapol_txcb
                0x000000004022a988                wpa_sm_set_state
 .irom0.text    0x000000004022a9b0      0x76a /opt/esp-open-sdk/sdk/lib/libwpa.a(wpa_common.o)
                                        0x7fa (size before relaxing)
                0x000000004022aaf8                wpa_parse_wpa_ie_rsn
                0x000000004022ac8c                wpa_parse_wpa_ie_wpa
                0x000000004022ae1c                wpa_eapol_key_mic
                0x000000004022ae5c                wpa_compare_rsn_ie
                0x000000004022ae84                wpa_pmk_to_ptk
                0x000000004022af74                rsn_pmkid
                0x000000004022afd0                wpa_cipher_key_len
                0x000000004022aff4                wpa_cipher_to_alg
                0x000000004022b01c                wpa_cipher_to_suite
                0x000000004022b070                rsn_cipher_put_suites
                0x000000004022b0d0                wpa_cipher_put_suites
 *fill*         0x000000004022b11a        0x2 
 .irom0.text    0x000000004022b11c       0xa8 /opt/esp-open-sdk/sdk/lib/libwpa.a(wpa_debug.o)
                                         0xac (size before relaxing)
                0x000000004022b194                wpa_snprintf_hex_uppercase
                0x000000004022b1a8                wpa_snprintf_hex
                0x000000004022b1bc                eloop_cancel_timeout
                0x000000004022b1c0                eloop_register_timeout
 .irom0.text    0x000000004022b1c4      0x325 /opt/esp-open-sdk/sdk/lib/libwpa.a(wpa_ie.o)
                                        0x341 (size before relaxing)
                0x000000004022b1c4                wpa_parse_wpa_ie
                0x000000004022b2b8                wpa_supplicant_parse_ies
                0x000000004022b4b8                wpa_gen_wpa_ie
 *fill*         0x000000004022b4e9        0x3 
 .irom0.text    0x000000004022b4ec      0x418 /opt/esp-open-sdk/sdk/lib/libwpa.a(wpa_main.o)
                                        0x52c (size before relaxing)
                0x000000004022b4f0                ppInstallKey
                0x000000004022b680                wpa_config_profile
                0x000000004022b6b4                wpa_config_bss
                0x000000004022b6e0                wpa_config_assoc_ie
                0x000000004022b6f4                dhcp_bind_check
                0x000000004022b728                eagle_auth_done
                0x000000004022b8a4                wpa_neg_complete
                0x000000004022b8cc                wpa_attach
 .irom0.text    0x000000004022b904       0xd6 /opt/esp-open-sdk/sdk/lib/libwpa.a(wpas_glue.o)
                                         0xe2 (size before relaxing)
                0x000000004022b974                wpa_sm_alloc_eapol
                0x000000004022b9b4                wpa_sm_deauthenticate
                0x000000004022b9d0                wpa_sm_mlme_setprotection
                0x000000004022b9d4                wpa_sm_get_beacon_ie
                0x000000004022b9d8                wpa_sm_disassociate
 *fill*         0x000000004022b9da        0x2 
 .irom0.text    0x000000004022b9dc       0xdf /opt/esp-open-sdk/sdk/lib/libwpa.a(aes-wrap.o)
                                        0x103 (size before relaxing)
                0x000000004022b9dc                aes_wrap
 *fill*         0x000000004022babb        0x1 
 .irom0.text    0x000000004022babc      0x4b7 /opt/esp-open-sdk/sdk/lib/libwpa.a(aes-internal-enc.o)
                                        0x4df (size before relaxing)
                0x000000004022bac0                rijndaelEncrypt
                0x000000004022bedc                aes_encrypt_init
                0x000000004022bf30                aes_encrypt
                0x000000004022bf48                aes_encrypt_deinit
 *fill*         0x000000004022bf73        0x1 
 .irom0.text    0x000000004022bf74      0x304 /opt/esp-open-sdk/sdk/lib/libwpa.a(aes-internal.o)
                                        0x31c (size before relaxing)
                0x000000004022bf78                rijndaelKeySetupEnc
 .irom0.text    0x000000004022c278      0x135 /opt/sming/Sming/compiler/lib//libmicrogcc.a(_divsf3.o)
                0x000000004022c2f4                __divsf3
 *fill*         0x000000004022c3ad        0x3 
 .irom0.text    0x000000004022c3b0      0x187 /opt/esp-open-sdk/sdk/lib/libnet80211.a(ieee80211_crypto_tkip.o)
                                        0x197 (size before relaxing)
 *fill*         0x000000004022c537        0x1 
 .irom0.text    0x000000004022c538       0x78 /opt/esp-open-sdk/sdk/lib/libnet80211.a(ieee80211_crypto_wep.o)
                                         0x7c (size before relaxing)
 *fill*         0x000000004022c5b0        0x0 
 .irom.text     0x000000004022c5b0      0x4c0 out/build/libmain2.a(app_main.o)
 *fill*         0x000000004022ca70        0x0 
 .irom.text     0x000000004022ca70      0x14c out/build/libmain2.a(ets_timer.o)
 *fill*         0x000000004022cbbc        0x4 
 .irom.text     0x000000004022cbc0       0x11 out/build/libmain2.a(mem_manager.o)
 *fill*         0x000000004022cbd1        0xf 
 .irom.text     0x000000004022cbe0       0x5b out/build/libmain2.a(spi_flash.o)
 *fill*         0x000000004022cc3b        0x0 
 *fill*         0x000000004022cc3b        0x5 
 .irom.text     0x000000004022cc40      0x2d5 out/build/libmain2.a(user_interface.o)
                0x000000004022cc60                default_ssid
 *fill*         0x000000004022cf15        0x0 
 *fill*         0x000000004022cf15        0xb 
 .irom.text     0x000000004022cf20       0x63 out/build/libmain2.a(eagle_lwip_if.o)
 *fill*         0x000000004022cf83        0x1 
 .irom.debug.085
                0x000000004022cf84       0x64 out/build/app_app.a(application.o)
 .irom0.text    0x000000004022cfe8       0x4f /opt/sming/Sming/compiler/lib//libmicroc.a(__fpclassify.o)
                0x000000004022cfe8                __fpclassify
                0x000000004022d028                __fpclassifyd
 *fill*         0x000000004022d037        0x0 
 *fill*         0x000000004022d037        0x0 
 *fill*         0x000000004022d037        0x0 
 *fill*         0x000000004022d037        0x0 
 *fill*         0x000000004022d037        0x0 
 *fill*         0x000000004022d037        0x0 
 *fill*         0x000000004022d037        0x9 
 .irom.text     0x000000004022d040       0x65 /opt/esp-open-sdk/sdk/lib/libphy.a(phy_chip_v6_ana.o)
 *fill*         0x000000004022d0a5        0x0 
 *fill*         0x000000004022d0a5        0xb 
 .irom.text     0x000000004022d0b0      0x14c /opt/esp-open-sdk/sdk/lib/libphy.a(phy_chip_v6.o)
 *fill*         0x000000004022d1fc        0x4 
 .irom.text     0x000000004022d200      0x1f4 /opt/esp-open-sdk/sdk/lib/libphy.a(phy_chip_v6_cal.o)