Archive member included to satisfy reference by file (symbol)

out/build/app_app.a(rboot-bigflash.o)
                              (Cache_Read_Enable_New)
out/build/app_app.a(overrides.o)
                              (spiffs_get_storage_config)
out/build/libmain2.a(debug-vector.o)
                              (_DebugExceptionVector)
out/build/libmain2.a(double-vector.o)
                              (_DoubleExceptionVector)
out/build/libmain2.a(kernel-vector.o)
                              (_KernelExceptionVector)
out/build/libmain2.a(nmi-vector.o)
                              (_NMIExceptionVector)
out/build/libmain2.a(user-vector.o)
                              (_UserExceptionVector)
out/build/libmain2.a(vector.o)
                              (call_user_start)
out/build/libmain2.a(app_main.o)
                              out/build/libmain2.a(nmi-vector.o) (NMI_Handler)
out/build/libmain2.a(ets_timer.o)
                              out/build/libmain2.a(app_main.o) (ets_timer_setfn)
out/build/libmain2.a(mem_manager.o)
                              out/build/libmain2.a(app_main.o) (pvPortMalloc)
out/build/libmain2.a(spi_flash.o)
                              out/build/libmain2.a(app_main.o) (spi_flash_get_id)
out/build/libmain2.a(user_interface.o)
                              out/build/libmain2.a(app_main.o) (done_cb)
out/build/libmain2.a(eagle_lib.o)
                              out/build/libmain2.a(user_interface.o) (ets_sprintf)
out/build/libmain2.a(eagle_lwip_if.o)
                              out/build/libmain2.a(user_interface.o) (hostname)
/opt/sming/Sming/compiler/lib//libsming.a(crash_handler.o)
                              (custom_crash_callback)
/opt/sming/Sming/compiler/lib//libsming.a(user_main.o)
                              out/build/libmain2.a(app_main.o) (user_init)
/opt/sming/Sming/compiler/lib//libsming.a(System.o)
                              /opt/sming/Sming/compiler/lib//libsming.a(user_main.o) (_ZN11SystemClass10initializeEv)
/opt/sming/Sming/compiler/lib//libsming.a(gdbstub.o)
                              /opt/sming/Sming/compiler/lib//libsming.a(user_main.o) (gdbstub_init)
/opt/sming/Sming/compiler/lib//libsming.a(esp_cplusplus.o)
                              /opt/sming/Sming/compiler/lib//libsming.a(user_main.o) (cpp_core_initialize)
/opt/sming/Sming/compiler/lib//libsming.a(m_printf.o)
                              /opt/sming/Sming/compiler/lib//libsming.a(esp_cplusplus.o) (m_printf)
/opt/sming/Sming/compiler/lib//libsming.a(IPAddress.o)
                              /opt/sming/Sming/compiler/lib//libsming.a(user_main.o) (_ZN9IPAddressC1Ehhhh)
/opt/sming/Sming/compiler/lib//libsming.a(WString.o)
                              /opt/sming/Sming/compiler/lib//libsming.a(IPAddress.o) (_ZN6StringD1Ev)
/opt/sming/Sming/compiler/lib//libsming.a(Print.o)
                              /opt/sming/Sming/compiler/lib//libsming.a(IPAddress.o) (_ZN5Print5printEc)
/opt/sming/Sming/compiler/lib//libsming.a(FakePgmSpace.o)
                              /opt/sming/Sming/compiler/lib//libsming.a(IPAddress.o) (strncpy_P)
/opt/sming/Sming/compiler/lib//libsming.a(gdbstub-entry.o)
                              /opt/sming/Sming/compiler/lib//libsming.a(gdbstub.o) (gdbstub_save_extra_sfrs_for_exception)
/opt/sming/Sming/compiler/lib//libsming.a(stringconversion.o)
                              /opt/sming/Sming/compiler/lib//libsming.a(m_printf.o) (ltoa_wp)
out/build/app_app.a(application.o)
                              /opt/sming/Sming/compiler/lib//libsming.a(user_main.o) (_Z4initv)
/opt/sming/Sming/compiler/lib//libmicroc.a(isspace.o)
                              /opt/sming/Sming/compiler/lib//libsming.a(WString.o) (isspace)
/opt/sming/Sming/compiler/lib//libmicroc.a(tolower.o)
                              /opt/sming/Sming/compiler/lib//libsming.a(WString.o) (tolower)
/opt/sming/Sming/compiler/lib//libmicroc.a(toupper.o)
                              /opt/sming/Sming/compiler/lib//libsming.a(WString.o) (toupper)
/opt/sming/Sming/compiler/lib//libmicroc.a(atof.o)
                              /opt/sming/Sming/compiler/lib//libsming.a(WString.o) (atof)
/opt/sming/Sming/compiler/lib//libmicroc.a(atoi.o)
                              /opt/sming/Sming/compiler/lib//libsming.a(WString.o) (atoi)
/opt/sming/Sming/compiler/lib//libmicroc.a(strtod.o)
                              /opt/sming/Sming/compiler/lib//libmicroc.a(atof.o) (strtod)
/opt/sming/Sming/compiler/lib//libmicroc.a(strtol.o)
                              out/build/app_app.a(application.o) (strtol)
/opt/sming/Sming/compiler/lib//libmicroc.a(__fpclassify.o)
                              /opt/sming/Sming/compiler/lib//libsming.a(Print.o) (__fpclassifyd)
/opt/sming/Sming/compiler/lib//libmicroc.a(strchr.o)
                              /opt/sming/Sming/compiler/lib//libsming.a(WString.o) (strchr)
/opt/sming/Sming/compiler/lib//libmicroc.a(strrchr.o)
[...]
Memory Configuration

Name             Origin             Length             Attributes
dport0_0_seg     0x000000003ff00000 0x0000000000000010
dram0_0_seg      0x000000003ffe8000 0x0000000000014000
iram1_0_seg      0x0000000040100000 0x0000000000008000
irom0_0_seg      0x0000000040202010 0x00000000000fdff0
*default*        0x0000000000000000 0xffffffffffffffff

Linker script and memory map

START GROUP
LOAD out/build/app_app.a
LOAD /opt/sming/Sming/compiler/lib//libmicroc.a
LOAD /opt/sming/Sming/compiler/lib//libmicrogcc.a
LOAD /opt/esp-open-sdk/xtensa-lx106-elf/xtensa-lx106-elf/sysroot/usr/lib/libhal.a
LOAD /opt/esp-open-sdk/sdk/lib/libphy.a
LOAD /opt/esp-open-sdk/sdk/lib/libpp.a
LOAD /opt/esp-open-sdk/sdk/lib/libnet80211.a
LOAD /opt/sming/Sming/compiler/lib//liblwip_open.a
LOAD /opt/esp-open-sdk/sdk/lib/libwpa.a
LOAD out/build/libmain2.a
LOAD /opt/sming/Sming/compiler/lib//libsming.a
LOAD /opt/esp-open-sdk/sdk/lib/libcrypto.a
LOAD /opt/sming/Sming/compiler/lib//libpwm_open.a
LOAD /opt/esp-open-sdk/sdk/lib/libsmartconfig.a
END GROUP
                [!provide]                        PROVIDE (_memmap_vecbase_reset, 0x40000000)
                0x0000000000000110                _memmap_cacheattr_wb_base = 0x110
                0x0000000000000110                _memmap_cacheattr_wt_base = 0x110
                0x0000000000000220                _memmap_cacheattr_bp_base = 0x220
                0x00000000fffff00f                _memmap_cacheattr_unused_mask = 0xfffff00f
                0x000000002222211f                _memmap_cacheattr_wb_trapnull = 0x2222211f
                0x000000002222211f                _memmap_cacheattr_wba_trapnull = 0x2222211f
                0x000000002222211f                _memmap_cacheattr_wbna_trapnull = 0x2222211f
                0x000000002222211f                _memmap_cacheattr_wt_trapnull = 0x2222211f
                0x000000002222222f                _memmap_cacheattr_bp_trapnull = 0x2222222f
                0x00000000fffff11f                _memmap_cacheattr_wb_strict = 0xfffff11f
                0x00000000fffff11f                _memmap_cacheattr_wt_strict = 0xfffff11f
                0x00000000fffff22f                _memmap_cacheattr_bp_strict = 0xfffff22f
                0x0000000022222112                _memmap_cacheattr_wb_allvalid = 0x22222112
                0x0000000022222112                _memmap_cacheattr_wt_allvalid = 0x22222112
                0x0000000022222222                _memmap_cacheattr_bp_allvalid = 0x22222222
                [!provide]                        PROVIDE (_memmap_cacheattr_reset, _memmap_cacheattr_wb_trapnull)

.dport0.rodata  0x000000003ff00000        0x0
                0x000000003ff00000                _dport0_rodata_start = ABSOLUTE (.)
 *(.dport0.rodata)
 *(.dport.rodata)
                0x000000003ff00000                _dport0_rodata_end = ABSOLUTE (.)

.dport0.literal
                0x000000003ff00000        0x0
                0x000000003ff00000                _dport0_literal_start = ABSOLUTE (.)
 *(.dport0.literal)
 *(.dport.literal)
                0x000000003ff00000                _dport0_literal_end = ABSOLUTE (.)

.dport0.data    0x000000003ff00000        0x0
                0x000000003ff00000                _dport0_data_start = ABSOLUTE (.)
 *(.dport0.data)
 *(.dport.data)
                0x000000003ff00000                _dport0_data_end = ABSOLUTE (.)

.data           0x000000003ffe8000      0x384
                0x000000003ffe8000                _data_start = ABSOLUTE (.)
 *(.data)
 .data          0x000000003ffe8000        0x4 out/build/libmain2.a(nmi-vector.o)
                0x000000003ffe8000                _Pri_3_HandlerAddress
 .data          0x000000003ffe8004        0x1 out/build/libmain2.a(app_main.o)
 *fill*         0x000000003ffe8005        0x3 
 .data          0x000000003ffe8008        0x6 out/build/libmain2.a(user_interface.o)
                0x000000003ffe8009                timer2_ms_flag
                0x000000003ffe800a                dhcps_flag
                0x000000003ffe800b                dhcpc_flag
                0x000000003ffe800d                reconnect_internal
 *fill*         0x000000003ffe800e        0x2 
 .data          0x000000003ffe8010        0x1 out/build/libmain2.a(eagle_lwip_if.o)
                0x000000003ffe8010                default_hostname
 *fill*         0x000000003ffe8011        0xf 
 .data          0x000000003ffe8020       0x53 /opt/esp-open-sdk/sdk/lib/libphy.a(phy_chip_v6.o)
                0x000000003ffe8022                tx_rf_ana_gain
                0x000000003ffe8050                rx_gain_swp
                0x000000003ffe8070                test_rffreq_txcap
 *fill*         0x000000003ffe8073        0x1 
 .data          0x000000003ffe8074        0x1 /opt/esp-open-sdk/sdk/lib/libphy.a(phy_chip_v6_cal.o)
                0x000000003ffe8074                rfcal_bb_atten_init
 *fill*         0x000000003ffe8075        0x3 
 .data          0x000000003ffe8078        0x4 /opt/esp-open-sdk/sdk/lib/libphy.a(phy_sleep.o)
                0x000000003ffe8078                chip_version
 .data          0x000000003ffe807c        0x1 /opt/esp-open-sdk/sdk/lib/libpp.a(pm.o)
 *fill*         0x000000003ffe807d        0x3 
 .data          0x000000003ffe8080        0x1 /opt/esp-open-sdk/sdk/lib/libpp.a(pm_for_bcn_only_mode.o)
 *fill*         0x000000003ffe8081        0x3 
 .data          0x000000003ffe8084       0x1c /opt/esp-open-sdk/sdk/lib/libpp.a(pp.o)
                0x000000003ffe8084                soft_wdt_interval
                0x000000003ffe8088                NoiseTimerInterval
                0x000000003ffe8090                sleep_start_wait_time
                0x000000003ffe8098                CanDoFreqCal
                0x000000003ffe809c                tcb
 .data          0x000000003ffe80a0       0x40 /opt/esp-open-sdk/sdk/lib/libpp.a(rate_control.o)
 .data          0x000000003ffe80e0      0x24c /opt/esp-open-sdk/sdk/lib/libpp.a(trc.o)
 .data          0x000000003ffe832c        0x8 /opt/esp-open-sdk/sdk/lib/libpp.a(wdev.o)
 .data          0x000000003ffe8334        0x1 /opt/esp-open-sdk/sdk/lib/libnet80211.a(ieee80211_hostap.o)
                0x000000003ffe8334                TmpSTAAPCloseAP
 *fill*         0x000000003ffe8335        0x3 
 .data          0x000000003ffe8338        0x1 /opt/esp-open-sdk/sdk/lib/libnet80211.a(wl_cnx.o)
 *fill*         0x000000003ffe8339        0x7 
 .data          0x000000003ffe8340       0x1c /opt/esp-open-sdk/sdk/lib/libnet80211.a(ieee80211_action.o)
 .data          0x000000003ffe835c        0x4 /opt/sming/Sming/compiler/lib//liblwip_open.a(dhcp.o)
 .data          0x000000003ffe8360        0x6 /opt/sming/Sming/compiler/lib//liblwip_open.a(tcp.o)
 *fill*         0x000000003ffe8366        0x2 
 .data          0x000000003ffe8368        0x5 /opt/sming/Sming/compiler/lib//liblwip_open.a(dhcpserver.o)
                0x000000003ffe8368                dhcps_lease_time
 *(.data.*)
 .data.rBoot_mmap_2
                0x000000003ffe836d        0x1 out/build/app_app.a(rboot-bigflash.o)
                0x000000003ffe836d                rBoot_mmap_2
 .data.rBoot_mmap_1
                0x000000003ffe836e        0x1 out/build/app_app.a(rboot-bigflash.o)
                0x000000003ffe836e                rBoot_mmap_1
 *fill*         0x000000003ffe836f        0x1 
 .data.cbc_printchar
                0x000000003ffe8370        0x4 /opt/sming/Sming/compiler/lib//libsming.a(m_printf.o)
                0x000000003ffe8370                cbc_printchar
 .data.esp8266_gpioToFn
                0x000000003ffe8374       0x10 /opt/sming/Sming/compiler/lib//libsming.a(Digital.o)
                0x000000003ffe8374                esp8266_gpioToFn
 *(.gnu.linkonce.d.*)
 *(.data1)
 *(.sdata)
 *(.sdata.*)
 *(.gnu.linkonce.s.*)
 *(.sdata2)
 *(.sdata2.*)
 *(.gnu.linkonce.s2.*)
 *(.jcr)
                0x000000003ffe8384                _data_end = ABSOLUTE (.)

.irom0.text     0x0000000040202010    0x36010
                0x0000000040202010                _irom0_text_start = ABSOLUTE (.)
 *libsmartconfig.a:(.literal .text .literal.* .text.*)
 *libstdc++.a:(.literal .text .literal.* .text.*)
 *liblwip_open.a:(.literal .text .literal.* .text.*)
 .text          0x0000000040202010      0x1c9 /opt/sming/Sming/compiler/lib//liblwip_open.a(tcp.o)
                                        0x1f5 (size before relaxing)
 *fill*         0x00000000402021d9        0x3 
 .text          0x00000000402021dc       0x93 /opt/sming/Sming/compiler/lib//liblwip_open.a(timers.o)
                                         0xcb (size before relaxing)
 *fill*         0x000000004020226f        0x0 
 *liblwip_full.a:(.literal .text .literal.* .text.*)
 *liblwip2.a:(.literal .text .literal.* .text.*)
 *libaxtls.a:(.literal .text .literal.* .text.*)
 *libat.a:(.literal.* .text.*)
 *libcrypto.a:(.literal.* .text.*)
 *libespnow.a:(.literal.* .text.*)
 *libjson.a:(.literal.* .text.*)
 *liblwip.a:(.literal.* .text.*)
 *libmesh.a:(.literal.* .text.*)
 *libnet80211.a:(.literal.* .text.*)
 *libsmartconfig.a:(.literal.* .text.*)
 *libssl.a:(.literal.* .text.*)
 *libupgrade.a:(.literal.* .text.*)
 *libwpa.a:(.literal.* .text.*)
 *libwpa2.a:(.literal.* .text.*)
 *libwps.a:(.literal.* .text.*)
 *libmbedtls.a:(.literal.* .text.*)
 *libm.a:(.literal .text .literal.* .text.*)
 *(.rodata._ZTV*)
 *fill*         0x000000004020226f        0x1 
 .rodata._ZTV6VectorI8DelegateIFvvEEE
                0x0000000040202270       0x1c /opt/sming/Sming/compiler/lib//libsming.a(System.o)
                0x0000000040202270                _ZTV6VectorI8DelegateIFvvEEE
 *fill*         0x000000004020228c        0x4 
 .rodata._ZTV6VectorIP19ISystemReadyHandlerE
                0x0000000040202290       0x1c /opt/sming/Sming/compiler/lib//libsming.a(System.o)
                0x0000000040202290                _ZTV6VectorIP19ISystemReadyHandlerE
 *fill*         0x00000000402022ac        0x4 
 .rodata._ZTV9IPAddress
                0x00000000402022b0        0xc /opt/sming/Sming/compiler/lib//libsming.a(IPAddress.o)
                0x00000000402022b0                _ZTV9IPAddress
 *fill*         0x00000000402022bc        0x4 
 .rodata._ZTV5Print
                0x00000000402022c0       0x18 /opt/sming/Sming/compiler/lib//libsming.a(Print.o)
                0x00000000402022c0                _ZTV5Print
 .rodata._ZTVN11ArduinoJson9Internals20DynamicStringBuilderE
                0x00000000402022d8       0x18 out/build/app_app.a(application.o)
                0x00000000402022d8                _ZTVN11ArduinoJson9Internals20DynamicStringBuilderE
 .rodata._ZTVN11ArduinoJson9Internals15BlockJsonBufferINS0_16DefaultAllocatorEEE
                0x00000000402022f0        0xc out/build/app_app.a(application.o)
                0x00000000402022f0                _ZTVN11ArduinoJson9Internals15BlockJsonBufferINS0_16DefaultAllocatorEEE
 *fill*         0x00000000402022fc        0x4 
 .rodata._ZTVN11ArduinoJson16StaticJsonBufferILj500EEE
                0x0000000040202300        0xc out/build/app_app.a(application.o)
                0x0000000040202300                _ZTVN11ArduinoJson16StaticJsonBufferILj500EEE
 *fill*         0x000000004020230c        0x4 
 .rodata._ZTV15IDelegateCallerIvIR9TcpClientbEE
                0x0000000040202310       0x14 out/build/app_app.a(application.o)
                0x0000000040202310                _ZTV15IDelegateCallerIvIR9TcpClientbEE
 *fill*         0x0000000040202324        0x4 
 .rodata._ZTV14FunctionCallerIPFvR9TcpClientbEvIS1_bEE
                0x0000000040202328       0x14 out/build/app_app.a(application.o)
                0x0000000040202328                _ZTV14FunctionCallerIPFvR9TcpClientbEvIS1_bEE
 *fill*         0x000000004020233c        0x4 
 .rodata._ZTV15IDelegateCallerIvI6StringhPhhEE
                0x0000000040202340       0x14 out/build/app_app.a(application.o)
                0x0000000040202340                _ZTV15IDelegateCallerIvI6StringhPhhEE
 *fill*         0x0000000040202354        0x4 
 .rodata._ZTV14FunctionCallerIPFv6StringhPhhEvIS0_hS1_hEE
                0x0000000040202358       0x14 out/build/app_app.a(application.o)
                0x0000000040202358                _ZTV14FunctionCallerIPFv6StringhPhhEvIS0_hS1_hEE
 *fill*         0x000000004020236c        0x4 
 .rodata._ZTV15IDelegateCallerIvI9IPAddressS0_S0_EE
                0x0000000040202370       0x14 out/build/app_app.a(application.o)
                0x0000000040202370                _ZTV15IDelegateCallerIvI9IPAddressS0_S0_EE
 *fill*         0x0000000040202384        0x4 
 .rodata._ZTV14FunctionCallerIPFv9IPAddressS0_S0_EvIS0_S0_S0_EE
                0x0000000040202388       0x14 out/build/app_app.a(application.o)
                0x0000000040202388                _ZTV14FunctionCallerIPFv9IPAddressS0_S0_EvIS0_S0_S0_EE
 *fill*         0x000000004020239c        0x4 
 .rodata._ZTV15IDelegateCallerIvItiEE
                0x00000000402023a0       0x14 out/build/app_app.a(application.o)
                0x00000000402023a0                _ZTV15IDelegateCallerIvItiEE
 *fill*         0x00000000402023b4        0x4 
 .rodata._ZTV14FunctionCallerIPFvtiEvItiEE
                0x00000000402023b8       0x14 out/build/app_app.a(application.o)
                0x00000000402023b8                _ZTV14FunctionCallerIPFvtiEvItiEE
 *fill*         0x00000000402023cc        0x4 
 .rodata._ZTV15IDelegateCallerIvI6StringS0_EE
                0x00000000402023d0       0x14 out/build/app_app.a(application.o)
                0x00000000402023d0                _ZTV15IDelegateCallerIvI6StringS0_EE
 *fill*         0x00000000402023e4        0x4 
 .rodata._ZTV14FunctionCallerIPFv6StringS0_EvIS0_S0_EE
                0x00000000402023e8       0x14 out/build/app_app.a(application.o)
                0x00000000402023e8                _ZTV14FunctionCallerIPFv6StringS0_EvIS0_S0_EE
 *fill*         0x00000000402023fc        0x4 
 .rodata._ZTV5Timer
                0x0000000040202400        0xc /opt/sming/Sming/compiler/lib//libsming.a(Timer.o)
                0x0000000040202400                _ZTV5Timer
 *fill*         0x000000004020240c        0x4 
 .rodata._ZTV14HardwareSerial
                0x0000000040202410       0x2c /opt/sming/Sming/compiler/lib//libsming.a(HardwareSerial.o)
                0x0000000040202410                _ZTV14HardwareSerial
 *fill*         0x000000004020243c        0x4 
 .rodata._ZTV10MqttClient
                0x0000000040202440       0x44 /opt/sming/Sming/compiler/lib//libsming.a(MqttClient.o)
                0x0000000040202440                _ZTV10MqttClient
 *fill*         0x0000000040202484        0x4 
 .rodata._ZTV9TcpClient
                0x0000000040202488       0x44 /opt/sming/Sming/compiler/lib//libsming.a(TcpClient.o)
                0x0000000040202488                _ZTV9TcpClient
 *fill*         0x00000000402024cc        0x4 
 .rodata._ZTV19ISystemReadyHandler
                0x00000000402024d0       0x14 /opt/sming/Sming/compiler/lib//libsming.a(Station.o)
                0x00000000402024d0                _ZTV19ISystemReadyHandler
 *fill*         0x00000000402024e4        0x4 
 .rodata._ZTV12StationClass
                0x00000000402024e8       0x14 /opt/sming/Sming/compiler/lib//libsming.a(Station.o)
                0x00000000402024e8                _ZTV12StationClass
 *fill*         0x00000000402024fc        0x4 
 .rodata._ZTV6VectorI7BssInfoE
                0x0000000040202500       0x1c /opt/sming/Sming/compiler/lib//libsming.a(Station.o)
                0x0000000040202500                _ZTV6VectorI7BssInfoE
 *fill*         0x000000004020251c        0x4 
 .rodata._ZTV16AccessPointClass
                0x0000000040202520       0x14 /opt/sming/Sming/compiler/lib//libsming.a(AccessPoint.o)
                0x0000000040202520                _ZTV16AccessPointClass
 *fill*         0x0000000040202534        0x4 
 .rodata._ZTV16MemoryDataStream
                0x0000000040202538       0x40 /opt/sming/Sming/compiler/lib//libsming.a(DataSourceStream.o)
                0x0000000040202538                _ZTV16MemoryDataStream
 .rodata._ZTV13TcpConnection
                0x0000000040202578       0x38 /opt/sming/Sming/compiler/lib//libsming.a(TcpConnection.o)
                0x0000000040202578                _ZTV13TcpConnection
 .rodata._ZTV6VectorIP19WebSocketConnectionE
                0x00000000402025b0       0x1c /opt/sming/Sming/compiler/lib//libsming.a(WebSocketConnection.o)
                0x00000000402025b0                _ZTV6VectorIP19WebSocketConnectionE
 *fill*         0x00000000402025cc        0x4 
 .rodata._ZTV8WDTClass
                0x00000000402025d0       0x14 /opt/sming/Sming/compiler/lib//libsming.a(WDT.o)
                0x00000000402025d0                _ZTV8WDTClass
 *(.irom0.literal .irom.literal .irom.text.literal .irom0.text .irom.text .irom.debug.*)
 .irom0.text    0x00000000402025e4      0xa71 out/build/libmain2.a(app_main.o)
                                        0xc9d (size before relaxing)
                0x00000000402027c8                wdt_init
                0x0000000040202870                user_uart_wait_tx_fifo_empty
                0x0000000040202b24                user_rf_pre_init
 *fill*         0x0000000040203055        0x3 
 .irom0.text    0x0000000040203058      0x186 out/build/libmain2.a(ets_timer.o)
                                        0x1b2 (size before relaxing)
                0x0000000040203060                ets_timer_done
                0x00000000402030ac                ets_timer_handler_isr
                0x000000004020317c                ets_timer_init
 *fill*         0x00000000402031de        0x2 
 .irom0.text    0x00000000402031e0       0xec out/build/libmain2.a(mem_manager.o)
                                         0xf8 (size before relaxing)
                0x00000000402031e0                check_memleak_debug_enable
                0x000000004020324c                xPortGetFreeHeapSize
                0x0000000040203254                vPortInitialiseBlocks
 .irom0.text    0x00000000402032cc     0x3549 out/build/libmain2.a(user_interface.o)
                                       0x3f9d (size before relaxing)
                0x00000000402032d0                system_set_os_print
                0x00000000402032e0                system_get_os_print
                0x00000000402034a8                system_pp_recycle_rx_pkt
                0x00000000402034c4                system_adc_read
                0x0000000040203504                system_adc_read_fast
                0x0000000040203564                system_get_vdd33
                0x0000000040203590                system_restart_hook
                0x00000000402035a8                system_restart_local
                0x0000000040203688                system_restart
                0x00000000402036e4                system_restore
                0x000000004020374c                system_get_flash_size_map
                0x000000004020376c                system_get_boot_version
                0x00000000402037a4                system_get_test_result
                0x00000000402037cc                system_get_userbin_addr
                0x0000000040203864                system_get_boot_mode
                0x0000000040203894                system_restart_enhance
                0x00000000402039c4                system_upgrade_userbin_set
                0x0000000040203a10                system_upgrade_userbin_check
                0x0000000040203a50                system_upgrade_flag_set
                0x0000000040203a64                system_upgrade_flag_check
                0x0000000040203a8c                system_upgrade_reboot
                0x0000000040203bc0                system_deep_sleep_instant
                0x0000000040203d58                system_deep_sleep
                0x0000000040203db8                system_deep_sleep_set_option
                0x0000000040203dd4                system_phy_temperature_alert
                0x0000000040203de8                system_phy_set_max_tpw
                0x0000000040203dfc                system_phy_set_tpw_via_vdd33
                0x0000000040203e10                system_phy_set_rfoption
                0x0000000040203e24                system_phy_set_powerup_option
                0x0000000040203e3c                system_update_cpu_freq
                0x0000000040203e98                system_get_cpu_freq
                0x0000000040203eb0                system_overclock
                0x0000000040203edc                system_restoreclock
                0x0000000040203f0c                system_timer_reinit
                0x0000000040203f24                system_relative_time
                0x0000000040203f48                system_station_got_ip_set
                0x0000000040204074                system_print_meminfo
                0x00000000402040d4                system_get_free_heap_size
                0x00000000402040ec                system_get_chip_id
                0x0000000040204110                system_rtc_clock_cali_proc
                0x0000000040204124                system_get_rtc_time
                0x0000000040204138                system_mktime
                0x0000000040204208                system_init_done_cb
                0x0000000040204210                system_get_rst_info
                0x0000000040204218                system_get_data_of_array_8
                0x000000004020423c                system_get_data_of_array_16
                0x0000000040204264                system_get_string_from_flash
                0x00000000402042d0                wifi_softap_dhcps_start
                0x0000000040204318                wifi_softap_dhcps_stop
                0x0000000040204358                wifi_softap_dhcps_status
                0x0000000040204360                wifi_station_dhcpc_start
                0x00000000402043b8                wifi_station_dhcpc_stop
                0x00000000402043f8                wifi_station_dhcpc_event
                0x000000004020446c                wifi_station_dhcpc_set_maxtry
                0x000000004020447c                wifi_station_dhcpc_status
                0x00000000402044f4                wifi_get_opmode
                0x0000000040204508                wifi_get_opmode_default
                0x0000000040204584                wifi_get_broadcast_if
                0x00000000402045c0                wifi_set_broadcast_if
                0x000000004020473c                wifi_set_opmode
                0x0000000040204750                wifi_set_opmode_current
                0x0000000040204764                system_get_checksum
                0x00000000402047ac                wifi_param_save_protect_with_check
                0x0000000040204868                system_param_save_with_protect
                0x0000000040204910                system_save_sys_param
                0x000000004020493c                system_param_load
                0x0000000040204a74                wifi_station_get_config
                0x0000000040204a88                wifi_station_get_config_default
                0x0000000040204aa8                wifi_station_get_ap_info
                0x0000000040204b60                wifi_station_ap_number_set
                0x0000000040204ef4                wifi_station_set_config
                0x0000000040204f0c                wifi_station_set_config_current
                0x0000000040204f24                wifi_station_restore_config
                0x0000000040204f3c                wifi_station_get_current_ap_id
                0x0000000040204f50                wifi_station_ap_check
                0x0000000040204f98                wifi_station_ap_change
                0x00000000402050c4                wifi_station_scan
                0x0000000040205110                wifi_station_get_auto_connect
                0x0000000040205124                wifi_station_set_auto_connect
                0x0000000040205174                wifi_station_save_pmk2cache
                0x0000000040205228                wifi_station_connect
                0x00000000402052bc                wifi_station_disconnect
                0x000000004020537c                wifi_station_get_connect_status
                0x00000000402053ac                wifi_station_set_reconnect_policy
                0x00000000402053c4                wifi_station_get_reconnect_policy
                0x00000000402053cc                wifi_station_get_rssi
                0x000000004020541c                wifi_station_set_default_hostname
                0x0000000040205484                wifi_station_get_hostname
                0x00000000402054b4                wifi_station_set_hostname
                0x0000000040205554                wifi_softap_cacl_mac
                0x00000000402055c4                wifi_softap_set_default_ssid
                0x00000000402057a4                wifi_softap_get_config
                0x00000000402057b8                wifi_softap_get_config_default
                0x0000000040205b0c                wifi_softap_set_config
                0x0000000040205b20                wifi_softap_set_config_current
                0x0000000040205b34                wifi_softap_set_station_info
                0x0000000040205ba0                wifi_softap_get_station_info
                0x0000000040205c50                wifi_softap_free_station_info
                0x0000000040205c98                wifi_softap_get_station_num
                0x0000000040205cec                wifi_softap_deauth
                0x0000000040205d9c                wifi_softap_get_beacon_only_mode
                0x0000000040205db0                wifi_softap_set_beacon_only_mode
                0x0000000040205e14                wifi_register_user_ie_manufacturer_recv_cb
                0x0000000040205e28                wifi_unregister_user_ie_manufacturer_recv_cb
                0x0000000040205e5c                wifi_set_user_ie
                0x0000000040205f6c                wifi_get_user_ie
                0x0000000040205fa0                wifi_get_phy_mode
                0x0000000040205fa8                wifi_set_phy_mode
                0x0000000040206070                wifi_set_sleep_type
                0x000000004020608c                wifi_get_sleep_type
                0x00000000402060a4                wifi_get_channel
                0x00000000402060bc                wifi_set_channel
                0x0000000040206100                wifi_promiscuous_set_mac
                0x0000000040206160                wifi_promiscuous_enable
                0x0000000040206244                wifi_set_promiscuous_rx_cb
                0x0000000040206254                wifi_get_ip_info
                0x00000000402062d4                wifi_set_ip_info
                0x0000000040206348                wifi_get_macaddr
                0x00000000402063a8                wifi_set_macaddr
                0x00000000402064c4                wifi_enable_6m_rate
                0x00000000402064cc                wifi_get_user_fixed_rate
                0x00000000402064ec                wifi_set_user_fixed_rate
                0x000000004020650c                wifi_set_user_sup_rate
                0x0000000040206548                wifi_set_user_rate_limit
                0x000000004020656c                wifi_get_user_limit_rate_mask
                0x0000000040206574                wifi_set_user_limit_rate_mask
                0x000000004020658c                wifi_register_send_pkt_freedom_cb
                0x00000000402065a0                wifi_unregister_send_pkt_freedom_cb
                0x00000000402065ac                wifi_send_pkt_freedom
                0x00000000402065f8                wifi_rfid_locp_recv_open
                0x000000004020660c                wifi_rfid_locp_recv_close
                0x0000000040206620                wifi_register_rfid_locp_recv_cb
                0x0000000040206634                wifi_unregister_rfid_locp_recv_cb
                0x000000004020664c                wifi_status_led_install
                0x0000000040206680                wifi_status_led_uninstall
                0x00000000402066a4                wifi_set_status_led_output_level
                0x00000000402066f8                wifi_set_event_handler_cb
                0x0000000040206740                system_os_task
                0x000000004020677c                system_uart_swap
                0x00000000402067dc                system_uart_de_swap
                0x0000000040206810                system_get_sdk_version
 *fill*         0x0000000040206815        0x3 
 .irom0.text    0x0000000040206818      0x60c out/build/libmain2.a(eagle_lib.o)
                                        0x620 (size before relaxing)
                0x0000000040206818                divide
                0x0000000040206854                skip_atoi
                0x00000000402069d4                ets_vsnprintf
                0x0000000040206d34                ets_vsprintf
                0x0000000040206d58                ets_sprintf
                0x0000000040206d80                ets_strcat
                0x0000000040206da0                ets_strrchr
                0x0000000040206dcc                ets_strchr
                0x0000000040206de4                bit_popcount
                0x0000000040206e00                ets_snprintf
 .irom0.text    0x0000000040206e24      0x31e out/build/libmain2.a(eagle_lwip_if.o)
                                        0x3e6 (size before relaxing)
                0x0000000040206edc                eagle_lwip_if_alloc
                0x000000004020709c                eagle_lwip_if_free
                0x0000000040207120                eagle_lwip_getif
 *fill*         0x0000000040207142        0x2 
 .irom0.literal
                0x0000000040207144        0x8 /opt/sming/Sming/compiler/lib//libmicroc.a(strtod.o)
                                         0x10 (size before relaxing)
 .irom0.literal
                0x000000004020714c       0x10 /opt/sming/Sming/compiler/lib//libmicroc.a(strtol.o)
                                         0x2c (size before relaxing)
 .irom0.literal
                0x000000004020715c        0x0 /opt/sming/Sming/compiler/lib//libmicroc.a(strchr.o)
                                          0x4 (size before relaxing)
 .irom0.literal
                0x000000004020715c        0xc /opt/sming/Sming/compiler/lib//libmicroc.a(strchrnul.o)
 .irom0.literal
                0x0000000040207168        0x4 /opt/sming/Sming/compiler/lib//libmicroc.a(malloc.o)
                                         0x14 (size before relaxing)
 .irom0.literal
                0x000000004020716c        0x4 /opt/sming/Sming/compiler/lib//libmicroc.a(abort.o)
                                          0x8 (size before relaxing)
 .irom0.literal
                0x0000000040207170       0x94 /opt/sming/Sming/compiler/lib//libmicroc.a(floatscan.o)
                                        0x294 (size before relaxing)
 .irom0.literal
                0x0000000040207204       0x24 /opt/sming/Sming/compiler/lib//libmicroc.a(intscan.o)
                                         0x84 (size before relaxing)
 .irom0.literal
                0x0000000040207228        0x0 /opt/sming/Sming/compiler/lib//libmicroc.a(shgetc.o)
                                          0x4 (size before relaxing)
 .irom0.literal
                0x0000000040207228        0x0 /opt/sming/Sming/compiler/lib//libmicroc.a(__uflow.o)
                                          0x4 (size before relaxing)
 .irom0.literal
                0x0000000040207228        0x0 /opt/sming/Sming/compiler/lib//libmicroc.a(__toread.o)
                                          0x4 (size before relaxing)
 .irom0.literal
                0x0000000040207228        0x0 /opt/sming/Sming/compiler/lib//libmicroc.a(fmodl.o)
                                          0x4 (size before relaxing)
 .irom0.literal
                0x0000000040207228        0x4 /opt/sming/Sming/compiler/lib//libmicroc.a(scalbn.o)
                                         0x24 (size before relaxing)
 .irom0.literal
                0x000000004020722c        0x0 /opt/sming/Sming/compiler/lib//libmicroc.a(scalbnl.o)
                                          0x4 (size before relaxing)
 .irom0.literal
                0x000000004020722c        0x4 /opt/sming/Sming/compiler/lib//libmicroc.a(__errno_location.o)
 .irom0.literal
                0x0000000040207230       0x10 /opt/sming/Sming/compiler/lib//libmicroc.a(fmod.o)
                                         0x38 (size before relaxing)
 .irom0.literal
                0x0000000040207240        0x4 /opt/sming/Sming/compiler/lib//libmicrogcc.a(_divsf3.o)
                                         0x10 (size before relaxing)
 .irom0.text    0x0000000040207244       0xad /opt/sming/Sming/compiler/lib//libmicroc.a(strtod.o)
                                         0xb1 (size before relaxing)
                0x00000000402072b0                strtof
                0x00000000402072cc                strtod
                0x00000000402072e0                strtold
 *fill*         0x00000000402072f1        0x3 
 .irom0.text    0x00000000402072f4       0xd9 /opt/sming/Sming/compiler/lib//libmicroc.a(strtol.o)
                                         0xe1 (size before relaxing)
                0x0000000040207370                strtoull
                0x0000000040207388                strtoll
                0x00000000402073a0                strtoul
                0x00000000402073b8                strtol
 *fill*         0x00000000402073cd        0x3 
 .irom0.text    0x00000000402073d0       0x25 /opt/sming/Sming/compiler/lib//libmicroc.a(strchr.o)
                                         0x29 (size before relaxing)
                0x00000000402073d0                strchr
 *fill*         0x00000000402073f5        0x3 
 .irom0.text    0x00000000402073f8       0x75 /opt/sming/Sming/compiler/lib//libmicroc.a(strchrnul.o)
                0x00000000402073f8                __strchrnul
                0x00000000402073f8                strchrnul
 *fill*         0x000000004020746d        0x3 
 .irom0.text    0x0000000040207470       0x65 /opt/sming/Sming/compiler/lib//libmicroc.a(malloc.o)
                0x0000000040207470                malloc
                0x0000000040207484                free
                0x0000000040207498                realloc
                0x00000000402074ac                zalloc
                0x00000000402074c0                calloc
 *fill*         0x00000000402074d5        0x3 
 .irom0.text    0x00000000402074d8       0x11 /opt/sming/Sming/compiler/lib//libmicroc.a(abort.o)
                0x00000000402074d8                abort
 *fill*         0x00000000402074e9        0x3 
 .irom0.text    0x00000000402074ec     0x12e0 /opt/sming/Sming/compiler/lib//libmicroc.a(floatscan.o)
                                       0x1320 (size before relaxing)
                0x0000000040207ffc                __floatscan
 .irom0.text    0x00000000402087cc      0x489 /opt/sming/Sming/compiler/lib//libmicroc.a(intscan.o)
                                        0x499 (size before relaxing)
                0x00000000402087cc                __intscan
 *fill*         0x0000000040208c55        0x3 
 .irom0.text    0x0000000040208c58       0x95 /opt/sming/Sming/compiler/lib//libmicroc.a(shgetc.o)
                0x0000000040208c58                __shlim
                0x0000000040208c78                __shgetc
 *fill*         0x0000000040208ced        0x3 
 .irom0.text    0x0000000040208cf0       0x39 /opt/sming/Sming/compiler/lib//libmicroc.a(__uflow.o)
                0x0000000040208cf0                __uflow
 *fill*         0x0000000040208d29        0x3 
 .irom0.text    0x0000000040208d2c       0x67 /opt/sming/Sming/compiler/lib//libmicroc.a(__toread.o)
                                         0x6b (size before relaxing)
                0x0000000040208d2c                __toread
                0x0000000040208d84                __toread_needs_stdio_exit
 *fill*         0x0000000040208d93        0x1 
 .irom0.text    0x0000000040208d94        0xf /opt/sming/Sming/compiler/lib//libmicroc.a(fmodl.o)
                                         0x13 (size before relaxing)
                0x0000000040208d94                fmodl
 *fill*         0x0000000040208da3        0x1 
 .irom0.text    0x0000000040208da4       0x8f /opt/sming/Sming/compiler/lib//libmicroc.a(scalbn.o)
                0x0000000040208da4                scalbn
 *fill*         0x0000000040208e33        0x1 
 .irom0.text    0x0000000040208e34        0xf /opt/sming/Sming/compiler/lib//libmicroc.a(scalbnl.o)
                                         0x13 (size before relaxing)
                0x0000000040208e34                scalbnl
 *fill*         0x0000000040208e43        0x1 
 .irom0.text    0x0000000040208e44        0x5 /opt/sming/Sming/compiler/lib//libmicroc.a(__errno_location.o)
                0x0000000040208e44                __errno_location
 *fill*         0x0000000040208e49        0x3 
 .irom0.text    0x0000000040208e4c      0x1e9 /opt/sming/Sming/compiler/lib//libmicroc.a(fmod.o)
                0x0000000040208e4c                fmod
 *fill*         0x0000000040209035        0x3 
 .irom0.text    0x0000000040209038       0xfa /opt/esp-open-sdk/sdk/lib/libphy.a(phy.o)
                                        0x11e (size before relaxing)
                0x000000004020903c                rf_init
                0x0000000040209058                bb_init
                0x0000000040209070                phy_init
                0x00000000402090a0                RFChannelSel
                0x00000000402090bc                phy_delete_channel
                0x00000000402090d4                phy_enable_agc
                0x00000000402090ec                phy_disable_agc
                0x0000000040209104                phy_initialize_bb
                0x000000004020911c                phy_set_sense
 *fill*         0x0000000040209132        0x2 
 .irom0.text    0x0000000040209134     0x175b /opt/esp-open-sdk/sdk/lib/libphy.a(phy_chip_v6_ana.o)
                                       0x1973 (size before relaxing)
                0x0000000040209138                ram_pbus_set_rxgain
                0x0000000040209210                ram_pbus_debugmode
                0x00000000402092c4                ram_pbus_xpd_tx_on
                0x0000000040209330                set_rf_freq_offset
                0x00000000402093a0                chip_v6_rxmax_ext_ana
                0x00000000402094f4                ram_chip_v6_rx_init
                0x0000000040209528                tsen_meas
                0x00000000402095d8                readvdd33
                0x00000000402097a4                txpwr_offset
                0x0000000040209860                set_txcap_reg
                0x00000000402098e0                ram_ana_inf_gating_en
                0x0000000040209a40                ram_restart_cal
                0x0000000040209aac                wait_rfpll_cal_end
                0x0000000040209b2c                ram_rfpll_set_freq
                0x0000000040209c34                ram_set_channel_freq
                0x0000000040209f30                chip_60_set_channel
                0x000000004020a0d0                chip_v6_set_chan_offset
                0x000000004020a130                chip_v6_set_chan
                0x000000004020a1d8                chip_v6_set_chan_wakeup
                0x000000004020a25c                chip_v6_rf_init
                0x000000004020a4c0                low_power_set
                0x000000004020a510                test_tout
                0x000000004020a688                check_data_flag
                0x000000004020a6a8                phy_get_check_flag
                0x000000004020a7dc                phy_get_vdd33
 *fill*         0x000000004020a88f        0x1 
 .irom0.text    0x000000004020a890     0x3e84 /opt/esp-open-sdk/sdk/lib/libphy.a(phy_chip_v6.o)
                                       0x453c (size before relaxing)
                0x000000004020a890                ram_tx_mac_enable
                0x000000004020a894                ram_tx_mac_disable
                0x000000004020a898                rtc_mem_backup
                0x000000004020a8c8                rtc_mem_recovery
                0x000000004020a8f8                set_cal_rxdc
                0x000000004020a9ac                set_rx_gain_cal_iq
                0x000000004020ad04                gen_rx_gain_table
                0x000000004020ae5c                pbus_set_rxbbgain
                0x000000004020aedc                set_rx_gain_testchip_50
                0x000000004020b210                ram_get_corr_power
                0x000000004020b300                check_data_func
                0x000000004020b320                do_noisefloor_lsleep_v50
                0x000000004020b354                do_noisefloor
                0x000000004020b3c4                start_dig_rx
                0x000000004020b408                stop_dig_rx
                0x000000004020b434                chip_v6_set_chanfreq
                0x000000004020b464                tx_cap_init
                0x000000004020b650                target_power_add_backoff
                0x000000004020b680                tx_pwctrl_init_cal
                0x000000004020b7f8                tx_atten_set_interp
                0x000000004020ba58                check_tx_pwr_cal
                0x000000004020bb9c                tx_pwctrl_init
                0x000000004020bcc0                ram_get_noisefloor
                0x000000004020bcdc                get_noisefloor_sat
                0x000000004020bd0c                ram_set_noise_floor
                0x000000004020bd68                ram_start_noisefloor
                0x000000004020bdb4                read_hw_noisefloor
                0x000000004020bde0                noise_check_loop
                0x000000004020bf3c                noise_init
                0x000000004020c13c                target_power_backoff
                0x000000004020c190                sdt_on_noise_start
                0x000000004020c210                chip_v6_set_chan_rx_cmp
                0x000000004020c39c                chip_v6_set_chan_misc
                0x000000004020c424                phy_dig_spur_set
                0x000000004020c77c                phy_dig_spur_prot
                0x000000004020c9b4                chip_v6_rxmax_ext_dig
                0x000000004020ca00                chip_v6_rxmax_ext
                0x000000004020caa8                phy_bb_rx_cfg
                0x000000004020cec0                uart_wait_idle
                0x000000004020cef8                phy_pbus_soc_cfg
                0x000000004020cfb0                phy_gpio_cfg
                0x000000004020d1c8                tx_cont_en
                0x000000004020d270                tx_cont_dis
                0x000000004020d2c4                tx_cont_cfg
                0x000000004020d2e4                chip_v6_initialize_bb
                0x000000004020d450                periodic_cal
                0x000000004020d530                bbpll_cal
                0x000000004020d5c8                periodic_cal_top
                0x000000004020d628                register_chipv6_phy_init_param
                0x000000004020d8d0                change_bbpll160_sleep
                0x000000004020da80                change_bbpll160
                0x000000004020dab8                set_crystal_uart
                0x000000004020db4c                ant_switch_init
                0x000000004020dbfc                reduce_current_init
                0x000000004020dce8                rtc_mem_check
                0x000000004020dd24                phy_afterwake_set_rfoption
                0x000000004020dd44                deep_sleep_set_option
                0x000000004020dd70                write_data_to_rtc
                0x000000004020dda8                get_data_from_rtc
                0x000000004020de28                register_chipv6_phy
                0x000000004020e2c4                set_dpd_bypass
                0x000000004020e2ec                set_rf_gain_stage10
                0x000000004020e31c                get_vdd33_offset
                0x000000004020e390                get_phy_target_power
                0x000000004020e444                set_most_pwr_reg
                0x000000004020e518                phy_set_most_tpw
                0x000000004020e538                phy_vdd33_set_tpw
                0x000000004020e550                get_adc_rand
                0x000000004020e584                phy_get_rand
                0x000000004020e59c                phy_tx_pwctrl_cali
                0x000000004020e5c4                phy_check_data_table
                0x000000004020e600                phy_after_init_enrx
                0x000000004020e664                phy_set_rx11b_reg
                0x000000004020e698                phy_set_powerup_option
                0x000000004020e6a8                phy_get_txpwr_param
                0x000000004020e6f4                phy_get_rxnf_param
                0x000000004020e700                phy_get_freq_param
 .irom0.text    0x000000004020e714     0x2178 /opt/esp-open-sdk/sdk/lib/libphy.a(phy_chip_v6_cal.o)
                                       0x23a4 (size before relaxing)
                0x000000004020e714                txbbgain2dcoindex
                0x000000004020e734                dcoindex2txbbgain
                0x000000004020e758                init_cal_dcoffset
                0x000000004020e81c                set_rfanagain_dc_reg
                0x000000004020e8b8                set_txdc_pbus
                0x000000004020e924                get_rf_gain_qdb
                0x000000004020e94c                correct_rf_ana_gain
                0x000000004020ea54                get_sar_dout
                0x000000004020eae0                cal_rf_ana_gain
                0x000000004020ec0c                meas_tone_pwr_db
                0x000000004020ec7c                tx_pwr_backoff
                0x000000004020ee04                get_fcc_1m2m_pwr_offset
                0x000000004020ee40                ram_set_txbb_atten
                0x000000004020eed4                txiq_get_mis_pwr
                0x000000004020ef7c                txiq_cover
                0x000000004020f198                ram_rfcal_txiq
                0x000000004020f408                rc_cal
                0x000000004020f5c8                get_target_power_offset
                0x000000004020f6d0                get_pwctrl_correct
                0x000000004020f728                tx_pwctrl_cal
                0x000000004020fa24                tx_pwctrl_bg_init
                0x000000004020fa9c                tx_pwctrl_background
                0x000000004020fb54                read_sar_dout
                0x000000004020fbb8                ram_get_fm_sar_dout
                0x000000004020fc5c                ram_cal_tos_v60
                0x000000004020fe2c                ram_get_bb_atten
                0x000000004020fe5c                ram_rfcal_txcap
                0x0000000040210020                ram_rfcal_pwrctrl
                0x0000000040210248                ram_rxiq_get_mis
                0x0000000040210418                ram_rxiq_cover_mg_mp
                0x00000000402105bc                ram_rfcal_rxiq
                0x00000000402107c8                dpd_scale_set
                0x0000000040210810                dpd_mem_write
 .irom0.text    0x000000004021088c      0xd96 /opt/esp-open-sdk/sdk/lib/libphy.a(phy_sleep.o)
                                        0xfc6 (size before relaxing)
                0x000000004021088c                pm_usec2rtc
                0x00000000402108c0                pm_rtc2usec
                0x00000000402108d0                pm_set_sleep_cycles
                0x00000000402108f4                pm_sleep_opt
                0x0000000040210a38                pm_wakeup_opt
                0x0000000040210a70                get_chip_version
                0x0000000040210ab0                pm_sleep_opt_bb_off
                0x0000000040210af0                pm_sleep_opt_bb_on
                0x0000000040210b38                pm_set_pll_xtal_wait_time
                0x0000000040210b64                pm_prepare_to_sleep
                0x0000000040210b6c                pm_sdio_nidle
                0x0000000040210be0                chg_lslp_mem_opt_8266
                0x0000000040210c10                pm_goto_sleep
                0x0000000040210d5c                pm_wait4wakeup
                0x0000000040210d98                pm_open_rf
                0x0000000040210dd8                pm_sleep_set_mac
                0x0000000040210e5c                pm_set_wakeup_mac
                0x0000000040210ef4                pm_check_mac_idle
                0x0000000040210f4c                pm_set_sleep_btco
                0x0000000040210fec                pm_set_wakeup_btco
                0x0000000040211104                pm_set_sleep_mode
                0x0000000040211220                pm_unmask_bt
                0x0000000040211288                pm_wakeup_init
                0x00000000402114c8                sleep_opt_8266
                0x00000000402114e8                sleep_opt_bb_on_8266
                0x0000000040211520                sleep_reset_analog_rtcreg_8266
 *fill*         0x0000000040211622        0x2 
 .irom0.text    0x0000000040211624      0x469 /opt/esp-open-sdk/sdk/lib/libpp.a(if_hwctrl.o)
                                        0x581 (size before relaxing)
                0x0000000040211644                ic_get_addr
                0x0000000040211650                ic_set_opmode
                0x0000000040211664                ic_enable_interface
                0x00000000402116b4                ic_interface_enabled
                0x00000000402116c8                ic_disable_interface
                0x0000000040211710                ic_is_pure_sta
                0x000000004021172c                ic_get_ptk_alg
                0x000000004021173c                ic_get_gtk_alg
                0x000000004021174c                ic_set_ptk_alg
                0x000000004021175c                ic_set_gtk_alg
                0x000000004021176c                ic_interface_is_p2p
                0x0000000040211804                ic_set_vif
                0x00000000402118c4                ic_set_sta
                0x000000004021199c                ic_bss_info_update
                0x00000000402119f8                ic_set_key
                0x0000000040211a54                ic_remove_key
                0x0000000040211a68                ic_get_rssi
 *fill*         0x0000000040211a8d        0x3 
 .irom0.text    0x0000000040211a90      0x100 /opt/esp-open-sdk/sdk/lib/libpp.a(lmac.o)
                                        0x118 (size before relaxing)
                0x0000000040211a94                lmacInitAc
                0x0000000040211ac8                lmacInit
                0x0000000040211b74                lmacSetRetryLimit
 .irom0.text    0x0000000040211b90     0x19f5 /opt/esp-open-sdk/sdk/lib/libpp.a(pm.o)
                                       0x1f91 (size before relaxing)
                0x0000000040211b98                pm_rtc_clock_cali_proc
                0x0000000040211bd0                pm_get_ck170_period
                0x0000000040211bf4                pm_set_sleep_time
                0x0000000040211f78                pm_rf_is_closed
                0x0000000040211fa8                pm_set_sleep_type_from_upper
                0x0000000040212098                pm_get_sleep_type
                0x0000000040212254                uart_tx_flush
                0x0000000040212258                pm_suspend
                0x0000000040212478                pm_shutdown
                0x0000000040212540                pm_reset_idle_sleep
                0x0000000040212580                pm_idle_sleep
                0x000000004021258c                pm_open
                0x0000000040212668                pm_onBcnRx
                0x0000000040212a00                StopLightSleepSetFunc
                0x0000000040212a08                LightSleepWakedCbSetFunc
                0x0000000040212fc4                pm_enable_gpio_wakeup
                0x0000000040212ffc                pm_attach
                0x00000000402130f0                pm_send_nullfunc
                0x0000000040213294                pm_is_waked
                0x00000000402132ac                pm_is_open
                0x00000000402132c4                pm_scan_lock
                0x00000000402132ec                pm_try_scan_unlock
                0x0000000040213304                pm_force_scan_unlock
                0x00000000402133a8                pm_scan_unlocked
                0x00000000402133bc                pm_allow_tx
                0x00000000402133d8                pm_assoc_parse
                0x00000000402133f0                pm_set_addr
                0x0000000040213410                pm_sleep_for
                0x0000000040213440                pm_post
                0x0000000040213544                pm_get_idle_wait_time
 *fill*         0x0000000040213585        0x3 
 .irom0.text    0x0000000040213588      0xb48 /opt/esp-open-sdk/sdk/lib/libpp.a(pm_for_bcn_only_mode.o)
                                        0xf0c (size before relaxing)
                0x000000004021359c                wifi_fpm_set_sleep_type
                0x000000004021359c                fpm_set_type_from_upper
                0x0000000040213658                wifi_fpm_get_sleep_type
                0x0000000040213658                fpm_get_slp_type
                0x0000000040213660                fpm_rf_is_closed
                0x0000000040213674                fpm_is_open
                0x0000000040213680                fpm_allow_tx
                0x00000000402136a4                wifi_fpm_close
                0x00000000402136a4                fpm_close
                0x0000000040213720                wifi_fpm_open
                0x0000000040213720                fpm_open
                0x0000000040213788                fpm_attach
                0x000000004021396c                wifi_fpm_set_wakeup_cb
                0x000000004021396c                fpm_set_wakeup_cb
                0x0000000040213ab0                wifi_fpm_do_wakeup
                0x0000000040213ab0                fpm_do_wakeup
                0x0000000040213fe8                fpm_do_sleep
                0x0000000040213fe8                wifi_fpm_do_sleep
                0x0000000040214088                fpm_auto_sleep_set_in_null_mode
                0x0000000040214088                wifi_fpm_auto_sleep_set_in_null_mode
                0x00000000402140c8                get_fpm_auto_sleep_flag
 .irom0.text    0x00000000402140d0     0x15ba /opt/esp-open-sdk/sdk/lib/libpp.a(pp.o)
                                       0x19a2 (size before relaxing)
                0x00000000402140dc                PPWdtReset
                0x0000000040214110                pp_soft_wdt_init
                0x0000000040214130                system_soft_wdt_feed
                0x0000000040214130                pp_soft_wdt_feed
                0x000000004021414c                pp_soft_wdt_stop
                0x000000004021414c                system_soft_wdt_stop
                0x0000000040214178                pp_soft_wdt_restart
                0x0000000040214178                system_soft_wdt_restart
                0x00000000402141b0                RxNodeNum
                0x00000000402141c8                TxNodeNum
                0x00000000402141ec                pp_disable_noise_timer
                0x000000004021420c                pp_enable_noise_timer
                0x000000004021431c                pp_noise_test
                0x000000004021432c                reset_noise_timer
                0x0000000040214364                pp_disable_idle_timer
                0x0000000040214388                pp_enable_idle_timer
                0x00000000402143b0                pp_try_enable_idle_timer
                0x00000000402143ec                ppPeocessRxPktHdr
                0x0000000040214720                HdlAllBuffedEb
                0x00000000402147a8                ppTxPkt
                0x0000000040214920                ppProcessWaitQ
                0x0000000040214930                ppRegisterTxCallback
                0x0000000040214958                ppUnregisterTxCallback
                0x000000004021498c                ppRecycleRxPkt
                0x00000000402149ec                ppCheckTxIdle
                0x0000000040214c68                pp_tx_idle_timeout
                0x0000000040214e2c                DefFreqCalTimerCB
                0x00000000402151a8                ppGetTxQFirstAvail_Locked
                0x0000000040215288                pp_attach
 *fill*         0x000000004021568a        0x2 
 .irom0.text    0x000000004021568c      0x296 /opt/esp-open-sdk/sdk/lib/libpp.a(rate_control.o)
                                        0x2a2 (size before relaxing)
                0x00000000402158d8                RC_SetBasicRate
 *fill*         0x0000000040215922        0x2 
 .irom0.text    0x0000000040215924      0x5e9 /opt/esp-open-sdk/sdk/lib/libpp.a(trc.o)
                                        0x64d (size before relaxing)
                0x0000000040215924                phytype2mode
                0x0000000040215940                rc_set_rate_limit_id
                0x0000000040215a5c                rcUpdatePhyMode
                0x0000000040215c28                rcAttach
                0x0000000040215c74                rcGetTrc
                0x0000000040215c7c                trc_onDisconnect
                0x0000000040215c80                trc_onScanStart
                0x0000000040215c94                trc_onScanDone
                0x0000000040215cb0                rc_enable_trc
                0x0000000040215d88                rc_get_mask
                0x0000000040215d9c                rc_disable_trc
                0x0000000040215df0                rc_disable_trc_by_interface
                0x0000000040215e0c                rc_get_sta_trc
                0x0000000040215e50                rc_get_trc
                0x0000000040215ec0                rc_get_trc_by_index
                0x0000000040215ee0                rc_only_sta_trc
 *fill*         0x0000000040215f0d        0x3 
 .irom0.text    0x0000000040215f10      0xaf7 /opt/esp-open-sdk/sdk/lib/libpp.a(wdev.o)
                                        0xc53 (size before relaxing)
                0x0000000040215f1c                wDev_Option_Init
                0x0000000040216010                wDev_Enable_Beacon_Tsf
                0x000000004021602c                wDev_Disable_Beacon_Tsf
                0x0000000040216048                wDev_Set_Beacon_Int
                0x0000000040216050                wDev_Reset_TBTT
                0x0000000040216080                wDev_Get_Next_TBTT
                0x00000000402162fc                wDev_Initialize
                0x000000004021636c                wDevForceAck6M
                0x0000000040216388                wDev_SetMacAddress
                0x0000000040216424                wDev_SetRxPolicy
                0x0000000040216478                wDev_SetBssid
                0x0000000040216550                wDev_ClearBssid
                0x0000000040216588                wDev_Insert_KeyEntry
                0x000000004021667c                wDev_remove_KeyEntry
                0x00000000402166b8                wDev_remove_KeyEntry_all_cnx
                0x0000000040216708                wDev_Crypto_Conf
                0x00000000402167a4                wDev_Crypto_Disable
                0x00000000402167dc                wDevEnableRx
                0x0000000040216804                wdev_go_sniffer
                0x00000000402168e0                wdev_set_sniffer_addr
                0x0000000040216938                wdev_exit_sniffer
 *fill*         0x0000000040216a07        0x1 
 .irom0.text    0x0000000040216a08      0x3ed /opt/esp-open-sdk/sdk/lib/libpp.a(esf_buf.o)
                                        0x4c1 (size before relaxing)
                0x0000000040216a10                esf_buf_alloc
                0x0000000040216bf8                esf_buf_recycle
                0x0000000040216d38                esf_buf_setup
 *fill*         0x0000000040216df5        0x3 
 .irom0.text    0x0000000040216df8      0x475 /opt/esp-open-sdk/sdk/lib/libnet80211.a(ieee80211.o)
                                        0x545 (size before relaxing)
                0x0000000040216e7c                ieee80211_rate_ref_init
                0x0000000040216e90                ieee80211_freedom_inside_cb
                0x0000000040216ec0                ieee80211_freedom_init
                0x0000000040216ee4                ieee80211_user_ie_init
                0x0000000040216f00                ieee80211_ifattach
                0x0000000040216f64                ieee80211_mhz2ieee
                0x0000000040216fc0                ieee80211_chan2ieee
                0x0000000040216fdc                ieee80211_ieee2mhz
                0x000000004021701c                ieee80211_find_channel
                0x0000000040217048                ieee80211_find_channel_byieee
                0x0000000040217098                wifi_mode_set
 *fill*         0x000000004021726d        0x3 
 .irom0.text    0x0000000040217270       0xcf /opt/esp-open-sdk/sdk/lib/libnet80211.a(ieee80211_crypto.o)
                                         0xd7 (size before relaxing)
                0x0000000040217270                ieee80211_crypto_attach
                0x0000000040217274                ieee80211_crypto_available
                0x0000000040217278                ieee80211_crypto_setkey
                0x000000004021727c                ieee80211_crypto_encap
                0x00000000402172d4                ieee80211_crypto_decap
 *fill*         0x000000004021733f        0x1 
 .irom0.text    0x0000000040217340       0x4c /opt/esp-open-sdk/sdk/lib/libnet80211.a(ieee80211_ets.o)
                                         0x50 (size before relaxing)
                0x0000000040217344                ieee80211_getmgtframe
 .irom0.text    0x000000004021738c     0x1a08 /opt/esp-open-sdk/sdk/lib/libnet80211.a(ieee80211_hostap.o)
                                       0x1f77 (size before relaxing)
                0x00000000402179b0                ieee80211_hostap_attach
                0x0000000040217aac                hostap_handle_timer
                0x0000000040217b44                hostap_input
                0x0000000040218a90                wifi_softap_start
                0x0000000040218bfc                wifi_softap_stop
 *fill*         0x0000000040218d94        0x0 
 .irom0.text    0x0000000040218d94      0xa82 /opt/esp-open-sdk/sdk/lib/libnet80211.a(ieee80211_ht.o)
                                        0xb4e (size before relaxing)
                0x0000000040218da4                ieee80211_ht_attach
                0x0000000040218df8                ieee80211_ht_node_init
                0x0000000040218e38                ieee80211_ht_node_cleanup
                0x0000000040218e70                ieee80211_parse_htcap
                0x0000000040218f54                ieee80211_ht_updateparams
                0x0000000040219068                ieee80211_setup_htrates
                0x0000000040219134                ieee80211_setup_basic_htrates
                0x0000000040219480                ieee80211_add_htcap
                0x000000004021949c                ieee80211_add_htcap_vendor
                0x00000000402195c0                ieee80211_add_htinfo
                0x00000000402195dc                ieee80211_add_htinfo_vendor
 *fill*         0x0000000040219816        0x2 
 .irom0.text    0x0000000040219818      0xa8c /opt/esp-open-sdk/sdk/lib/libnet80211.a(ieee80211_input.o)
                                        0xb1c (size before relaxing)
                0x0000000040219818                ieee80211_deliver_data
                0x000000004021986c                ieee80211_decap
                0x0000000040219970                ieee80211_setup_rates
                0x00000000402199e0                ieee80211_alloc_challenge
                0x0000000040219a1c                ieee80211_parse_beacon
                0x0000000040219ff0                ieee80211_parse_wpa
                0x000000004021a104                ieee80211_parse_rsn
                0x000000004021a204                ieee80211_parse_action
                0x000000004021a2a0                ieee80211_setup_rateset
 .irom0.text    0x000000004021a2a4      0x2a6 /opt/esp-open-sdk/sdk/lib/libnet80211.a(ieee80211_mesh_quick.o)
                                        0x302 (size before relaxing)
                0x000000004021a2b0                ieee80211_mesh_quick_init
                0x000000004021a320                ieee80211_mesh_quick_deinit
                0x000000004021a350                ieee80211_mesh_quick_set
                0x000000004021a44c                ieee80211_mesh_quick_get
                0x000000004021a518                ieee80211_mesh_quick_ie_add
 *fill*         0x000000004021a54a        0x2 
 .irom0.text    0x000000004021a54c     0x1c56 /opt/esp-open-sdk/sdk/lib/libnet80211.a(ieee80211_output.o)
                                       0x1ff2 (size before relaxing)
                0x000000004021a550                ieee80211_output_pbuf
                0x000000004021a7c0                ieee80211_send_setup
                0x000000004021a8f4                ieee80211_mgmt_output
                0x000000004021a9d8                ieee80211_tx_mgt_cb
                0x000000004021a9dc                ieee80211_send_nulldata
                0x000000004021ae4c                ieee80211_add_rates
                0x000000004021ae9c                ieee80211_add_xrates
                0x000000004021af6c                ieee80211_send_probereq
                0x000000004021b180                ieee80211_getcapinfo
                0x000000004021b1dc                ieee80211_send_mgmt
                0x000000004021b784                ieee80211_alloc_proberesp
                0x000000004021b95c                ieee80211_send_proberesp
                0x000000004021baa4                ieee80211_alloc_deauth
                0x000000004021bae4                ieee80211_send_deauth
                0x000000004021bc20                ieee80211_freedom_output
                0x000000004021c00c                ieee80211_beacon_alloc
 *fill*         0x000000004021c1a2        0x2 
 .irom0.text    0x000000004021c1a4       0xe0 /opt/esp-open-sdk/sdk/lib/libnet80211.a(ieee80211_phy.o)
                                        0x108 (size before relaxing)
                0x000000004021c1a4                ieee80211_phy_init
                0x000000004021c1d8                ieee80211_phy_type_get
                0x000000004021c1f4                ieee80211_setup_ratetable
 .irom0.text    0x000000004021c284      0x1b6 /opt/esp-open-sdk/sdk/lib/libnet80211.a(ieee80211_power.o)
                                        0x1f2 (size before relaxing)
                0x000000004021c284                ieee80211_psq_init
                0x000000004021c2a4                ieee80211_psq_cleanup
                0x000000004021c2ac                ieee80211_set_tim
                0x000000004021c2ec                ieee80211_pwrsave
                0x000000004021c354                pwrsave_flushq
                0x000000004021c404                ieee80211_node_pwrsave
 *fill*         0x000000004021c43a        0x2 
 .irom0.text    0x000000004021c43c      0x101 /opt/esp-open-sdk/sdk/lib/libnet80211.a(ieee80211_proto.o)
                                        0x129 (size before relaxing)
                0x000000004021c440                ieee80211_proto_attach
                0x000000004021c468                ieee80211_set_shortslottime
                0x000000004021c484                ieee80211_iserp_rateset
                0x000000004021c4b8                ieee80211_wme_initparams
                0x000000004021c4bc                ieee80211_wme_updateparams
                0x000000004021c4c4                ieee80211_mlme_connect_bss
 *fill*         0x000000004021c53d        0x3 
 .irom0.text    0x000000004021c540       0xaa /opt/esp-open-sdk/sdk/lib/libnet80211.a(ieee80211_rfid.o)
                                         0xd6 (size before relaxing)
                0x000000004021c540                ieee80211_rfid_locp_recv_open
                0x000000004021c578                ieee80211_rfid_locp_recv_close
                0x000000004021c590                ieee80211_rfid_locp_recv_reset
                0x000000004021c5b0                ieee80211_rfid_locp_recv
                0x000000004021c5cc                register_ieee80211_rfid_locp_recv_cb
                0x000000004021c5e0                unregister_ieee80211_rfid_locp_recv_cb
 *fill*         0x000000004021c5ea        0x2 
 .irom0.text    0x000000004021c5ec      0xf51 /opt/esp-open-sdk/sdk/lib/libnet80211.a(ieee80211_scan.o)
                                       0x12a1 (size before relaxing)
                0x000000004021c5f8                ieee80211_scan_attach
                0x000000004021c68c                scan_start
                0x000000004021c84c                scan_pm_channel_op_cb
                0x000000004021c9ec                scan_cancel
                0x000000004021cb48                scan_add_bssid
                0x000000004021cb6c                scan_remove_bssid
                0x000000004021cb78                scan_hidden_ssid
                0x000000004021cb80                scan_add_probe_ssid
                0x000000004021cbd4                scan_remove_probe_ssid
                0x000000004021cd10                scan_clear_channles
                0x000000004021cd84                scan_set_desChan
                0x000000004021cd90                scan_get_type
                0x000000004021cd98                cannel_scan_connect_state
                0x000000004021cdb0                scan_connect_state
                0x000000004021cdf8                scan_check_hidden
                0x000000004021ce24                scan_profile_check
                0x000000004021d1cc                scan_parse_beacon
 *fill*         0x000000004021d53d        0x3 
 .irom0.text    0x000000004021d540     0x103e /opt/esp-open-sdk/sdk/lib/libnet80211.a(ieee80211_sta.o)
                                       0x12c1 (size before relaxing)
                0x000000004021d59c                sta_status_set
                0x000000004021d608                ieee80211_sta_new_state
                0x000000004021d998                sta_input
                0x000000004021dee4                ieee80211_parse_wmeparams
                0x000000004021e4d4                wifi_station_start
                0x000000004021e544                wifi_station_stop
 *fill*         0x000000004021e57e        0x2 
 .irom0.text    0x000000004021e580      0x29e /opt/esp-open-sdk/sdk/lib/libnet80211.a(wl_chm.o)
                                        0x31e (size before relaxing)
                0x000000004021e58c                chm_init
                0x000000004021e5f0                chm_acquire_lock
                0x000000004021e634                chm_release_lock
                0x000000004021e648                chm_start_op
                0x000000004021e6ec                chm_end_op
                0x000000004021e734                chm_cancel_op
                0x000000004021e768                chm_return_home_channel
                0x000000004021e798                chm_set_current_channel
                0x000000004021e7c8                chm_freq2index
                0x000000004021e7f0                chm_check_same_channel
 *fill*         0x000000004021e81e        0x2 
 .irom0.text    0x000000004021e820     0x17d9 /opt/esp-open-sdk/sdk/lib/libnet80211.a(wl_cnx.o)
                                       0x1d4d (size before relaxing)
                0x000000004021e82c                cnx_attach
                0x000000004021e86c                cnx_sta_connect_led_timer_cb
                0x000000004021e8c0                cnx_sta_connect_cmd
                0x000000004021e97c                cnx_sta_scan_cmd
                0x000000004021ebe4                cnx_connect_timeout
                0x000000004021ec60                cnx_auth_timeout
                0x000000004021ec84                cnx_assoc_timeout
                0x000000004021eca8                cnx_handshake_timeout
                0x000000004021ece8                cnx_start_handoff_cb
                0x000000004021f158                cnx_bss_alloc
                0x000000004021f1f8                cnx_rc_search
                0x000000004021f278                cnx_add_rc
                0x000000004021f2e4                cnx_remove_all_rc
                0x000000004021f330                cnx_remove_rc
                0x000000004021f400                cnx_rc_update_rssi
                0x000000004021f488                cnx_rc_update_state_metric
                0x000000004021f4f4                cnx_rc_update_age
                0x000000004021f518                cnx_update_bss
                0x000000004021f54c                cnx_update_bss_more
                0x000000004021f728                cnx_sta_leave
                0x000000004021f9bc                cnx_sta_associated
                0x000000004021fac4                cnx_node_alloc
                0x000000004021fb38                cnx_node_remove
                0x000000004021fbc4                cnx_node_search
                0x000000004021fc40                cnx_node_leave
                0x000000004021fd40                wifi_softap_staconnected_event_policy
                0x000000004021fd68                wifi_softap_toomany_deny
                0x000000004021fda4                cnx_node_join
 *fill*         0x000000004021fff9        0x3 
 .irom0.text    0x000000004021fffc      0x16f /opt/esp-open-sdk/sdk/lib/libnet80211.a(ieee80211_action.o)
                                        0x193 (size before relaxing)
                0x000000004022000c                ieee80211_send_action_register
                0x0000000040220040                ieee80211_send_action_unregister
                0x0000000040220054                ieee80211_send_action
                0x00000000402200c0                ieee80211_recv_action_register
                0x00000000402200f4                ieee80211_recv_action_unregister
                0x0000000040220108                ieee80211_recv_action
 *fill*         0x000000004022016b        0x1 
 .irom0.text    0x000000004022016c      0x479 /opt/esp-open-sdk/sdk/lib/libnet80211.a(ieee80211_action_vendor.o)
                                        0x505 (size before relaxing)
                0x0000000040220170                get_iav_key
                0x0000000040220190                register_ieee80211_action_vendor_get_key_cb
                0x00000000402201a4                unregister_ieee80211_action_vendor_get_key_cb
                0x00000000402201b8                ieee80211_add_action_vendor_spec_esp
                0x0000000040220200                ieee80211_alloc_action_vendor_spec
                0x00000000402202ec                ieee80211_send_action_vendor_spec
                0x0000000040220480                ieee80211_recv_action_vendor_spec
                0x0000000040220588                ieee80211_action_vendor_spec_attach
                0x00000000402205c8                register_ieee80211_action_vendor_spec_cb
                0x00000000402205dc                unregister_ieee80211_action_vendor_spec_cb
 *fill*         0x00000000402205e5        0x3 
 .irom0.text    0x00000000402205e8      0x15d /opt/esp-open-sdk/sdk/lib/libnet80211.a(ieee80211_crypto_ccmp.o)
                                        0x165 (size before relaxing)
 *fill*         0x0000000040220745        0x3 
 .irom0.text    0x0000000040220748      0x23d /opt/esp-open-sdk/sdk/lib/libnet80211.a(ieee80211_ie_vendor.o)
                                        0x25d (size before relaxing)
                0x000000004022074c                ieee80211_add_ie_vendor_esp_head
                0x0000000040220784                ieee80211_add_ie_vendor_esp_mesh_assoc
                0x0000000040220808                ieee80211_add_ie_vendor_esp_mesh_group
                0x0000000040220838                ieee80211_add_ie_vendor_esp_simple_pair
                0x0000000040220888                ieee80211_add_ie_vendor_esp_freq_annon
                0x00000000402208c0                ieee80211_add_ie_vendor_esp_now
                0x00000000402208f8                ieee80211_add_ie_vendor_esp_ssid
                0x0000000040220938                ieee80211_add_ie_vendor_esp_manufacturer
 *fill*         0x0000000040220985        0x3 
 .irom0.text    0x0000000040220988     0x13f0 /opt/sming/Sming/compiler/lib//liblwip_open.a(dhcp.o)
                                       0x15d8 (size before relaxing)
                0x0000000040221744                dhcp_set_struct
                0x0000000040221770                dhcp_cleanup
                0x0000000040221798                dhcp_inform
                0x0000000040221844                dhcp_network_changed
                0x0000000040221890                dhcp_arp_reply
                0x0000000040221940                dhcp_renew
                0x0000000040221a24                dhcp_coarse_tmr
                0x0000000040221ab0                dhcp_release
                0x0000000040221b80                dhcp_fine_tmr
                0x0000000040221c78                dhcp_stop
                0x0000000040221cb4                dhcp_start
 .irom0.text    0x0000000040221d78      0x5c3 /opt/sming/Sming/compiler/lib//liblwip_open.a(dns.o)
                                        0x677 (size before relaxing)
                0x000000004022217c                dns_setserver
                0x00000000402221a4                dns_init
                0x00000000402221e8                dns_getserver
                0x0000000040222200                dns_tmr
                0x0000000040222230                dns_gethostbyname
 *fill*         0x000000004022233b        0x1 
 .irom0.text    0x000000004022233c       0x51 /opt/sming/Sming/compiler/lib//liblwip_open.a(init.o)
                                         0x71 (size before relaxing)
                0x000000004022234c                lwip_init
 *fill*         0x000000004022238d        0x3 
 .irom0.text    0x0000000040222390      0x280 /opt/sming/Sming/compiler/lib//liblwip_open.a(netif.o)
                                        0x2dc (size before relaxing)
                0x0000000040222390                netif_init
                0x0000000040222394                netif_find
                0x00000000402223c8                netif_set_ipaddr
                0x0000000040222434                netif_set_addr
                0x0000000040222468                netif_add
                0x00000000402224dc                netif_set_gw
                0x00000000402224e4                netif_set_netmask
                0x00000000402224ec                netif_set_default
                0x00000000402224f4                netif_set_up
                0x0000000040222530                netif_set_down
                0x0000000040222550                netif_remove
                0x00000000402225b8                netif_set_link_up
                0x0000000040222600                netif_set_link_down
 .irom0.text    0x0000000040222610      0x750 /opt/sming/Sming/compiler/lib//liblwip_open.a(pbuf.o)
                                        0x794 (size before relaxing)
                0x0000000040222610                pbuf_free_ooseq_new
                0x000000004022266c                pbuf_header
                0x00000000402226fc                pbuf_free
                0x0000000040222794                pbuf_alloc
                0x0000000040222914                pbuf_realloc
                0x0000000040222960                pbuf_clen
                0x0000000040222974                pbuf_ref
                0x0000000040222980                pbuf_cat
                0x00000000402229b4                pbuf_chain
                0x00000000402229d0                pbuf_dechain
                0x0000000040222a08                pbuf_copy
                0x0000000040222acc                pbuf_copy_partial
                0x0000000040222b60                pbuf_take
                0x0000000040222bd4                pbuf_coalesce
                0x0000000040222c14                pbuf_get_at
                0x0000000040222c38                pbuf_memcmp
                0x0000000040222cb4                pbuf_memfind
                0x0000000040222d18                pbuf_strstr
 .irom0.text    0x0000000040222d60      0xb17 /opt/sming/Sming/compiler/lib//liblwip_open.a(tcp.o)
                                        0xc6b (size before relaxing)
                0x0000000040222d60                tcp_bind
                0x0000000040222de8                tcp_listen_with_backlog
                0x0000000040222ea8                tcp_update_rcv_ann_wnd
                0x0000000040222ef4                tcp_recved
                0x0000000040222f4c                tcp_seg_free
                0x0000000040222f78                tcp_segs_free
                0x0000000040222f98                tcp_setprio
                0x0000000040222fa0                tcp_seg_copy
                0x0000000040222fdc                tcp_arg
                0x0000000040222fe0                tcp_recv
                0x0000000040222fe8                tcp_sent
                0x0000000040222ff0                tcp_err
                0x0000000040222ff8                tcp_accept
                0x0000000040222ffc                tcp_poll
                0x0000000040223004                tcp_pcb_purge
                0x0000000040223064                tcp_slowtmr
                0x0000000040223314                tcp_pcb_remove
                0x0000000040223380                tcp_close
                0x00000000402233a8                tcp_recv_null
                0x00000000402233e0                tcp_fasttmr
                0x0000000040223474                tcp_tmr
                0x0000000040223498                tcp_shutdown
                0x00000000402234fc                tcp_abandon
                0x000000004022359c                tcp_abort
                0x00000000402235b4                tcp_next_iss
                0x00000000402235d4                tcp_alloc
                0x0000000040223720                tcp_new
                0x0000000040223734                tcp_eff_send_mss
                0x0000000040223768                tcp_connect
 *fill*         0x0000000040223877        0x1 
 .irom0.text    0x0000000040223878      0xf4f /opt/sming/Sming/compiler/lib//liblwip_open.a(tcp_out.o)
                                       0x105b (size before relaxing)
                0x0000000040223a70                tcp_write
                0x0000000040223d90                tcp_enqueue_flags
                0x0000000040223e50                tcp_send_fin
                0x0000000040223e9c                tcp_send_empty_ack
                0x0000000040223f38                tcp_output
                0x000000004022435c                tcp_rst
                0x00000000402244a0                tcp_rexmit_rto
                0x0000000040224524                tcp_rexmit
                0x00000000402245d0                tcp_rexmit_fast
                0x0000000040224634                tcp_keepalive
                0x00000000402246b8                tcp_zero_window_probe
 *fill*         0x00000000402247c7        0x1 
 .irom0.text    0x00000000402247c8      0x283 /opt/sming/Sming/compiler/lib//liblwip_open.a(timers.o)
                                        0x30f (size before relaxing)
                0x00000000402247d0                sys_timeout
                0x0000000040224860                tcp_timer_needed
                0x00000000402248d0                sys_timeouts_init
                0x000000004022495c                sys_untimeout
                0x00000000402249b4                sys_check_timeouts
                0x0000000040224a3c                sys_restart_timeouts
 *fill*         0x0000000040224a4b        0x1 
 .irom0.text    0x0000000040224a4c      0x50c /opt/sming/Sming/compiler/lib//liblwip_open.a(udp.o)
                                        0x58c (size before relaxing)
                0x0000000040224a58                udp_input
                0x0000000040224c28                udp_bind
                0x0000000040224ca4                udp_sendto_if
                0x0000000040224dec                udp_sendto
                0x0000000040224e40                udp_send
                0x0000000040224e5c                udp_connect
                0x0000000040224ec4                udp_disconnect
                0x0000000040224ed8                udp_recv
                0x0000000040224ee4                udp_remove
                0x0000000040224f20                udp_new
 .irom0.text    0x0000000040224f58      0x220 /opt/sming/Sming/compiler/lib//liblwip_open.a(icmp.o)
                                        0x2a8 (size before relaxing)
                0x0000000040224f58                icmp_input
                0x00000000402250d0                icmp_dest_unreach
 .irom0.text    0x0000000040225178      0x5b6 /opt/sming/Sming/compiler/lib//liblwip_open.a(igmp.o)
                                        0x636 (size before relaxing)
                0x0000000040225314                igmp_init
                0x0000000040225328                igmp_stop
                0x0000000040225394                igmp_report_groups
                0x00000000402253c4                igmp_lookfor_group
                0x00000000402253e0                igmp_start
                0x000000004022543c                igmp_input
                0x000000004022555c                igmp_joingroup
                0x000000004022561c                igmp_leavegroup
                0x00000000402256f4                igmp_tmr
 *fill*         0x000000004022572e        0x2 
 .irom0.text    0x0000000040225730      0x384 /opt/sming/Sming/compiler/lib//liblwip_open.a(ip_addr.o)
                                        0x3a8 (size before relaxing)
                0x0000000040225730                ip4_addr_isbroadcast
                0x0000000040225768                ip4_addr_netmask_valid
                0x00000000402257b8                ipaddr_aton
                0x00000000402259a8                ipaddr_addr
                0x00000000402259c4                ipaddr_ntoa_r
                0x0000000040225aa0                ipaddr_ntoa
 .irom0.text    0x0000000040225ab4      0x5c2 /opt/sming/Sming/compiler/lib//liblwip_open.a(ip.o)
                                        0x662 (size before relaxing)
                0x0000000040225ab4                ip_route
                0x0000000040225b2c                ip_router
                0x0000000040225b90                ip_input
                0x0000000040225df0                ip_output_if_opt
                0x0000000040226000                ip_output_if
                0x0000000040226028                ip_output
 *fill*         0x0000000040226076        0x2 
 .irom0.text    0x0000000040226078      0x8a7 /opt/sming/Sming/compiler/lib//liblwip_open.a(etharp.o)
                                        0x9a3 (size before relaxing)
                0x0000000040226210                etharp_tmr
                0x0000000040226268                etharp_cleanup_netif
                0x00000000402262a4                etharp_find_addr
                0x00000000402262f4                etharp_request
                0x000000004022643c                etharp_query
                0x00000000402265d8                etharp_output
                0x00000000402266d0                ethernet_input
 *fill*         0x000000004022691f        0x1 
 .irom0.text    0x0000000040226920      0xbfb /opt/sming/Sming/compiler/lib//liblwip_open.a(dhcpserver.o)
                                        0xd97 (size before relaxing)
                0x0000000040226b18                node_insert_to_list
                0x0000000040226b54                node_remove_from_list
                0x0000000040227098                dhcps_start
                0x000000004022721c                dhcps_stop
                0x0000000040227288                wifi_softap_set_dhcps_lease
                0x0000000040227374                wifi_softap_get_dhcps_lease
                0x00000000402273bc                dhcps_coarse_tmr
                0x0000000040227478                wifi_softap_set_dhcps_offer_option
                0x00000000402274b8                wifi_softap_set_dhcps_lease_time
                0x00000000402274e8                wifi_softap_reset_dhcps_lease_time
                0x0000000040227514                wifi_softap_get_dhcps_lease_time
 *fill*         0x000000004022751b        0x1 
 .irom0.text    0x000000004022751c      0x1f1 /opt/sming/Sming/compiler/lib//liblwip_open.a(raw.o)
                                        0x23d (size before relaxing)
                0x0000000040227520                raw_input
                0x00000000402275a8                raw_bind
                0x00000000402275b4                raw_connect
                0x00000000402275c0                raw_recv
                0x00000000402275c8                raw_sendto
                0x000000004022766c                raw_send
                0x0000000040227688                raw_remove
                0x00000000402276c4                raw_new
 *fill*         0x000000004022770d        0x3 
 .irom0.text    0x0000000040227710     0x1387 /opt/sming/Sming/compiler/lib//liblwip_open.a(tcp_in.o)
                                       0x154f (size before relaxing)
                0x0000000040228128                tcp_input
 *fill*         0x0000000040228a97        0x1 
 .irom0.text    0x0000000040228a98      0x2aa /opt/esp-open-sdk/sdk/lib/libwpa.a(ap_config.o)
                                        0x2ee (size before relaxing)
                0x0000000040228a9c                hostapd_config_defaults_bss
                0x0000000040228ae8                hostapd_config_defaults
                0x0000000040228b6c                hostapd_mac_comp
                0x0000000040228b80                hostapd_mac_comp_empty
                0x0000000040228bec                hostapd_setup_wpa_psk
                0x0000000040228c1c                hostapd_wep_key_cmp
                0x0000000040228c6c                hostapd_maclist_found
                0x0000000040228cd4                hostapd_rate_found
                0x0000000040228cf0                hostapd_get_psk
 *fill*         0x0000000040228d42        0x2 
 .irom0.text    0x0000000040228d44      0x2b6 /opt/esp-open-sdk/sdk/lib/libwpa.a(common.o)
                                        0x302 (size before relaxing)
                0x0000000040228d44                inc_byte_array
                0x0000000040228d98                hex2byte
                0x0000000040228dcc                hexstr2bin
                0x0000000040228e18                wpa_get_ntp_timestamp
                0x0000000040228eb0                wpa_config_parse_string
                0x0000000040228fb4                dup_binstr
 *fill*         0x0000000040228ffa        0x2 
 .irom0.text    0x0000000040228ffc       0xcc /opt/esp-open-sdk/sdk/lib/libwpa.a(os_xtensa.o)
                                         0xdc (size before relaxing)
                0x0000000040229000                ets_strdup
                0x0000000040229044                os_get_time
                0x0000000040229048                r_rand
                0x000000004022905c                os_random
                0x000000004022906c                os_get_random
 .irom0.text    0x00000000402290c8     0x1c86 /opt/esp-open-sdk/sdk/lib/libwpa.a(wpa_auth.o)
                                       0x1f66 (size before relaxing)
                0x0000000040229214                wpa_auth_for_each_sta
                0x0000000040229394                wpa_init
                0x0000000040229424                wpa_auth_sta_init
                0x000000004022946c                wpa_auth_sta_associated
                0x00000000402294d8                wpa_auth_sta_no_wpa
                0x0000000040229534                wpa_auth_sta_deinit
                0x0000000040229604                wpa_receive
                0x0000000040229a68                __wpa_send_eapol
                0x0000000040229f8c                wpa_remove_ptk
                0x0000000040229fd8                wpa_auth_sm_event
 *fill*         0x000000004022ad4e        0x2 
 .irom0.text    0x000000004022ad50      0x582 /opt/esp-open-sdk/sdk/lib/libwpa.a(wpa_auth_ie.o)
                                        0x5f6 (size before relaxing)
                0x000000004022ae14                wpa_write_rsn_ie
                0x000000004022af20                wpa_auth_gen_wpa_ie
                0x000000004022afb0                wpa_add_kde
                0x000000004022b01c                wpa_validate_wpa_ie
                0x000000004022b228                wpa_parse_kde_ies
                0x000000004022b2c4                wpa_auth_uses_mfp
 *fill*         0x000000004022b2d2        0x2 
 .irom0.text    0x000000004022b2d4     0x14d0 /opt/esp-open-sdk/sdk/lib/libwpa.a(wpa.o)
                                       0x1708 (size before relaxing)
                0x000000004022c260                wpa_sm_rx_eapol
                0x000000004022c3d8                wpa_register
                0x000000004022c404                wpa_set_profile
                0x000000004022c41c                wpa_set_pmk
                0x000000004022c448                wpa_set_bss
                0x000000004022c64c                pp_michael_mic_failure
                0x000000004022c6f0                eapol_txcb
                0x000000004022c77c                wpa_sm_set_state